[2025-10-17T03:45:13.081+0200] {local_task_job_runner.py:120} INFO - ::group::Pre task execution logs
[2025-10-17T03:45:13.134+0200] {taskinstance.py:2076} INFO - Dependencies all met for dep_context=non-requeueable deps ti=<TaskInstance: etl_api_to_bi.dbt_build scheduled__2025-10-17T01:30:00+00:00 [queued]>
[2025-10-17T03:45:13.148+0200] {taskinstance.py:2076} INFO - Dependencies all met for dep_context=requeueable deps ti=<TaskInstance: etl_api_to_bi.dbt_build scheduled__2025-10-17T01:30:00+00:00 [queued]>
[2025-10-17T03:45:13.149+0200] {taskinstance.py:2306} INFO - Starting attempt 1 of 3
[2025-10-17T03:45:13.164+0200] {taskinstance.py:2330} INFO - Executing <Task(BashOperator): dbt_build> on 2025-10-17 01:30:00+00:00
[2025-10-17T03:45:13.174+0200] {standard_task_runner.py:64} INFO - Started process 559 to run task
[2025-10-17T03:45:13.180+0200] {standard_task_runner.py:90} INFO - Running: ['airflow', 'tasks', 'run', 'etl_api_to_bi', 'dbt_build', 'scheduled__2025-10-17T01:30:00+00:00', '--job-id', '16', '--raw', '--subdir', 'DAGS_FOLDER/etl_api_to_bi.py', '--cfg-path', '/tmp/tmpa9uskv3x']
[2025-10-17T03:45:13.185+0200] {standard_task_runner.py:91} INFO - Job 16: Subtask dbt_build
[2025-10-17T03:45:13.299+0200] {task_command.py:426} INFO - Running <TaskInstance: etl_api_to_bi.dbt_build scheduled__2025-10-17T01:30:00+00:00 [running]> on host af95d5ead002
[2025-10-17T03:45:13.639+0200] {taskinstance.py:2648} INFO - Exporting env vars: AIRFLOW_CTX_DAG_OWNER='data' AIRFLOW_CTX_DAG_ID='etl_api_to_bi' AIRFLOW_CTX_TASK_ID='dbt_build' AIRFLOW_CTX_EXECUTION_DATE='2025-10-17T01:30:00+00:00' AIRFLOW_CTX_TRY_NUMBER='1' AIRFLOW_CTX_DAG_RUN_ID='scheduled__2025-10-17T01:30:00+00:00'
[2025-10-17T03:45:13.641+0200] {taskinstance.py:430} INFO - ::endgroup::
[2025-10-17T03:45:13.656+0200] {subprocess.py:63} INFO - Tmp dir root location: /tmp
[2025-10-17T03:45:13.657+0200] {subprocess.py:75} INFO - Running command: ['/usr/bin/bash', '-c', "docker exec dbt bash -lc 'cd /usr/app && dbt build --fail-fast --profiles-dir /root/.dbt'"]
[2025-10-17T03:45:13.673+0200] {subprocess.py:86} INFO - Output:
[2025-10-17T03:45:15.501+0200] {subprocess.py:93} INFO - [0m01:45:15  Running with dbt=1.8.3
[2025-10-17T03:45:15.859+0200] {subprocess.py:93} INFO - [0m01:45:15  Registered adapter: postgres=1.8.2
[2025-10-17T03:45:17.594+0200] {subprocess.py:93} INFO - [0m01:45:17  Found 6 models, 11 data tests, 531 macros
[2025-10-17T03:45:17.601+0200] {subprocess.py:93} INFO - [0m01:45:17
[2025-10-17T03:45:17.874+0200] {subprocess.py:93} INFO - [0m01:45:17  Concurrency: 4 threads (target='dev')
[2025-10-17T03:45:17.876+0200] {subprocess.py:93} INFO - [0m01:45:17
[2025-10-17T03:45:17.886+0200] {subprocess.py:93} INFO - [0m01:45:17  1 of 17 START sql view model public_staging.stg_customers ...................... [RUN]
[2025-10-17T03:45:17.888+0200] {subprocess.py:93} INFO - [0m01:45:17  2 of 17 START sql view model public_staging.stg_payments ....................... [RUN]
[2025-10-17T03:45:17.891+0200] {subprocess.py:93} INFO - [0m01:45:17  3 of 17 START sql view model public_staging.stg_sessions ....................... [RUN]
[2025-10-17T03:45:18.189+0200] {subprocess.py:93} INFO - [0m01:45:18  2 of 17 OK created sql view model public_staging.stg_payments .................. [[32mCREATE VIEW[0m in 0.29s]
[2025-10-17T03:45:18.194+0200] {subprocess.py:93} INFO - [0m01:45:18  1 of 17 OK created sql view model public_staging.stg_customers ................. [[32mCREATE VIEW[0m in 0.29s]
[2025-10-17T03:45:18.198+0200] {subprocess.py:93} INFO - [0m01:45:18  3 of 17 OK created sql view model public_staging.stg_sessions .................. [[32mCREATE VIEW[0m in 0.29s]
[2025-10-17T03:45:18.209+0200] {subprocess.py:93} INFO - [0m01:45:18  4 of 17 START test accepted_values_stg_payments_status__succeeded__failed__refunded  [RUN]
[2025-10-17T03:45:18.211+0200] {subprocess.py:93} INFO - [0m01:45:18  5 of 17 START test not_null_stg_payments_payment_id ............................ [RUN]
[2025-10-17T03:45:18.216+0200] {subprocess.py:93} INFO - [0m01:45:18  6 of 17 START test unique_stg_payments_payment_id .............................. [RUN]
[2025-10-17T03:45:18.223+0200] {subprocess.py:93} INFO - [0m01:45:18  7 of 17 START test not_null_stg_customers_country .............................. [RUN]
[2025-10-17T03:45:18.444+0200] {subprocess.py:93} INFO - [0m01:45:18  5 of 17 PASS not_null_stg_payments_payment_id .................................. [[32mPASS[0m in 0.22s]
[2025-10-17T03:45:18.458+0200] {subprocess.py:93} INFO - [0m01:45:18  8 of 17 START test not_null_stg_customers_customer_id .......................... [RUN]
[2025-10-17T03:45:18.477+0200] {subprocess.py:93} INFO - [0m01:45:18  7 of 17 PASS not_null_stg_customers_country .................................... [[32mPASS[0m in 0.25s]
[2025-10-17T03:45:18.492+0200] {subprocess.py:93} INFO - [0m01:45:18  4 of 17 PASS accepted_values_stg_payments_status__succeeded__failed__refunded .. [[32mPASS[0m in 0.28s]
[2025-10-17T03:45:18.496+0200] {subprocess.py:93} INFO - [0m01:45:18  6 of 17 PASS unique_stg_payments_payment_id .................................... [[32mPASS[0m in 0.27s]
[2025-10-17T03:45:18.505+0200] {subprocess.py:93} INFO - [0m01:45:18  9 of 17 START test unique_stg_customers_customer_id ............................ [RUN]
[2025-10-17T03:45:18.514+0200] {subprocess.py:93} INFO - [0m01:45:18  10 of 17 START test accepted_values_stg_sessions_source__google__direct__facebook__linkedin__newsletter__referral__bing  [RUN]
[2025-10-17T03:45:18.521+0200] {subprocess.py:93} INFO - [0m01:45:18  11 of 17 START test not_null_stg_sessions_session_id ........................... [RUN]
[2025-10-17T03:45:18.629+0200] {subprocess.py:93} INFO - [0m01:45:18  8 of 17 PASS not_null_stg_customers_customer_id ................................ [[32mPASS[0m in 0.16s]
[2025-10-17T03:45:18.643+0200] {subprocess.py:93} INFO - [0m01:45:18  12 of 17 START test unique_stg_sessions_session_id ............................. [RUN]
[2025-10-17T03:45:18.665+0200] {subprocess.py:93} INFO - [0m01:45:18  9 of 17 PASS unique_stg_customers_customer_id .................................. [[32mPASS[0m in 0.15s]
[2025-10-17T03:45:18.685+0200] {subprocess.py:93} INFO - [0m01:45:18  13 of 17 START sql table model public_analytics.fct_revenue_daily .............. [RUN]
[2025-10-17T03:45:18.692+0200] {subprocess.py:93} INFO - [0m01:45:18  11 of 17 PASS not_null_stg_sessions_session_id ................................. [[32mPASS[0m in 0.16s]
[2025-10-17T03:45:18.717+0200] {subprocess.py:93} INFO - [0m01:45:18  14 of 17 START sql table model public_analytics.dim_customer ................... [RUN]
[2025-10-17T03:45:18.724+0200] {subprocess.py:93} INFO - [0m01:45:18  10 of 17 PASS accepted_values_stg_sessions_source__google__direct__facebook__linkedin__newsletter__referral__bing  [[32mPASS[0m in 0.20s]
[2025-10-17T03:45:18.843+0200] {subprocess.py:93} INFO - [0m01:45:18  12 of 17 PASS unique_stg_sessions_session_id ................................... [[32mPASS[0m in 0.19s]
[2025-10-17T03:45:18.854+0200] {subprocess.py:93} INFO - [0m01:45:18  15 of 17 START sql table model public_analytics.fct_marketing_attribution ...... [RUN]
[2025-10-17T03:45:18.985+0200] {subprocess.py:93} INFO - [0m01:45:18  14 of 17 OK created sql table model public_analytics.dim_customer .............. [[32mSELECT 1000[0m in 0.26s]
[2025-10-17T03:45:18.993+0200] {subprocess.py:93} INFO - [0m01:45:18  13 of 17 OK created sql table model public_analytics.fct_revenue_daily ......... [[32mSELECT 4329[0m in 0.30s]
[2025-10-17T03:45:19.001+0200] {subprocess.py:93} INFO - [0m01:45:18  16 of 17 START test not_null_fct_revenue_daily_order_day ....................... [RUN]
[2025-10-17T03:45:19.110+0200] {subprocess.py:93} INFO - [0m01:45:19  16 of 17 PASS not_null_fct_revenue_daily_order_day ............................. [[32mPASS[0m in 0.11s]
[2025-10-17T03:45:19.158+0200] {subprocess.py:93} INFO - [0m01:45:19  15 of 17 OK created sql table model public_analytics.fct_marketing_attribution . [[32mSELECT 5705[0m in 0.30s]
[2025-10-17T03:45:19.167+0200] {subprocess.py:93} INFO - [0m01:45:19  17 of 17 START test not_null_fct_marketing_attribution_session_day ............. [RUN]
[2025-10-17T03:45:19.242+0200] {subprocess.py:93} INFO - [0m01:45:19  17 of 17 PASS not_null_fct_marketing_attribution_session_day ................... [[32mPASS[0m in 0.07s]
[2025-10-17T03:45:19.280+0200] {subprocess.py:93} INFO - [0m01:45:19
[2025-10-17T03:45:19.281+0200] {subprocess.py:93} INFO - [0m01:45:19  Finished running 3 view models, 11 data tests, 3 table models in 0 hours 0 minutes and 1.68 seconds (1.68s).
[2025-10-17T03:45:19.371+0200] {subprocess.py:93} INFO - [0m01:45:19
[2025-10-17T03:45:19.373+0200] {subprocess.py:93} INFO - [0m01:45:19  [32mCompleted successfully[0m
[2025-10-17T03:45:19.375+0200] {subprocess.py:93} INFO - [0m01:45:19
[2025-10-17T03:45:19.376+0200] {subprocess.py:93} INFO - [0m01:45:19  Done. PASS=17 WARN=0 ERROR=0 SKIP=0 TOTAL=17
[2025-10-17T03:45:20.209+0200] {subprocess.py:97} INFO - Command exited with return code 0
[2025-10-17T03:45:20.210+0200] {taskinstance.py:441} INFO - ::group::Post task execution logs
[2025-10-17T03:45:20.255+0200] {taskinstance.py:1206} INFO - Marking task as SUCCESS. dag_id=etl_api_to_bi, task_id=dbt_build, run_id=scheduled__2025-10-17T01:30:00+00:00, execution_date=20251017T013000, start_date=20251017T014513, end_date=20251017T014520
[2025-10-17T03:45:20.305+0200] {local_task_job_runner.py:243} INFO - Task exited with return code 0
[2025-10-17T03:45:20.326+0200] {taskinstance.py:3503} INFO - 0 downstream tasks scheduled from follow-on schedule check
[2025-10-17T03:45:20.330+0200] {local_task_job_runner.py:222} INFO - ::endgroup::
