[2025-10-17T22:18:13.135+0200] {local_task_job_runner.py:120} INFO - ::group::Pre task execution logs
[2025-10-17T22:18:13.188+0200] {taskinstance.py:2076} INFO - Dependencies all met for dep_context=non-requeueable deps ti=<TaskInstance: etl_api_to_bi.dbt_deps scheduled__2025-10-17T20:00:00+00:00 [queued]>
[2025-10-17T22:18:13.201+0200] {taskinstance.py:2076} INFO - Dependencies all met for dep_context=requeueable deps ti=<TaskInstance: etl_api_to_bi.dbt_deps scheduled__2025-10-17T20:00:00+00:00 [queued]>
[2025-10-17T22:18:13.202+0200] {taskinstance.py:2306} INFO - Starting attempt 1 of 3
[2025-10-17T22:18:13.217+0200] {taskinstance.py:2330} INFO - Executing <Task(BashOperator): dbt_deps> on 2025-10-17 20:00:00+00:00
[2025-10-17T22:18:13.226+0200] {standard_task_runner.py:64} INFO - Started process 185 to run task
[2025-10-17T22:18:13.231+0200] {standard_task_runner.py:90} INFO - Running: ['airflow', 'tasks', 'run', 'etl_api_to_bi', 'dbt_deps', 'scheduled__2025-10-17T20:00:00+00:00', '--job-id', '26', '--raw', '--subdir', 'DAGS_FOLDER/etl_api_to_bi.py', '--cfg-path', '/tmp/tmp9d1uovc5']
[2025-10-17T22:18:13.234+0200] {standard_task_runner.py:91} INFO - Job 26: Subtask dbt_deps
[2025-10-17T22:18:13.370+0200] {task_command.py:426} INFO - Running <TaskInstance: etl_api_to_bi.dbt_deps scheduled__2025-10-17T20:00:00+00:00 [running]> on host fe379a10f98a
[2025-10-17T22:18:13.702+0200] {taskinstance.py:2648} INFO - Exporting env vars: AIRFLOW_CTX_DAG_OWNER='data' AIRFLOW_CTX_DAG_ID='etl_api_to_bi' AIRFLOW_CTX_TASK_ID='dbt_deps' AIRFLOW_CTX_EXECUTION_DATE='2025-10-17T20:00:00+00:00' AIRFLOW_CTX_TRY_NUMBER='1' AIRFLOW_CTX_DAG_RUN_ID='scheduled__2025-10-17T20:00:00+00:00'
[2025-10-17T22:18:13.703+0200] {taskinstance.py:430} INFO - ::endgroup::
[2025-10-17T22:18:13.715+0200] {subprocess.py:63} INFO - Tmp dir root location: /tmp
[2025-10-17T22:18:13.717+0200] {subprocess.py:75} INFO - Running command: ['/usr/bin/bash', '-c', "docker exec dbt bash -lc 'cd /usr/app && dbt deps --profiles-dir /root/.dbt'"]
[2025-10-17T22:18:13.733+0200] {subprocess.py:86} INFO - Output:
[2025-10-17T22:18:16.101+0200] {subprocess.py:93} INFO - [0m20:18:16  Running with dbt=1.8.3
[2025-10-17T22:18:17.734+0200] {subprocess.py:93} INFO - [0m20:18:17  Installing dbt-labs/dbt_utils
[2025-10-17T22:18:25.376+0200] {subprocess.py:93} INFO - [0m20:18:25  Installed from version 1.3.1
[2025-10-17T22:18:25.378+0200] {subprocess.py:93} INFO - [0m20:18:25  Up to date!
[2025-10-17T22:18:26.552+0200] {subprocess.py:97} INFO - Command exited with return code 0
[2025-10-17T22:18:26.554+0200] {taskinstance.py:441} INFO - ::group::Post task execution logs
[2025-10-17T22:18:26.647+0200] {taskinstance.py:1206} INFO - Marking task as SUCCESS. dag_id=etl_api_to_bi, task_id=dbt_deps, run_id=scheduled__2025-10-17T20:00:00+00:00, execution_date=20251017T200000, start_date=20251017T201813, end_date=20251017T201826
[2025-10-17T22:18:26.700+0200] {local_task_job_runner.py:243} INFO - Task exited with return code 0
[2025-10-17T22:18:26.737+0200] {taskinstance.py:3503} INFO - 1 downstream tasks scheduled from follow-on schedule check
[2025-10-17T22:18:26.739+0200] {local_task_job_runner.py:222} INFO - ::endgroup::
