[2025-10-17T22:30:19.629+0200] {local_task_job_runner.py:120} INFO - ::group::Pre task execution logs
[2025-10-17T22:30:19.683+0200] {taskinstance.py:2076} INFO - Dependencies all met for dep_context=non-requeueable deps ti=<TaskInstance: etl_api_to_bi.dbt_build scheduled__2025-10-17T20:15:00+00:00 [queued]>
[2025-10-17T22:30:19.695+0200] {taskinstance.py:2076} INFO - Dependencies all met for dep_context=requeueable deps ti=<TaskInstance: etl_api_to_bi.dbt_build scheduled__2025-10-17T20:15:00+00:00 [queued]>
[2025-10-17T22:30:19.696+0200] {taskinstance.py:2306} INFO - Starting attempt 1 of 3
[2025-10-17T22:30:19.714+0200] {taskinstance.py:2330} INFO - Executing <Task(BashOperator): dbt_build> on 2025-10-17 20:15:00+00:00
[2025-10-17T22:30:19.727+0200] {standard_task_runner.py:64} INFO - Started process 361 to run task
[2025-10-17T22:30:19.732+0200] {standard_task_runner.py:90} INFO - Running: ['airflow', 'tasks', 'run', 'etl_api_to_bi', 'dbt_build', 'scheduled__2025-10-17T20:15:00+00:00', '--job-id', '32', '--raw', '--subdir', 'DAGS_FOLDER/etl_api_to_bi.py', '--cfg-path', '/tmp/tmph0c9wk3y']
[2025-10-17T22:30:19.736+0200] {standard_task_runner.py:91} INFO - Job 32: Subtask dbt_build
[2025-10-17T22:30:19.860+0200] {task_command.py:426} INFO - Running <TaskInstance: etl_api_to_bi.dbt_build scheduled__2025-10-17T20:15:00+00:00 [running]> on host fe379a10f98a
[2025-10-17T22:30:20.212+0200] {taskinstance.py:2648} INFO - Exporting env vars: AIRFLOW_CTX_DAG_OWNER='data' AIRFLOW_CTX_DAG_ID='etl_api_to_bi' AIRFLOW_CTX_TASK_ID='dbt_build' AIRFLOW_CTX_EXECUTION_DATE='2025-10-17T20:15:00+00:00' AIRFLOW_CTX_TRY_NUMBER='1' AIRFLOW_CTX_DAG_RUN_ID='scheduled__2025-10-17T20:15:00+00:00'
[2025-10-17T22:30:20.213+0200] {taskinstance.py:430} INFO - ::endgroup::
[2025-10-17T22:30:20.231+0200] {subprocess.py:63} INFO - Tmp dir root location: /tmp
[2025-10-17T22:30:20.233+0200] {subprocess.py:75} INFO - Running command: ['/usr/bin/bash', '-c', "docker exec dbt bash -lc 'cd /usr/app && dbt build --fail-fast --profiles-dir /root/.dbt'"]
[2025-10-17T22:30:20.251+0200] {subprocess.py:86} INFO - Output:
[2025-10-17T22:30:23.897+0200] {subprocess.py:93} INFO - [0m20:30:23  Running with dbt=1.8.3
[2025-10-17T22:30:24.540+0200] {subprocess.py:93} INFO - [0m20:30:24  Registered adapter: postgres=1.8.2
[2025-10-17T22:30:27.634+0200] {subprocess.py:93} INFO - [0m20:30:27  Found 6 models, 11 data tests, 531 macros
[2025-10-17T22:30:27.644+0200] {subprocess.py:93} INFO - [0m20:30:27
[2025-10-17T22:30:27.942+0200] {subprocess.py:93} INFO - [0m20:30:27  Concurrency: 4 threads (target='dev')
[2025-10-17T22:30:27.945+0200] {subprocess.py:93} INFO - [0m20:30:27
[2025-10-17T22:30:27.960+0200] {subprocess.py:93} INFO - [0m20:30:27  1 of 17 START sql view model public_staging.stg_customers ...................... [RUN]
[2025-10-17T22:30:27.964+0200] {subprocess.py:93} INFO - [0m20:30:27  2 of 17 START sql view model public_staging.stg_payments ....................... [RUN]
[2025-10-17T22:30:27.966+0200] {subprocess.py:93} INFO - [0m20:30:27  3 of 17 START sql view model public_staging.stg_sessions ....................... [RUN]
[2025-10-17T22:30:28.520+0200] {subprocess.py:93} INFO - [0m20:30:28  3 of 17 OK created sql view model public_staging.stg_sessions .................. [[32mCREATE VIEW[0m in 0.53s]
[2025-10-17T22:30:28.523+0200] {subprocess.py:93} INFO - [0m20:30:28  2 of 17 OK created sql view model public_staging.stg_payments .................. [[32mCREATE VIEW[0m in 0.54s]
[2025-10-17T22:30:28.533+0200] {subprocess.py:93} INFO - [0m20:30:28  1 of 17 OK created sql view model public_staging.stg_customers ................. [[32mCREATE VIEW[0m in 0.56s]
[2025-10-17T22:30:28.546+0200] {subprocess.py:93} INFO - [0m20:30:28  4 of 17 START test accepted_values_stg_sessions_source__google__direct__facebook__linkedin__newsletter__referral__bing  [RUN]
[2025-10-17T22:30:28.548+0200] {subprocess.py:93} INFO - [0m20:30:28  5 of 17 START test not_null_stg_sessions_session_id ............................ [RUN]
[2025-10-17T22:30:28.550+0200] {subprocess.py:93} INFO - [0m20:30:28  6 of 17 START test unique_stg_sessions_session_id .............................. [RUN]
[2025-10-17T22:30:28.564+0200] {subprocess.py:93} INFO - [0m20:30:28  7 of 17 START test accepted_values_stg_payments_status__succeeded__failed__refunded  [RUN]
[2025-10-17T22:30:28.891+0200] {subprocess.py:93} INFO - [0m20:30:28  5 of 17 PASS not_null_stg_sessions_session_id .................................. [[32mPASS[0m in 0.33s]
[2025-10-17T22:30:28.914+0200] {subprocess.py:93} INFO - [0m20:30:28  8 of 17 START test not_null_stg_payments_payment_id ............................ [RUN]
[2025-10-17T22:30:28.920+0200] {subprocess.py:93} INFO - [0m20:30:28  6 of 17 PASS unique_stg_sessions_session_id .................................... [[32mPASS[0m in 0.36s]
[2025-10-17T22:30:28.931+0200] {subprocess.py:93} INFO - [0m20:30:28  7 of 17 PASS accepted_values_stg_payments_status__succeeded__failed__refunded .. [[32mPASS[0m in 0.36s]
[2025-10-17T22:30:28.935+0200] {subprocess.py:93} INFO - [0m20:30:28  4 of 17 PASS accepted_values_stg_sessions_source__google__direct__facebook__linkedin__newsletter__referral__bing  [[32mPASS[0m in 0.38s]
[2025-10-17T22:30:28.954+0200] {subprocess.py:93} INFO - [0m20:30:28  9 of 17 START test unique_stg_payments_payment_id .............................. [RUN]
[2025-10-17T22:30:28.965+0200] {subprocess.py:93} INFO - [0m20:30:28  10 of 17 START test not_null_stg_customers_country ............................. [RUN]
[2025-10-17T22:30:28.966+0200] {subprocess.py:93} INFO - [0m20:30:28  11 of 17 START test not_null_stg_customers_customer_id ......................... [RUN]
[2025-10-17T22:30:29.096+0200] {subprocess.py:93} INFO - [0m20:30:29  8 of 17 PASS not_null_stg_payments_payment_id .................................. [[32mPASS[0m in 0.17s]
[2025-10-17T22:30:29.122+0200] {subprocess.py:93} INFO - [0m20:30:29  9 of 17 PASS unique_stg_payments_payment_id .................................... [[32mPASS[0m in 0.16s]
[2025-10-17T22:30:29.131+0200] {subprocess.py:93} INFO - [0m20:30:29  12 of 17 START test unique_stg_customers_customer_id ........................... [RUN]
[2025-10-17T22:30:29.141+0200] {subprocess.py:93} INFO - [0m20:30:29  10 of 17 PASS not_null_stg_customers_country ................................... [[32mPASS[0m in 0.17s]
[2025-10-17T22:30:29.149+0200] {subprocess.py:93} INFO - [0m20:30:29  11 of 17 PASS not_null_stg_customers_customer_id ............................... [[32mPASS[0m in 0.17s]
[2025-10-17T22:30:29.158+0200] {subprocess.py:93} INFO - [0m20:30:29  13 of 17 START sql table model public_analytics.fct_marketing_attribution ...... [RUN]
[2025-10-17T22:30:29.184+0200] {subprocess.py:93} INFO - [0m20:30:29  14 of 17 START sql table model public_analytics.fct_revenue_daily .............. [RUN]
[2025-10-17T22:30:29.369+0200] {subprocess.py:93} INFO - [0m20:30:29  12 of 17 PASS unique_stg_customers_customer_id ................................. [[32mPASS[0m in 0.23s]
[2025-10-17T22:30:29.384+0200] {subprocess.py:93} INFO - [0m20:30:29  15 of 17 START sql table model public_analytics.dim_customer ................... [RUN]
[2025-10-17T22:30:29.588+0200] {subprocess.py:93} INFO - [0m20:30:29  14 of 17 OK created sql table model public_analytics.fct_revenue_daily ......... [[32mSELECT 4346[0m in 0.39s]
[2025-10-17T22:30:29.614+0200] {subprocess.py:93} INFO - [0m20:30:29  16 of 17 START test not_null_fct_revenue_daily_order_day ....................... [RUN]
[2025-10-17T22:30:29.665+0200] {subprocess.py:93} INFO - [0m20:30:29  13 of 17 OK created sql table model public_analytics.fct_marketing_attribution . [[32mSELECT 5733[0m in 0.48s]
[2025-10-17T22:30:29.696+0200] {subprocess.py:93} INFO - [0m20:30:29  17 of 17 START test not_null_fct_marketing_attribution_session_day ............. [RUN]
[2025-10-17T22:30:29.700+0200] {subprocess.py:93} INFO - [0m20:30:29  15 of 17 OK created sql table model public_analytics.dim_customer .............. [[32mSELECT 1006[0m in 0.31s]
[2025-10-17T22:30:29.775+0200] {subprocess.py:93} INFO - [0m20:30:29  16 of 17 PASS not_null_fct_revenue_daily_order_day ............................. [[32mPASS[0m in 0.15s]
[2025-10-17T22:30:29.824+0200] {subprocess.py:93} INFO - [0m20:30:29  17 of 17 PASS not_null_fct_marketing_attribution_session_day ................... [[32mPASS[0m in 0.12s]
[2025-10-17T22:30:29.899+0200] {subprocess.py:93} INFO - [0m20:30:29
[2025-10-17T22:30:29.904+0200] {subprocess.py:93} INFO - [0m20:30:29  Finished running 3 view models, 11 data tests, 3 table models in 0 hours 0 minutes and 2.25 seconds (2.25s).
[2025-10-17T22:30:30.106+0200] {subprocess.py:93} INFO - [0m20:30:30
[2025-10-17T22:30:30.109+0200] {subprocess.py:93} INFO - [0m20:30:30  [32mCompleted successfully[0m
[2025-10-17T22:30:30.116+0200] {subprocess.py:93} INFO - [0m20:30:30
[2025-10-17T22:30:30.122+0200] {subprocess.py:93} INFO - [0m20:30:30  Done. PASS=17 WARN=0 ERROR=0 SKIP=0 TOTAL=17
[2025-10-17T22:30:32.291+0200] {subprocess.py:97} INFO - Command exited with return code 0
[2025-10-17T22:30:32.293+0200] {taskinstance.py:441} INFO - ::group::Post task execution logs
[2025-10-17T22:30:32.356+0200] {taskinstance.py:1206} INFO - Marking task as SUCCESS. dag_id=etl_api_to_bi, task_id=dbt_build, run_id=scheduled__2025-10-17T20:15:00+00:00, execution_date=20251017T201500, start_date=20251017T203019, end_date=20251017T203032
[2025-10-17T22:30:32.447+0200] {local_task_job_runner.py:243} INFO - Task exited with return code 0
[2025-10-17T22:30:32.487+0200] {taskinstance.py:3503} INFO - 0 downstream tasks scheduled from follow-on schedule check
[2025-10-17T22:30:32.491+0200] {local_task_job_runner.py:222} INFO - ::endgroup::
