[2025-10-17T22:30:04.387+0200] {local_task_job_runner.py:120} INFO - ::group::Pre task execution logs
[2025-10-17T22:30:04.454+0200] {taskinstance.py:2076} INFO - Dependencies all met for dep_context=non-requeueable deps ti=<TaskInstance: etl_api_to_bi.dbt_deps scheduled__2025-10-17T20:15:00+00:00 [queued]>
[2025-10-17T22:30:04.468+0200] {taskinstance.py:2076} INFO - Dependencies all met for dep_context=requeueable deps ti=<TaskInstance: etl_api_to_bi.dbt_deps scheduled__2025-10-17T20:15:00+00:00 [queued]>
[2025-10-17T22:30:04.469+0200] {taskinstance.py:2306} INFO - Starting attempt 1 of 3
[2025-10-17T22:30:04.491+0200] {taskinstance.py:2330} INFO - Executing <Task(BashOperator): dbt_deps> on 2025-10-17 20:15:00+00:00
[2025-10-17T22:30:04.500+0200] {standard_task_runner.py:64} INFO - Started process 349 to run task
[2025-10-17T22:30:04.504+0200] {standard_task_runner.py:90} INFO - Running: ['airflow', 'tasks', 'run', 'etl_api_to_bi', 'dbt_deps', 'scheduled__2025-10-17T20:15:00+00:00', '--job-id', '31', '--raw', '--subdir', 'DAGS_FOLDER/etl_api_to_bi.py', '--cfg-path', '/tmp/tmpd53rf4gd']
[2025-10-17T22:30:04.508+0200] {standard_task_runner.py:91} INFO - Job 31: Subtask dbt_deps
[2025-10-17T22:30:04.610+0200] {task_command.py:426} INFO - Running <TaskInstance: etl_api_to_bi.dbt_deps scheduled__2025-10-17T20:15:00+00:00 [running]> on host fe379a10f98a
[2025-10-17T22:30:04.962+0200] {taskinstance.py:2648} INFO - Exporting env vars: AIRFLOW_CTX_DAG_OWNER='data' AIRFLOW_CTX_DAG_ID='etl_api_to_bi' AIRFLOW_CTX_TASK_ID='dbt_deps' AIRFLOW_CTX_EXECUTION_DATE='2025-10-17T20:15:00+00:00' AIRFLOW_CTX_TRY_NUMBER='1' AIRFLOW_CTX_DAG_RUN_ID='scheduled__2025-10-17T20:15:00+00:00'
[2025-10-17T22:30:04.963+0200] {taskinstance.py:430} INFO - ::endgroup::
[2025-10-17T22:30:04.974+0200] {subprocess.py:63} INFO - Tmp dir root location: /tmp
[2025-10-17T22:30:04.977+0200] {subprocess.py:75} INFO - Running command: ['/usr/bin/bash', '-c', "docker exec dbt bash -lc 'cd /usr/app && dbt deps --profiles-dir /root/.dbt'"]
[2025-10-17T22:30:04.991+0200] {subprocess.py:86} INFO - Output:
[2025-10-17T22:30:07.953+0200] {subprocess.py:93} INFO - [0m20:30:07  Running with dbt=1.8.3
[2025-10-17T22:30:09.104+0200] {subprocess.py:93} INFO - [0m20:30:09  Installing dbt-labs/dbt_utils
[2025-10-17T22:30:17.445+0200] {subprocess.py:93} INFO - [0m20:30:17  Installed from version 1.3.1
[2025-10-17T22:30:17.449+0200] {subprocess.py:93} INFO - [0m20:30:17  Up to date!
[2025-10-17T22:30:18.765+0200] {subprocess.py:97} INFO - Command exited with return code 0
[2025-10-17T22:30:18.770+0200] {taskinstance.py:441} INFO - ::group::Post task execution logs
[2025-10-17T22:30:18.877+0200] {taskinstance.py:1206} INFO - Marking task as SUCCESS. dag_id=etl_api_to_bi, task_id=dbt_deps, run_id=scheduled__2025-10-17T20:15:00+00:00, execution_date=20251017T201500, start_date=20251017T203004, end_date=20251017T203018
[2025-10-17T22:30:18.959+0200] {local_task_job_runner.py:243} INFO - Task exited with return code 0
[2025-10-17T22:30:19.019+0200] {taskinstance.py:3503} INFO - 0 downstream tasks scheduled from follow-on schedule check
[2025-10-17T22:30:19.025+0200] {local_task_job_runner.py:222} INFO - ::endgroup::
