[2025-10-17T22:45:03.289+0200] {local_task_job_runner.py:120} INFO - ::group::Pre task execution logs
[2025-10-17T22:45:03.333+0200] {taskinstance.py:2076} INFO - Dependencies all met for dep_context=non-requeueable deps ti=<TaskInstance: etl_api_to_bi.dbt_deps scheduled__2025-10-17T20:30:00+00:00 [queued]>
[2025-10-17T22:45:03.343+0200] {taskinstance.py:2076} INFO - Dependencies all met for dep_context=requeueable deps ti=<TaskInstance: etl_api_to_bi.dbt_deps scheduled__2025-10-17T20:30:00+00:00 [queued]>
[2025-10-17T22:45:03.344+0200] {taskinstance.py:2306} INFO - Starting attempt 1 of 3
[2025-10-17T22:45:03.359+0200] {taskinstance.py:2330} INFO - Executing <Task(BashOperator): dbt_deps> on 2025-10-17 20:30:00+00:00
[2025-10-17T22:45:03.367+0200] {standard_task_runner.py:64} INFO - Started process 524 to run task
[2025-10-17T22:45:03.371+0200] {standard_task_runner.py:90} INFO - Running: ['airflow', 'tasks', 'run', 'etl_api_to_bi', 'dbt_deps', 'scheduled__2025-10-17T20:30:00+00:00', '--job-id', '36', '--raw', '--subdir', 'DAGS_FOLDER/etl_api_to_bi.py', '--cfg-path', '/tmp/tmpp9ehmykk']
[2025-10-17T22:45:03.375+0200] {standard_task_runner.py:91} INFO - Job 36: Subtask dbt_deps
[2025-10-17T22:45:03.493+0200] {task_command.py:426} INFO - Running <TaskInstance: etl_api_to_bi.dbt_deps scheduled__2025-10-17T20:30:00+00:00 [running]> on host fe379a10f98a
[2025-10-17T22:45:03.853+0200] {taskinstance.py:2648} INFO - Exporting env vars: AIRFLOW_CTX_DAG_OWNER='data' AIRFLOW_CTX_DAG_ID='etl_api_to_bi' AIRFLOW_CTX_TASK_ID='dbt_deps' AIRFLOW_CTX_EXECUTION_DATE='2025-10-17T20:30:00+00:00' AIRFLOW_CTX_TRY_NUMBER='1' AIRFLOW_CTX_DAG_RUN_ID='scheduled__2025-10-17T20:30:00+00:00'
[2025-10-17T22:45:03.854+0200] {taskinstance.py:430} INFO - ::endgroup::
[2025-10-17T22:45:03.865+0200] {subprocess.py:63} INFO - Tmp dir root location: /tmp
[2025-10-17T22:45:03.867+0200] {subprocess.py:75} INFO - Running command: ['/usr/bin/bash', '-c', "docker exec dbt bash -lc 'cd /usr/app && dbt deps --profiles-dir /root/.dbt'"]
[2025-10-17T22:45:03.880+0200] {subprocess.py:86} INFO - Output:
[2025-10-17T22:45:05.804+0200] {subprocess.py:93} INFO - [0m20:45:05  Running with dbt=1.8.3
[2025-10-17T22:45:18.204+0200] {subprocess.py:93} INFO - [0m20:45:18  Installing dbt-labs/dbt_utils
[2025-10-17T22:45:28.170+0200] {subprocess.py:93} INFO - [0m20:45:28  Installed from version 1.3.1
[2025-10-17T22:45:28.173+0200] {subprocess.py:93} INFO - [0m20:45:28  Up to date!
[2025-10-17T22:45:37.244+0200] {subprocess.py:97} INFO - Command exited with return code 0
[2025-10-17T22:45:37.246+0200] {taskinstance.py:441} INFO - ::group::Post task execution logs
[2025-10-17T22:45:37.301+0200] {taskinstance.py:1206} INFO - Marking task as SUCCESS. dag_id=etl_api_to_bi, task_id=dbt_deps, run_id=scheduled__2025-10-17T20:30:00+00:00, execution_date=20251017T203000, start_date=20251017T204503, end_date=20251017T204537
[2025-10-17T22:45:37.422+0200] {local_task_job_runner.py:243} INFO - Task exited with return code 0
[2025-10-17T22:45:37.485+0200] {taskinstance.py:3503} INFO - 1 downstream tasks scheduled from follow-on schedule check
[2025-10-17T22:45:37.489+0200] {local_task_job_runner.py:222} INFO - ::endgroup::
