[2025-09-28T23:00:12.156+0200] {local_task_job_runner.py:120} INFO - ::group::Pre task execution logs
[2025-09-28T23:00:12.293+0200] {taskinstance.py:2076} INFO - Dependencies all met for dep_context=non-requeueable deps ti=<TaskInstance: etl_api_to_bi.dbt_deps scheduled__2025-09-28T20:45:00+00:00 [queued]>
[2025-09-28T23:00:12.317+0200] {taskinstance.py:2076} INFO - Dependencies all met for dep_context=requeueable deps ti=<TaskInstance: etl_api_to_bi.dbt_deps scheduled__2025-09-28T20:45:00+00:00 [queued]>
[2025-09-28T23:00:12.320+0200] {taskinstance.py:2306} INFO - Starting attempt 1 of 3
[2025-09-28T23:00:12.368+0200] {taskinstance.py:2330} INFO - Executing <Task(BashOperator): dbt_deps> on 2025-09-28 20:45:00+00:00
[2025-09-28T23:00:12.390+0200] {standard_task_runner.py:64} INFO - Started process 270 to run task
[2025-09-28T23:00:12.401+0200] {standard_task_runner.py:90} INFO - Running: ['airflow', 'tasks', 'run', 'etl_api_to_bi', 'dbt_deps', 'scheduled__2025-09-28T20:45:00+00:00', '--job-id', '42', '--raw', '--subdir', 'DAGS_FOLDER/etl_api_to_bi.py', '--cfg-path', '/tmp/tmpax2gfjfx']
[2025-09-28T23:00:12.410+0200] {standard_task_runner.py:91} INFO - Job 42: Subtask dbt_deps
[2025-09-28T23:00:12.563+0200] {task_command.py:426} INFO - Running <TaskInstance: etl_api_to_bi.dbt_deps scheduled__2025-09-28T20:45:00+00:00 [running]> on host 21aa88fc22f5
[2025-09-28T23:00:13.091+0200] {taskinstance.py:2648} INFO - Exporting env vars: AIRFLOW_CTX_DAG_OWNER='data' AIRFLOW_CTX_DAG_ID='etl_api_to_bi' AIRFLOW_CTX_TASK_ID='dbt_deps' AIRFLOW_CTX_EXECUTION_DATE='2025-09-28T20:45:00+00:00' AIRFLOW_CTX_TRY_NUMBER='1' AIRFLOW_CTX_DAG_RUN_ID='scheduled__2025-09-28T20:45:00+00:00'
[2025-09-28T23:00:13.093+0200] {taskinstance.py:430} INFO - ::endgroup::
[2025-09-28T23:00:13.109+0200] {subprocess.py:63} INFO - Tmp dir root location: /tmp
[2025-09-28T23:00:13.114+0200] {subprocess.py:75} INFO - Running command: ['/usr/bin/bash', '-c', "docker exec dbt bash -lc 'cd /usr/app && dbt deps --profiles-dir /root/.dbt'"]
[2025-09-28T23:00:13.133+0200] {subprocess.py:86} INFO - Output:
[2025-09-28T23:00:15.722+0200] {subprocess.py:93} INFO - [0m21:00:15  Running with dbt=1.8.3
[2025-09-28T23:00:17.004+0200] {subprocess.py:93} INFO - [0m21:00:17  Installing dbt-labs/dbt_utils
[2025-09-28T23:00:25.671+0200] {subprocess.py:93} INFO - [0m21:00:25  Installed from version 1.3.1
[2025-09-28T23:00:25.673+0200] {subprocess.py:93} INFO - [0m21:00:25  Up to date!
[2025-09-28T23:00:26.976+0200] {subprocess.py:97} INFO - Command exited with return code 0
[2025-09-28T23:00:26.978+0200] {taskinstance.py:441} INFO - ::group::Post task execution logs
[2025-09-28T23:00:27.290+0200] {taskinstance.py:1206} INFO - Marking task as SUCCESS. dag_id=etl_api_to_bi, task_id=dbt_deps, run_id=scheduled__2025-09-28T20:45:00+00:00, execution_date=20250928T204500, start_date=20250928T210012, end_date=20250928T210027
[2025-09-28T23:00:27.397+0200] {local_task_job_runner.py:243} INFO - Task exited with return code 0
[2025-09-28T23:00:27.467+0200] {taskinstance.py:3503} INFO - 1 downstream tasks scheduled from follow-on schedule check
[2025-09-28T23:00:27.473+0200] {local_task_job_runner.py:222} INFO - ::endgroup::
