[2025-10-17T23:15:33.246+0200] {local_task_job_runner.py:120} INFO - ::group::Pre task execution logs
[2025-10-17T23:15:33.383+0200] {taskinstance.py:2076} INFO - Dependencies all met for dep_context=non-requeueable deps ti=<TaskInstance: etl_api_to_bi.dbt_deps scheduled__2025-10-17T21:00:00+00:00 [queued]>
[2025-10-17T23:15:33.427+0200] {taskinstance.py:2076} INFO - Dependencies all met for dep_context=requeueable deps ti=<TaskInstance: etl_api_to_bi.dbt_deps scheduled__2025-10-17T21:00:00+00:00 [queued]>
[2025-10-17T23:15:33.438+0200] {taskinstance.py:2306} INFO - Starting attempt 1 of 3
[2025-10-17T23:15:33.492+0200] {taskinstance.py:2330} INFO - Executing <Task(BashOperator): dbt_deps> on 2025-10-17 21:00:00+00:00
[2025-10-17T23:15:33.557+0200] {standard_task_runner.py:64} INFO - Started process 885 to run task
[2025-10-17T23:15:33.564+0200] {standard_task_runner.py:90} INFO - Running: ['airflow', 'tasks', 'run', 'etl_api_to_bi', 'dbt_deps', 'scheduled__2025-10-17T21:00:00+00:00', '--job-id', '46', '--raw', '--subdir', 'DAGS_FOLDER/etl_api_to_bi.py', '--cfg-path', '/tmp/tmpchvfqeek']
[2025-10-17T23:15:33.571+0200] {standard_task_runner.py:91} INFO - Job 46: Subtask dbt_deps
[2025-10-17T23:15:33.816+0200] {task_command.py:426} INFO - Running <TaskInstance: etl_api_to_bi.dbt_deps scheduled__2025-10-17T21:00:00+00:00 [running]> on host fe379a10f98a
[2025-10-17T23:15:34.902+0200] {taskinstance.py:2648} INFO - Exporting env vars: AIRFLOW_CTX_DAG_OWNER='data' AIRFLOW_CTX_DAG_ID='etl_api_to_bi' AIRFLOW_CTX_TASK_ID='dbt_deps' AIRFLOW_CTX_EXECUTION_DATE='2025-10-17T21:00:00+00:00' AIRFLOW_CTX_TRY_NUMBER='1' AIRFLOW_CTX_DAG_RUN_ID='scheduled__2025-10-17T21:00:00+00:00'
[2025-10-17T23:15:34.909+0200] {taskinstance.py:430} INFO - ::endgroup::
[2025-10-17T23:15:34.973+0200] {subprocess.py:63} INFO - Tmp dir root location: /tmp
[2025-10-17T23:15:35.024+0200] {subprocess.py:75} INFO - Running command: ['/usr/bin/bash', '-c', "docker exec dbt bash -lc 'cd /usr/app && dbt deps --profiles-dir /root/.dbt'"]
[2025-10-17T23:15:35.149+0200] {subprocess.py:86} INFO - Output:
[2025-10-17T23:15:43.721+0200] {subprocess.py:93} INFO - [0m21:15:43  Running with dbt=1.8.3
[2025-10-17T23:15:46.555+0200] {subprocess.py:93} INFO - [0m21:15:46  Installing dbt-labs/dbt_utils
[2025-10-17T23:16:12.108+0200] {subprocess.py:93} INFO - [0m21:16:12  Installed from version 1.3.1
[2025-10-17T23:16:12.116+0200] {subprocess.py:93} INFO - [0m21:16:12  Up to date!
[2025-10-17T23:16:13.791+0200] {subprocess.py:97} INFO - Command exited with return code 0
[2025-10-17T23:16:13.794+0200] {taskinstance.py:441} INFO - ::group::Post task execution logs
[2025-10-17T23:16:13.880+0200] {taskinstance.py:1206} INFO - Marking task as SUCCESS. dag_id=etl_api_to_bi, task_id=dbt_deps, run_id=scheduled__2025-10-17T21:00:00+00:00, execution_date=20251017T210000, start_date=20251017T211533, end_date=20251017T211613
[2025-10-17T23:16:13.989+0200] {local_task_job_runner.py:243} INFO - Task exited with return code 0
[2025-10-17T23:16:14.062+0200] {taskinstance.py:3503} INFO - 1 downstream tasks scheduled from follow-on schedule check
[2025-10-17T23:16:14.067+0200] {local_task_job_runner.py:222} INFO - ::endgroup::
