[2025-09-28T23:30:14.957+0200] {local_task_job_runner.py:120} INFO - ::group::Pre task execution logs
[2025-09-28T23:30:15.007+0200] {taskinstance.py:2076} INFO - Dependencies all met for dep_context=non-requeueable deps ti=<TaskInstance: etl_api_to_bi.dbt_build scheduled__2025-09-28T21:15:00+00:00 [queued]>
[2025-09-28T23:30:15.021+0200] {taskinstance.py:2076} INFO - Dependencies all met for dep_context=requeueable deps ti=<TaskInstance: etl_api_to_bi.dbt_build scheduled__2025-09-28T21:15:00+00:00 [queued]>
[2025-09-28T23:30:15.021+0200] {taskinstance.py:2306} INFO - Starting attempt 1 of 3
[2025-09-28T23:30:15.045+0200] {taskinstance.py:2330} INFO - Executing <Task(BashOperator): dbt_build> on 2025-09-28 21:15:00+00:00
[2025-09-28T23:30:15.053+0200] {standard_task_runner.py:64} INFO - Started process 636 to run task
[2025-09-28T23:30:15.058+0200] {standard_task_runner.py:90} INFO - Running: ['airflow', 'tasks', 'run', 'etl_api_to_bi', 'dbt_build', 'scheduled__2025-09-28T21:15:00+00:00', '--job-id', '53', '--raw', '--subdir', 'DAGS_FOLDER/etl_api_to_bi.py', '--cfg-path', '/tmp/tmpj_v7brew']
[2025-09-28T23:30:15.062+0200] {standard_task_runner.py:91} INFO - Job 53: Subtask dbt_build
[2025-09-28T23:30:15.159+0200] {task_command.py:426} INFO - Running <TaskInstance: etl_api_to_bi.dbt_build scheduled__2025-09-28T21:15:00+00:00 [running]> on host 21aa88fc22f5
[2025-09-28T23:30:15.522+0200] {taskinstance.py:2648} INFO - Exporting env vars: AIRFLOW_CTX_DAG_OWNER='data' AIRFLOW_CTX_DAG_ID='etl_api_to_bi' AIRFLOW_CTX_TASK_ID='dbt_build' AIRFLOW_CTX_EXECUTION_DATE='2025-09-28T21:15:00+00:00' AIRFLOW_CTX_TRY_NUMBER='1' AIRFLOW_CTX_DAG_RUN_ID='scheduled__2025-09-28T21:15:00+00:00'
[2025-09-28T23:30:15.524+0200] {taskinstance.py:430} INFO - ::endgroup::
[2025-09-28T23:30:15.539+0200] {subprocess.py:63} INFO - Tmp dir root location: /tmp
[2025-09-28T23:30:15.541+0200] {subprocess.py:75} INFO - Running command: ['/usr/bin/bash', '-c', "docker exec dbt bash -lc 'cd /usr/app && dbt build --fail-fast --profiles-dir /root/.dbt'"]
[2025-09-28T23:30:15.554+0200] {subprocess.py:86} INFO - Output:
[2025-09-28T23:30:17.515+0200] {subprocess.py:93} INFO - [0m21:30:17  Running with dbt=1.8.3
[2025-09-28T23:30:17.845+0200] {subprocess.py:93} INFO - [0m21:30:17  Registered adapter: postgres=1.8.2
[2025-09-28T23:30:19.998+0200] {subprocess.py:93} INFO - [0m21:30:19  Found 6 models, 11 data tests, 531 macros
[2025-09-28T23:30:20.005+0200] {subprocess.py:93} INFO - [0m21:30:20
[2025-09-28T23:30:20.367+0200] {subprocess.py:93} INFO - [0m21:30:20  Concurrency: 4 threads (target='dev')
[2025-09-28T23:30:20.368+0200] {subprocess.py:93} INFO - [0m21:30:20
[2025-09-28T23:30:20.380+0200] {subprocess.py:93} INFO - [0m21:30:20  1 of 17 START sql view model public_staging.stg_customers ...................... [RUN]
[2025-09-28T23:30:20.382+0200] {subprocess.py:93} INFO - [0m21:30:20  2 of 17 START sql view model public_staging.stg_payments ....................... [RUN]
[2025-09-28T23:30:20.384+0200] {subprocess.py:93} INFO - [0m21:30:20  3 of 17 START sql view model public_staging.stg_sessions ....................... [RUN]
[2025-09-28T23:30:20.751+0200] {subprocess.py:93} INFO - [0m21:30:20  1 of 17 OK created sql view model public_staging.stg_customers ................. [[32mCREATE VIEW[0m in 0.35s]
[2025-09-28T23:30:20.768+0200] {subprocess.py:93} INFO - [0m21:30:20  3 of 17 OK created sql view model public_staging.stg_sessions .................. [[32mCREATE VIEW[0m in 0.36s]
[2025-09-28T23:30:20.771+0200] {subprocess.py:93} INFO - [0m21:30:20  2 of 17 OK created sql view model public_staging.stg_payments .................. [[32mCREATE VIEW[0m in 0.37s]
[2025-09-28T23:30:20.786+0200] {subprocess.py:93} INFO - [0m21:30:20  4 of 17 START test not_null_stg_customers_country .............................. [RUN]
[2025-09-28T23:30:20.788+0200] {subprocess.py:93} INFO - [0m21:30:20  5 of 17 START test not_null_stg_customers_customer_id .......................... [RUN]
[2025-09-28T23:30:20.798+0200] {subprocess.py:93} INFO - [0m21:30:20  6 of 17 START test unique_stg_customers_customer_id ............................ [RUN]
[2025-09-28T23:30:20.800+0200] {subprocess.py:93} INFO - [0m21:30:20  7 of 17 START test accepted_values_stg_sessions_source__google__direct__facebook__linkedin__newsletter__referral__bing  [RUN]
[2025-09-28T23:30:21.069+0200] {subprocess.py:93} INFO - [0m21:30:21  6 of 17 PASS unique_stg_customers_customer_id .................................. [[32mPASS[0m in 0.26s]
[2025-09-28T23:30:21.076+0200] {subprocess.py:93} INFO - [0m21:30:21  5 of 17 PASS not_null_stg_customers_customer_id ................................ [[32mPASS[0m in 0.28s]
[2025-09-28T23:30:21.078+0200] {subprocess.py:93} INFO - [0m21:30:21  4 of 17 PASS not_null_stg_customers_country .................................... [[32mPASS[0m in 0.28s]
[2025-09-28T23:30:21.083+0200] {subprocess.py:93} INFO - [0m21:30:21  8 of 17 START test not_null_stg_sessions_session_id ............................ [RUN]
[2025-09-28T23:30:21.090+0200] {subprocess.py:93} INFO - [0m21:30:21  9 of 17 START test unique_stg_sessions_session_id .............................. [RUN]
[2025-09-28T23:30:21.091+0200] {subprocess.py:93} INFO - [0m21:30:21  10 of 17 START test accepted_values_stg_payments_status__succeeded__failed__refunded  [RUN]
[2025-09-28T23:30:21.128+0200] {subprocess.py:93} INFO - [0m21:30:21  7 of 17 PASS accepted_values_stg_sessions_source__google__direct__facebook__linkedin__newsletter__referral__bing  [[32mPASS[0m in 0.31s]
[2025-09-28T23:30:21.142+0200] {subprocess.py:93} INFO - [0m21:30:21  11 of 17 START test not_null_stg_payments_payment_id ........................... [RUN]
[2025-09-28T23:30:21.247+0200] {subprocess.py:93} INFO - [0m21:30:21  8 of 17 PASS not_null_stg_sessions_session_id .................................. [[32mPASS[0m in 0.16s]
[2025-09-28T23:30:21.263+0200] {subprocess.py:93} INFO - [0m21:30:21  12 of 17 START test unique_stg_payments_payment_id ............................. [RUN]
[2025-09-28T23:30:21.301+0200] {subprocess.py:93} INFO - [0m21:30:21  10 of 17 PASS accepted_values_stg_payments_status__succeeded__failed__refunded . [[32mPASS[0m in 0.20s]
[2025-09-28T23:30:21.314+0200] {subprocess.py:93} INFO - [0m21:30:21  11 of 17 PASS not_null_stg_payments_payment_id ................................. [[32mPASS[0m in 0.16s]
[2025-09-28T23:30:21.327+0200] {subprocess.py:93} INFO - [0m21:30:21  9 of 17 PASS unique_stg_sessions_session_id .................................... [[32mPASS[0m in 0.23s]
[2025-09-28T23:30:21.366+0200] {subprocess.py:93} INFO - [0m21:30:21  13 of 17 START sql table model public_analytics.dim_customer ................... [RUN]
[2025-09-28T23:30:21.376+0200] {subprocess.py:93} INFO - [0m21:30:21  14 of 17 START sql table model public_analytics.fct_marketing_attribution ...... [RUN]
[2025-09-28T23:30:21.558+0200] {subprocess.py:93} INFO - [0m21:30:21  12 of 17 PASS unique_stg_payments_payment_id ................................... [[32mPASS[0m in 0.29s]
[2025-09-28T23:30:21.575+0200] {subprocess.py:93} INFO - [0m21:30:21  15 of 17 START sql table model public_analytics.fct_revenue_daily .............. [RUN]
[2025-09-28T23:30:21.671+0200] {subprocess.py:93} INFO - [0m21:30:21  13 of 17 OK created sql table model public_analytics.dim_customer .............. [[32mSELECT 1034[0m in 0.30s]
[2025-09-28T23:30:21.745+0200] {subprocess.py:93} INFO - [0m21:30:21  14 of 17 OK created sql table model public_analytics.fct_marketing_attribution . [[32mSELECT 6051[0m in 0.35s]
[2025-09-28T23:30:21.757+0200] {subprocess.py:93} INFO - [0m21:30:21  16 of 17 START test not_null_fct_marketing_attribution_session_day ............. [RUN]
[2025-09-28T23:30:21.801+0200] {subprocess.py:93} INFO - [0m21:30:21  15 of 17 OK created sql table model public_analytics.fct_revenue_daily ......... [[32mSELECT 4606[0m in 0.22s]
[2025-09-28T23:30:21.809+0200] {subprocess.py:93} INFO - [0m21:30:21  17 of 17 START test not_null_fct_revenue_daily_order_day ....................... [RUN]
[2025-09-28T23:30:21.879+0200] {subprocess.py:93} INFO - [0m21:30:21  16 of 17 PASS not_null_fct_marketing_attribution_session_day ................... [[32mPASS[0m in 0.12s]
[2025-09-28T23:30:21.926+0200] {subprocess.py:93} INFO - [0m21:30:21  17 of 17 PASS not_null_fct_revenue_daily_order_day ............................. [[32mPASS[0m in 0.12s]
[2025-09-28T23:30:21.972+0200] {subprocess.py:93} INFO - [0m21:30:21
[2025-09-28T23:30:21.974+0200] {subprocess.py:93} INFO - [0m21:30:21  Finished running 3 view models, 11 data tests, 3 table models in 0 hours 0 minutes and 1.96 seconds (1.96s).
[2025-09-28T23:30:22.104+0200] {subprocess.py:93} INFO - [0m21:30:22
[2025-09-28T23:30:22.107+0200] {subprocess.py:93} INFO - [0m21:30:22  [32mCompleted successfully[0m
[2025-09-28T23:30:22.110+0200] {subprocess.py:93} INFO - [0m21:30:22
[2025-09-28T23:30:22.113+0200] {subprocess.py:93} INFO - [0m21:30:22  Done. PASS=17 WARN=0 ERROR=0 SKIP=0 TOTAL=17
[2025-09-28T23:30:23.061+0200] {subprocess.py:97} INFO - Command exited with return code 0
[2025-09-28T23:30:23.065+0200] {taskinstance.py:441} INFO - ::group::Post task execution logs
[2025-09-28T23:30:23.122+0200] {taskinstance.py:1206} INFO - Marking task as SUCCESS. dag_id=etl_api_to_bi, task_id=dbt_build, run_id=scheduled__2025-09-28T21:15:00+00:00, execution_date=20250928T211500, start_date=20250928T213015, end_date=20250928T213023
[2025-09-28T23:30:23.185+0200] {local_task_job_runner.py:243} INFO - Task exited with return code 0
[2025-09-28T23:30:23.213+0200] {taskinstance.py:3503} INFO - 0 downstream tasks scheduled from follow-on schedule check
[2025-09-28T23:30:23.216+0200] {local_task_job_runner.py:222} INFO - ::endgroup::
