[2025-10-17T03:19:05.230+0200] {local_task_job_runner.py:120} INFO - ::group::Pre task execution logs
[2025-10-17T03:19:05.280+0200] {taskinstance.py:2076} INFO - Dependencies all met for dep_context=non-requeueable deps ti=<TaskInstance: etl_api_to_bi.dbt_deps scheduled__2025-10-17T01:00:00+00:00 [queued]>
[2025-10-17T03:19:05.291+0200] {taskinstance.py:2076} INFO - Dependencies all met for dep_context=requeueable deps ti=<TaskInstance: etl_api_to_bi.dbt_deps scheduled__2025-10-17T01:00:00+00:00 [queued]>
[2025-10-17T03:19:05.292+0200] {taskinstance.py:2306} INFO - Starting attempt 1 of 3
[2025-10-17T03:19:05.310+0200] {taskinstance.py:2330} INFO - Executing <Task(BashOperator): dbt_deps> on 2025-10-17 01:00:00+00:00
[2025-10-17T03:19:05.322+0200] {standard_task_runner.py:64} INFO - Started process 224 to run task
[2025-10-17T03:19:05.326+0200] {standard_task_runner.py:90} INFO - Running: ['airflow', 'tasks', 'run', 'etl_api_to_bi', 'dbt_deps', 'scheduled__2025-10-17T01:00:00+00:00', '--job-id', '5', '--raw', '--subdir', 'DAGS_FOLDER/etl_api_to_bi.py', '--cfg-path', '/tmp/tmpmn6l9a8t']
[2025-10-17T03:19:05.330+0200] {standard_task_runner.py:91} INFO - Job 5: Subtask dbt_deps
[2025-10-17T03:19:05.435+0200] {task_command.py:426} INFO - Running <TaskInstance: etl_api_to_bi.dbt_deps scheduled__2025-10-17T01:00:00+00:00 [running]> on host af95d5ead002
[2025-10-17T03:19:05.776+0200] {taskinstance.py:2648} INFO - Exporting env vars: AIRFLOW_CTX_DAG_OWNER='data' AIRFLOW_CTX_DAG_ID='etl_api_to_bi' AIRFLOW_CTX_TASK_ID='dbt_deps' AIRFLOW_CTX_EXECUTION_DATE='2025-10-17T01:00:00+00:00' AIRFLOW_CTX_TRY_NUMBER='1' AIRFLOW_CTX_DAG_RUN_ID='scheduled__2025-10-17T01:00:00+00:00'
[2025-10-17T03:19:05.777+0200] {taskinstance.py:430} INFO - ::endgroup::
[2025-10-17T03:19:05.796+0200] {subprocess.py:63} INFO - Tmp dir root location: /tmp
[2025-10-17T03:19:05.799+0200] {subprocess.py:75} INFO - Running command: ['/usr/bin/bash', '-c', "docker exec dbt bash -lc 'cd /usr/app && dbt deps --profiles-dir /root/.dbt'"]
[2025-10-17T03:19:05.815+0200] {subprocess.py:86} INFO - Output:
[2025-10-17T03:19:08.107+0200] {subprocess.py:93} INFO - [0m01:19:08  Running with dbt=1.8.3
[2025-10-17T03:19:09.029+0200] {subprocess.py:93} INFO - [0m01:19:09  Installing dbt-labs/dbt_utils
[2025-10-17T03:19:15.454+0200] {subprocess.py:93} INFO - [0m01:19:15  Installed from version 1.3.1
[2025-10-17T03:19:15.455+0200] {subprocess.py:93} INFO - [0m01:19:15  Up to date!
[2025-10-17T03:19:15.492+0200] {subprocess.py:97} INFO - Command exited with return code 0
[2025-10-17T03:19:15.494+0200] {taskinstance.py:441} INFO - ::group::Post task execution logs
[2025-10-17T03:19:15.546+0200] {taskinstance.py:1206} INFO - Marking task as SUCCESS. dag_id=etl_api_to_bi, task_id=dbt_deps, run_id=scheduled__2025-10-17T01:00:00+00:00, execution_date=20251017T010000, start_date=20251017T011905, end_date=20251017T011915
[2025-10-17T03:19:15.611+0200] {local_task_job_runner.py:243} INFO - Task exited with return code 0
[2025-10-17T03:19:15.651+0200] {taskinstance.py:3503} INFO - 1 downstream tasks scheduled from follow-on schedule check
[2025-10-17T03:19:15.654+0200] {local_task_job_runner.py:222} INFO - ::endgroup::
