[2025-10-17T23:00:17.258+0200] {local_task_job_runner.py:120} INFO - ::group::Pre task execution logs
[2025-10-17T23:00:17.333+0200] {taskinstance.py:2076} INFO - Dependencies all met for dep_context=non-requeueable deps ti=<TaskInstance: etl_api_to_bi.dbt_build scheduled__2025-10-17T20:45:00+00:00 [queued]>
[2025-10-17T23:00:17.356+0200] {taskinstance.py:2076} INFO - Dependencies all met for dep_context=requeueable deps ti=<TaskInstance: etl_api_to_bi.dbt_build scheduled__2025-10-17T20:45:00+00:00 [queued]>
[2025-10-17T23:00:17.358+0200] {taskinstance.py:2306} INFO - Starting attempt 1 of 3
[2025-10-17T23:00:17.407+0200] {taskinstance.py:2330} INFO - Executing <Task(BashOperator): dbt_build> on 2025-10-17 20:45:00+00:00
[2025-10-17T23:00:17.419+0200] {standard_task_runner.py:64} INFO - Started process 717 to run task
[2025-10-17T23:00:17.434+0200] {standard_task_runner.py:90} INFO - Running: ['airflow', 'tasks', 'run', 'etl_api_to_bi', 'dbt_build', 'scheduled__2025-10-17T20:45:00+00:00', '--job-id', '42', '--raw', '--subdir', 'DAGS_FOLDER/etl_api_to_bi.py', '--cfg-path', '/tmp/tmpqash4gld']
[2025-10-17T23:00:17.440+0200] {standard_task_runner.py:91} INFO - Job 42: Subtask dbt_build
[2025-10-17T23:00:17.597+0200] {task_command.py:426} INFO - Running <TaskInstance: etl_api_to_bi.dbt_build scheduled__2025-10-17T20:45:00+00:00 [running]> on host fe379a10f98a
[2025-10-17T23:00:18.040+0200] {taskinstance.py:2648} INFO - Exporting env vars: AIRFLOW_CTX_DAG_OWNER='data' AIRFLOW_CTX_DAG_ID='etl_api_to_bi' AIRFLOW_CTX_TASK_ID='dbt_build' AIRFLOW_CTX_EXECUTION_DATE='2025-10-17T20:45:00+00:00' AIRFLOW_CTX_TRY_NUMBER='1' AIRFLOW_CTX_DAG_RUN_ID='scheduled__2025-10-17T20:45:00+00:00'
[2025-10-17T23:00:18.041+0200] {taskinstance.py:430} INFO - ::endgroup::
[2025-10-17T23:00:18.062+0200] {subprocess.py:63} INFO - Tmp dir root location: /tmp
[2025-10-17T23:00:18.064+0200] {subprocess.py:75} INFO - Running command: ['/usr/bin/bash', '-c', "docker exec dbt bash -lc 'cd /usr/app && dbt build --fail-fast --profiles-dir /root/.dbt'"]
[2025-10-17T23:00:18.085+0200] {subprocess.py:86} INFO - Output:
[2025-10-17T23:00:20.354+0200] {subprocess.py:93} INFO - [0m21:00:20  Running with dbt=1.8.3
[2025-10-17T23:00:21.138+0200] {subprocess.py:93} INFO - [0m21:00:21  Registered adapter: postgres=1.8.2
[2025-10-17T23:00:23.602+0200] {subprocess.py:93} INFO - [0m21:00:23  Found 6 models, 11 data tests, 531 macros
[2025-10-17T23:00:23.613+0200] {subprocess.py:93} INFO - [0m21:00:23
[2025-10-17T23:00:23.960+0200] {subprocess.py:93} INFO - [0m21:00:23  Concurrency: 4 threads (target='dev')
[2025-10-17T23:00:23.965+0200] {subprocess.py:93} INFO - [0m21:00:23
[2025-10-17T23:00:23.976+0200] {subprocess.py:93} INFO - [0m21:00:23  1 of 17 START sql view model public_staging.stg_customers ...................... [RUN]
[2025-10-17T23:00:23.979+0200] {subprocess.py:93} INFO - [0m21:00:23  2 of 17 START sql view model public_staging.stg_payments ....................... [RUN]
[2025-10-17T23:00:23.983+0200] {subprocess.py:93} INFO - [0m21:00:23  3 of 17 START sql view model public_staging.stg_sessions ....................... [RUN]
[2025-10-17T23:00:24.382+0200] {subprocess.py:93} INFO - [0m21:00:24  1 of 17 OK created sql view model public_staging.stg_customers ................. [[32mCREATE VIEW[0m in 0.39s]
[2025-10-17T23:00:24.386+0200] {subprocess.py:93} INFO - [0m21:00:24  2 of 17 OK created sql view model public_staging.stg_payments .................. [[32mCREATE VIEW[0m in 0.39s]
[2025-10-17T23:00:24.391+0200] {subprocess.py:93} INFO - [0m21:00:24  3 of 17 OK created sql view model public_staging.stg_sessions .................. [[32mCREATE VIEW[0m in 0.39s]
[2025-10-17T23:00:24.404+0200] {subprocess.py:93} INFO - [0m21:00:24  4 of 17 START test not_null_stg_customers_country .............................. [RUN]
[2025-10-17T23:00:24.406+0200] {subprocess.py:93} INFO - [0m21:00:24  5 of 17 START test not_null_stg_customers_customer_id .......................... [RUN]
[2025-10-17T23:00:24.410+0200] {subprocess.py:93} INFO - [0m21:00:24  6 of 17 START test unique_stg_customers_customer_id ............................ [RUN]
[2025-10-17T23:00:24.416+0200] {subprocess.py:93} INFO - [0m21:00:24  7 of 17 START test accepted_values_stg_payments_status__succeeded__failed__refunded  [RUN]
[2025-10-17T23:00:24.691+0200] {subprocess.py:93} INFO - [0m21:00:24  4 of 17 PASS not_null_stg_customers_country .................................... [[32mPASS[0m in 0.28s]
[2025-10-17T23:00:24.700+0200] {subprocess.py:93} INFO - [0m21:00:24  5 of 17 PASS not_null_stg_customers_customer_id ................................ [[32mPASS[0m in 0.29s]
[2025-10-17T23:00:24.708+0200] {subprocess.py:93} INFO - [0m21:00:24  6 of 17 PASS unique_stg_customers_customer_id .................................. [[32mPASS[0m in 0.29s]
[2025-10-17T23:00:24.722+0200] {subprocess.py:93} INFO - [0m21:00:24  7 of 17 PASS accepted_values_stg_payments_status__succeeded__failed__refunded .. [[32mPASS[0m in 0.30s]
[2025-10-17T23:00:24.727+0200] {subprocess.py:93} INFO - [0m21:00:24  8 of 17 START test not_null_stg_payments_payment_id ............................ [RUN]
[2025-10-17T23:00:24.734+0200] {subprocess.py:93} INFO - [0m21:00:24  9 of 17 START test unique_stg_payments_payment_id .............................. [RUN]
[2025-10-17T23:00:24.741+0200] {subprocess.py:93} INFO - [0m21:00:24  10 of 17 START test accepted_values_stg_sessions_source__google__direct__facebook__linkedin__newsletter__referral__bing  [RUN]
[2025-10-17T23:00:24.752+0200] {subprocess.py:93} INFO - [0m21:00:24  11 of 17 START test not_null_stg_sessions_session_id ........................... [RUN]
[2025-10-17T23:00:24.999+0200] {subprocess.py:93} INFO - [0m21:00:24  8 of 17 PASS not_null_stg_payments_payment_id .................................. [[32mPASS[0m in 0.26s]
[2025-10-17T23:00:25.013+0200] {subprocess.py:93} INFO - [0m21:00:25  9 of 17 PASS unique_stg_payments_payment_id .................................... [[32mPASS[0m in 0.27s]
[2025-10-17T23:00:25.025+0200] {subprocess.py:93} INFO - [0m21:00:25  12 of 17 START test unique_stg_sessions_session_id ............................. [RUN]
[2025-10-17T23:00:25.028+0200] {subprocess.py:93} INFO - [0m21:00:25  11 of 17 PASS not_null_stg_sessions_session_id ................................. [[32mPASS[0m in 0.26s]
[2025-10-17T23:00:25.041+0200] {subprocess.py:93} INFO - [0m21:00:25  10 of 17 PASS accepted_values_stg_sessions_source__google__direct__facebook__linkedin__newsletter__referral__bing  [[32mPASS[0m in 0.29s]
[2025-10-17T23:00:25.045+0200] {subprocess.py:93} INFO - [0m21:00:25  13 of 17 START sql table model public_analytics.dim_customer ................... [RUN]
[2025-10-17T23:00:25.063+0200] {subprocess.py:93} INFO - [0m21:00:25  14 of 17 START sql table model public_analytics.fct_revenue_daily .............. [RUN]
[2025-10-17T23:00:25.285+0200] {subprocess.py:93} INFO - [0m21:00:25  12 of 17 PASS unique_stg_sessions_session_id ................................... [[32mPASS[0m in 0.25s]
[2025-10-17T23:00:25.315+0200] {subprocess.py:93} INFO - [0m21:00:25  15 of 17 START sql table model public_analytics.fct_marketing_attribution ...... [RUN]
[2025-10-17T23:00:25.392+0200] {subprocess.py:93} INFO - [0m21:00:25  13 of 17 OK created sql table model public_analytics.dim_customer .............. [[32mSELECT 1006[0m in 0.33s]
[2025-10-17T23:00:25.451+0200] {subprocess.py:93} INFO - [0m21:00:25  14 of 17 OK created sql table model public_analytics.fct_revenue_daily ......... [[32mSELECT 4346[0m in 0.38s]
[2025-10-17T23:00:25.466+0200] {subprocess.py:93} INFO - [0m21:00:25  16 of 17 START test not_null_fct_revenue_daily_order_day ....................... [RUN]
[2025-10-17T23:00:25.575+0200] {subprocess.py:93} INFO - [0m21:00:25  16 of 17 PASS not_null_fct_revenue_daily_order_day ............................. [[32mPASS[0m in 0.11s]
[2025-10-17T23:00:25.657+0200] {subprocess.py:93} INFO - [0m21:00:25  15 of 17 OK created sql table model public_analytics.fct_marketing_attribution . [[32mSELECT 5733[0m in 0.32s]
[2025-10-17T23:00:25.666+0200] {subprocess.py:93} INFO - [0m21:00:25  17 of 17 START test not_null_fct_marketing_attribution_session_day ............. [RUN]
[2025-10-17T23:00:25.747+0200] {subprocess.py:93} INFO - [0m21:00:25  17 of 17 PASS not_null_fct_marketing_attribution_session_day ................... [[32mPASS[0m in 0.08s]
[2025-10-17T23:00:25.792+0200] {subprocess.py:93} INFO - [0m21:00:25
[2025-10-17T23:00:25.794+0200] {subprocess.py:93} INFO - [0m21:00:25  Finished running 3 view models, 11 data tests, 3 table models in 0 hours 0 minutes and 2.18 seconds (2.18s).
[2025-10-17T23:00:25.894+0200] {subprocess.py:93} INFO - [0m21:00:25
[2025-10-17T23:00:25.896+0200] {subprocess.py:93} INFO - [0m21:00:25  [32mCompleted successfully[0m
[2025-10-17T23:00:25.899+0200] {subprocess.py:93} INFO - [0m21:00:25
[2025-10-17T23:00:25.900+0200] {subprocess.py:93} INFO - [0m21:00:25  Done. PASS=17 WARN=0 ERROR=0 SKIP=0 TOTAL=17
[2025-10-17T23:00:26.824+0200] {subprocess.py:97} INFO - Command exited with return code 0
[2025-10-17T23:00:26.826+0200] {taskinstance.py:441} INFO - ::group::Post task execution logs
[2025-10-17T23:00:26.892+0200] {taskinstance.py:1206} INFO - Marking task as SUCCESS. dag_id=etl_api_to_bi, task_id=dbt_build, run_id=scheduled__2025-10-17T20:45:00+00:00, execution_date=20251017T204500, start_date=20251017T210017, end_date=20251017T210026
[2025-10-17T23:00:26.935+0200] {local_task_job_runner.py:243} INFO - Task exited with return code 0
[2025-10-17T23:00:26.971+0200] {taskinstance.py:3503} INFO - 0 downstream tasks scheduled from follow-on schedule check
[2025-10-17T23:00:26.975+0200] {local_task_job_runner.py:222} INFO - ::endgroup::
