[2025-10-17T04:00:03.595+0200] {local_task_job_runner.py:120} INFO - ::group::Pre task execution logs
[2025-10-17T04:00:03.642+0200] {taskinstance.py:2076} INFO - Dependencies all met for dep_context=non-requeueable deps ti=<TaskInstance: etl_api_to_bi.dbt_deps scheduled__2025-10-17T01:45:00+00:00 [queued]>
[2025-10-17T04:00:03.651+0200] {taskinstance.py:2076} INFO - Dependencies all met for dep_context=requeueable deps ti=<TaskInstance: etl_api_to_bi.dbt_deps scheduled__2025-10-17T01:45:00+00:00 [queued]>
[2025-10-17T04:00:03.652+0200] {taskinstance.py:2306} INFO - Starting attempt 1 of 3
[2025-10-17T04:00:03.666+0200] {taskinstance.py:2330} INFO - Executing <Task(BashOperator): dbt_deps> on 2025-10-17 01:45:00+00:00
[2025-10-17T04:00:03.676+0200] {standard_task_runner.py:64} INFO - Started process 718 to run task
[2025-10-17T04:00:03.681+0200] {standard_task_runner.py:90} INFO - Running: ['airflow', 'tasks', 'run', 'etl_api_to_bi', 'dbt_deps', 'scheduled__2025-10-17T01:45:00+00:00', '--job-id', '20', '--raw', '--subdir', 'DAGS_FOLDER/etl_api_to_bi.py', '--cfg-path', '/tmp/tmp0fdawell']
[2025-10-17T04:00:03.686+0200] {standard_task_runner.py:91} INFO - Job 20: Subtask dbt_deps
[2025-10-17T04:00:03.802+0200] {task_command.py:426} INFO - Running <TaskInstance: etl_api_to_bi.dbt_deps scheduled__2025-10-17T01:45:00+00:00 [running]> on host af95d5ead002
[2025-10-17T04:00:04.143+0200] {taskinstance.py:2648} INFO - Exporting env vars: AIRFLOW_CTX_DAG_OWNER='data' AIRFLOW_CTX_DAG_ID='etl_api_to_bi' AIRFLOW_CTX_TASK_ID='dbt_deps' AIRFLOW_CTX_EXECUTION_DATE='2025-10-17T01:45:00+00:00' AIRFLOW_CTX_TRY_NUMBER='1' AIRFLOW_CTX_DAG_RUN_ID='scheduled__2025-10-17T01:45:00+00:00'
[2025-10-17T04:00:04.144+0200] {taskinstance.py:430} INFO - ::endgroup::
[2025-10-17T04:00:04.154+0200] {subprocess.py:63} INFO - Tmp dir root location: /tmp
[2025-10-17T04:00:04.156+0200] {subprocess.py:75} INFO - Running command: ['/usr/bin/bash', '-c', "docker exec dbt bash -lc 'cd /usr/app && dbt deps --profiles-dir /root/.dbt'"]
[2025-10-17T04:00:04.170+0200] {subprocess.py:86} INFO - Output:
[2025-10-17T04:00:06.481+0200] {subprocess.py:93} INFO - [0m02:00:06  Running with dbt=1.8.3
[2025-10-17T04:00:07.794+0200] {subprocess.py:93} INFO - [0m02:00:07  Installing dbt-labs/dbt_utils
[2025-10-17T04:00:14.000+0200] {subprocess.py:93} INFO - [0m02:00:13  Installed from version 1.3.1
[2025-10-17T04:00:14.001+0200] {subprocess.py:93} INFO - [0m02:00:13  Up to date!
[2025-10-17T04:00:16.641+0200] {subprocess.py:97} INFO - Command exited with return code 0
[2025-10-17T04:00:16.643+0200] {taskinstance.py:441} INFO - ::group::Post task execution logs
[2025-10-17T04:00:16.691+0200] {taskinstance.py:1206} INFO - Marking task as SUCCESS. dag_id=etl_api_to_bi, task_id=dbt_deps, run_id=scheduled__2025-10-17T01:45:00+00:00, execution_date=20251017T014500, start_date=20251017T020003, end_date=20251017T020016
[2025-10-17T04:00:16.740+0200] {local_task_job_runner.py:243} INFO - Task exited with return code 0
[2025-10-17T04:00:16.768+0200] {taskinstance.py:3503} INFO - 1 downstream tasks scheduled from follow-on schedule check
[2025-10-17T04:00:16.772+0200] {local_task_job_runner.py:222} INFO - ::endgroup::
