[2025-10-17T23:16:16.790+0200] {local_task_job_runner.py:120} INFO - ::group::Pre task execution logs
[2025-10-17T23:16:16.899+0200] {taskinstance.py:2076} INFO - Dependencies all met for dep_context=non-requeueable deps ti=<TaskInstance: etl_api_to_bi.dbt_build scheduled__2025-10-17T21:00:00+00:00 [queued]>
[2025-10-17T23:16:16.945+0200] {taskinstance.py:2076} INFO - Dependencies all met for dep_context=requeueable deps ti=<TaskInstance: etl_api_to_bi.dbt_build scheduled__2025-10-17T21:00:00+00:00 [queued]>
[2025-10-17T23:16:16.952+0200] {taskinstance.py:2306} INFO - Starting attempt 1 of 3
[2025-10-17T23:16:17.023+0200] {taskinstance.py:2330} INFO - Executing <Task(BashOperator): dbt_build> on 2025-10-17 21:00:00+00:00
[2025-10-17T23:16:17.051+0200] {standard_task_runner.py:64} INFO - Started process 908 to run task
[2025-10-17T23:16:17.067+0200] {standard_task_runner.py:90} INFO - Running: ['airflow', 'tasks', 'run', 'etl_api_to_bi', 'dbt_build', 'scheduled__2025-10-17T21:00:00+00:00', '--job-id', '47', '--raw', '--subdir', 'DAGS_FOLDER/etl_api_to_bi.py', '--cfg-path', '/tmp/tmpti_slgy7']
[2025-10-17T23:16:17.083+0200] {standard_task_runner.py:91} INFO - Job 47: Subtask dbt_build
[2025-10-17T23:16:17.330+0200] {task_command.py:426} INFO - Running <TaskInstance: etl_api_to_bi.dbt_build scheduled__2025-10-17T21:00:00+00:00 [running]> on host fe379a10f98a
[2025-10-17T23:16:18.677+0200] {taskinstance.py:2648} INFO - Exporting env vars: AIRFLOW_CTX_DAG_OWNER='data' AIRFLOW_CTX_DAG_ID='etl_api_to_bi' AIRFLOW_CTX_TASK_ID='dbt_build' AIRFLOW_CTX_EXECUTION_DATE='2025-10-17T21:00:00+00:00' AIRFLOW_CTX_TRY_NUMBER='1' AIRFLOW_CTX_DAG_RUN_ID='scheduled__2025-10-17T21:00:00+00:00'
[2025-10-17T23:16:18.684+0200] {taskinstance.py:430} INFO - ::endgroup::
[2025-10-17T23:16:18.728+0200] {subprocess.py:63} INFO - Tmp dir root location: /tmp
[2025-10-17T23:16:18.749+0200] {subprocess.py:75} INFO - Running command: ['/usr/bin/bash', '-c', "docker exec dbt bash -lc 'cd /usr/app && dbt build --fail-fast --profiles-dir /root/.dbt'"]
[2025-10-17T23:16:18.806+0200] {subprocess.py:86} INFO - Output:
[2025-10-17T23:16:26.474+0200] {subprocess.py:93} INFO - [0m21:16:26  Running with dbt=1.8.3
[2025-10-17T23:16:27.644+0200] {subprocess.py:93} INFO - [0m21:16:27  Registered adapter: postgres=1.8.2
[2025-10-17T23:16:36.847+0200] {subprocess.py:93} INFO - [0m21:16:36  Found 6 models, 11 data tests, 531 macros
[2025-10-17T23:16:36.860+0200] {subprocess.py:93} INFO - [0m21:16:36
[2025-10-17T23:16:37.814+0200] {subprocess.py:93} INFO - [0m21:16:37  Concurrency: 4 threads (target='dev')
[2025-10-17T23:16:37.829+0200] {subprocess.py:93} INFO - [0m21:16:37
[2025-10-17T23:16:37.855+0200] {subprocess.py:93} INFO - [0m21:16:37  1 of 17 START sql view model public_staging.stg_customers ...................... [RUN]
[2025-10-17T23:16:37.895+0200] {subprocess.py:93} INFO - [0m21:16:37  2 of 17 START sql view model public_staging.stg_payments ....................... [RUN]
[2025-10-17T23:16:37.901+0200] {subprocess.py:93} INFO - [0m21:16:37  3 of 17 START sql view model public_staging.stg_sessions ....................... [RUN]
[2025-10-17T23:16:39.809+0200] {subprocess.py:93} INFO - [0m21:16:39  1 of 17 OK created sql view model public_staging.stg_customers ................. [[32mCREATE VIEW[0m in 1.89s]
[2025-10-17T23:16:39.812+0200] {subprocess.py:93} INFO - [0m21:16:39  3 of 17 OK created sql view model public_staging.stg_sessions .................. [[32mCREATE VIEW[0m in 1.89s]
[2025-10-17T23:16:39.817+0200] {subprocess.py:93} INFO - [0m21:16:39  2 of 17 OK created sql view model public_staging.stg_payments .................. [[32mCREATE VIEW[0m in 1.90s]
[2025-10-17T23:16:39.841+0200] {subprocess.py:93} INFO - [0m21:16:39  4 of 17 START test not_null_stg_customers_country .............................. [RUN]
[2025-10-17T23:16:39.850+0200] {subprocess.py:93} INFO - [0m21:16:39  5 of 17 START test not_null_stg_customers_customer_id .......................... [RUN]
[2025-10-17T23:16:39.853+0200] {subprocess.py:93} INFO - [0m21:16:39  6 of 17 START test unique_stg_customers_customer_id ............................ [RUN]
[2025-10-17T23:16:39.871+0200] {subprocess.py:93} INFO - [0m21:16:39  7 of 17 START test accepted_values_stg_sessions_source__google__direct__facebook__linkedin__newsletter__referral__bing  [RUN]
[2025-10-17T23:16:40.952+0200] {subprocess.py:93} INFO - [0m21:16:40  5 of 17 PASS not_null_stg_customers_customer_id ................................ [[32mPASS[0m in 0.89s]
[2025-10-17T23:16:40.996+0200] {subprocess.py:93} INFO - [0m21:16:40  4 of 17 PASS not_null_stg_customers_country .................................... [[32mPASS[0m in 1.09s]
[2025-10-17T23:16:41.102+0200] {subprocess.py:93} INFO - [0m21:16:41  6 of 17 PASS unique_stg_customers_customer_id .................................. [[32mPASS[0m in 1.12s]
[2025-10-17T23:16:41.103+0200] {subprocess.py:93} INFO - [0m21:16:41  8 of 17 START test not_null_stg_sessions_session_id ............................ [RUN]
[2025-10-17T23:16:41.104+0200] {subprocess.py:93} INFO - [0m21:16:41  9 of 17 START test unique_stg_sessions_session_id .............................. [RUN]
[2025-10-17T23:16:41.105+0200] {subprocess.py:93} INFO - [0m21:16:41  10 of 17 START test accepted_values_stg_payments_status__succeeded__failed__refunded  [RUN]
[2025-10-17T23:16:41.196+0200] {subprocess.py:93} INFO - [0m21:16:41  7 of 17 PASS accepted_values_stg_sessions_source__google__direct__facebook__linkedin__newsletter__referral__bing  [[32mPASS[0m in 1.16s]
[2025-10-17T23:16:41.214+0200] {subprocess.py:93} INFO - [0m21:16:41  11 of 17 START test not_null_stg_payments_payment_id ........................... [RUN]
[2025-10-17T23:16:41.545+0200] {subprocess.py:93} INFO - [0m21:16:41  8 of 17 PASS not_null_stg_sessions_session_id .................................. [[32mPASS[0m in 0.47s]
[2025-10-17T23:16:41.617+0200] {subprocess.py:93} INFO - [0m21:16:41  9 of 17 PASS unique_stg_sessions_session_id .................................... [[32mPASS[0m in 0.53s]
[2025-10-17T23:16:41.727+0200] {subprocess.py:93} INFO - [0m21:16:41  12 of 17 START test unique_stg_payments_payment_id ............................. [RUN]
[2025-10-17T23:16:41.910+0200] {subprocess.py:93} INFO - [0m21:16:41  13 of 17 START sql table model public_analytics.dim_customer ................... [RUN]
[2025-10-17T23:16:42.220+0200] {subprocess.py:93} INFO - [0m21:16:42  10 of 17 PASS accepted_values_stg_payments_status__succeeded__failed__refunded . [[32mPASS[0m in 1.13s]
[2025-10-17T23:16:42.246+0200] {subprocess.py:93} INFO - [0m21:16:42  11 of 17 PASS not_null_stg_payments_payment_id ................................. [[32mPASS[0m in 1.02s]
[2025-10-17T23:16:42.269+0200] {subprocess.py:93} INFO - [0m21:16:42  14 of 17 START sql table model public_analytics.fct_marketing_attribution ...... [RUN]
[2025-10-17T23:16:42.603+0200] {subprocess.py:93} INFO - [0m21:16:42  12 of 17 PASS unique_stg_payments_payment_id ................................... [[32mPASS[0m in 0.70s]
[2025-10-17T23:16:42.668+0200] {subprocess.py:93} INFO - [0m21:16:42  15 of 17 START sql table model public_analytics.fct_revenue_daily .............. [RUN]
[2025-10-17T23:16:43.265+0200] {subprocess.py:93} INFO - [0m21:16:43  13 of 17 OK created sql table model public_analytics.dim_customer .............. [[32mSELECT 1006[0m in 1.24s]
[2025-10-17T23:16:44.107+0200] {subprocess.py:93} INFO - [0m21:16:44  15 of 17 OK created sql table model public_analytics.fct_revenue_daily ......... [[32mSELECT 4346[0m in 1.35s]
[2025-10-17T23:16:44.166+0200] {subprocess.py:93} INFO - [0m21:16:44  16 of 17 START test not_null_fct_revenue_daily_order_day ....................... [RUN]
[2025-10-17T23:16:44.981+0200] {subprocess.py:93} INFO - [0m21:16:44  14 of 17 OK created sql table model public_analytics.fct_marketing_attribution . [[32mSELECT 5733[0m in 2.66s]
[2025-10-17T23:16:45.102+0200] {subprocess.py:93} INFO - [0m21:16:45  17 of 17 START test not_null_fct_marketing_attribution_session_day ............. [RUN]
[2025-10-17T23:16:45.605+0200] {subprocess.py:93} INFO - [0m21:16:45  16 of 17 PASS not_null_fct_revenue_daily_order_day ............................. [[32mPASS[0m in 1.39s]
[2025-10-17T23:16:45.814+0200] {subprocess.py:93} INFO - [0m21:16:45  17 of 17 PASS not_null_fct_marketing_attribution_session_day ................... [[32mPASS[0m in 0.62s]
[2025-10-17T23:16:46.302+0200] {subprocess.py:93} INFO - [0m21:16:46
[2025-10-17T23:16:46.311+0200] {subprocess.py:93} INFO - [0m21:16:46  Finished running 3 view models, 11 data tests, 3 table models in 0 hours 0 minutes and 9.44 seconds (9.44s).
[2025-10-17T23:16:47.050+0200] {subprocess.py:93} INFO - [0m21:16:47
[2025-10-17T23:16:47.075+0200] {subprocess.py:93} INFO - [0m21:16:47  [32mCompleted successfully[0m
[2025-10-17T23:16:47.086+0200] {subprocess.py:93} INFO - [0m21:16:47
[2025-10-17T23:16:47.091+0200] {subprocess.py:93} INFO - [0m21:16:47  Done. PASS=17 WARN=0 ERROR=0 SKIP=0 TOTAL=17
[2025-10-17T23:16:48.795+0200] {subprocess.py:97} INFO - Command exited with return code 0
[2025-10-17T23:16:48.800+0200] {taskinstance.py:441} INFO - ::group::Post task execution logs
[2025-10-17T23:16:48.906+0200] {taskinstance.py:1206} INFO - Marking task as SUCCESS. dag_id=etl_api_to_bi, task_id=dbt_build, run_id=scheduled__2025-10-17T21:00:00+00:00, execution_date=20251017T210000, start_date=20251017T211616, end_date=20251017T211648
[2025-10-17T23:16:49.018+0200] {local_task_job_runner.py:243} INFO - Task exited with return code 0
[2025-10-17T23:16:49.100+0200] {taskinstance.py:3503} INFO - 0 downstream tasks scheduled from follow-on schedule check
[2025-10-17T23:16:49.147+0200] {local_task_job_runner.py:222} INFO - ::endgroup::
