[2025-09-28T22:56:14.163+0200] {processor.py:161} INFO - Started process (PID=172) to work on /opt/airflow/dags/etl_api_to_bi.py
[2025-09-28T22:56:14.165+0200] {processor.py:830} INFO - Processing file /opt/airflow/dags/etl_api_to_bi.py for tasks to queue
[2025-09-28T22:56:14.170+0200] {logging_mixin.py:188} INFO - [2025-09-28T22:56:14.169+0200] {dagbag.py:545} INFO - Filling up the DagBag from /opt/airflow/dags/etl_api_to_bi.py
[2025-09-28T22:56:14.235+0200] {processor.py:840} INFO - DAG(s) 'etl_api_to_bi' retrieved from /opt/airflow/dags/etl_api_to_bi.py
[2025-09-28T22:56:14.405+0200] {logging_mixin.py:188} INFO - [2025-09-28T22:56:14.404+0200] {dag.py:3089} INFO - Sync 1 DAGs
[2025-09-28T22:56:14.579+0200] {logging_mixin.py:188} INFO - [2025-09-28T22:56:14.579+0200] {dag.py:3947} INFO - Setting next_dagrun for etl_api_to_bi to 2025-09-28 20:45:00+00:00, run_after=2025-09-28 21:00:00+00:00
[2025-09-28T22:56:14.791+0200] {processor.py:183} INFO - Processing /opt/airflow/dags/etl_api_to_bi.py took 0.638 seconds
[2025-09-28T22:56:45.367+0200] {processor.py:161} INFO - Started process (PID=218) to work on /opt/airflow/dags/etl_api_to_bi.py
[2025-09-28T22:56:45.370+0200] {processor.py:830} INFO - Processing file /opt/airflow/dags/etl_api_to_bi.py for tasks to queue
[2025-09-28T22:56:45.374+0200] {logging_mixin.py:188} INFO - [2025-09-28T22:56:45.373+0200] {dagbag.py:545} INFO - Filling up the DagBag from /opt/airflow/dags/etl_api_to_bi.py
[2025-09-28T22:56:45.420+0200] {processor.py:840} INFO - DAG(s) 'etl_api_to_bi' retrieved from /opt/airflow/dags/etl_api_to_bi.py
[2025-09-28T22:56:45.938+0200] {logging_mixin.py:188} INFO - [2025-09-28T22:56:45.937+0200] {dag.py:3089} INFO - Sync 1 DAGs
[2025-09-28T22:56:45.974+0200] {logging_mixin.py:188} INFO - [2025-09-28T22:56:45.974+0200] {dag.py:3947} INFO - Setting next_dagrun for etl_api_to_bi to 2025-09-28 20:45:00+00:00, run_after=2025-09-28 21:00:00+00:00
[2025-09-28T22:56:46.009+0200] {processor.py:183} INFO - Processing /opt/airflow/dags/etl_api_to_bi.py took 0.654 seconds
[2025-09-28T22:57:16.461+0200] {processor.py:161} INFO - Started process (PID=233) to work on /opt/airflow/dags/etl_api_to_bi.py
[2025-09-28T22:57:16.463+0200] {processor.py:830} INFO - Processing file /opt/airflow/dags/etl_api_to_bi.py for tasks to queue
[2025-09-28T22:57:16.471+0200] {logging_mixin.py:188} INFO - [2025-09-28T22:57:16.470+0200] {dagbag.py:545} INFO - Filling up the DagBag from /opt/airflow/dags/etl_api_to_bi.py
[2025-09-28T22:57:16.523+0200] {processor.py:840} INFO - DAG(s) 'etl_api_to_bi' retrieved from /opt/airflow/dags/etl_api_to_bi.py
[2025-09-28T22:57:16.598+0200] {logging_mixin.py:188} INFO - [2025-09-28T22:57:16.597+0200] {dag.py:3089} INFO - Sync 1 DAGs
[2025-09-28T22:57:16.646+0200] {logging_mixin.py:188} INFO - [2025-09-28T22:57:16.645+0200] {dag.py:3947} INFO - Setting next_dagrun for etl_api_to_bi to 2025-09-28 20:45:00+00:00, run_after=2025-09-28 21:00:00+00:00
[2025-09-28T22:57:16.691+0200] {processor.py:183} INFO - Processing /opt/airflow/dags/etl_api_to_bi.py took 0.254 seconds
[2025-09-28T22:57:46.831+0200] {processor.py:161} INFO - Started process (PID=238) to work on /opt/airflow/dags/etl_api_to_bi.py
[2025-09-28T22:57:46.833+0200] {processor.py:830} INFO - Processing file /opt/airflow/dags/etl_api_to_bi.py for tasks to queue
[2025-09-28T22:57:46.839+0200] {logging_mixin.py:188} INFO - [2025-09-28T22:57:46.838+0200] {dagbag.py:545} INFO - Filling up the DagBag from /opt/airflow/dags/etl_api_to_bi.py
[2025-09-28T22:57:46.882+0200] {processor.py:840} INFO - DAG(s) 'etl_api_to_bi' retrieved from /opt/airflow/dags/etl_api_to_bi.py
[2025-09-28T22:57:46.946+0200] {logging_mixin.py:188} INFO - [2025-09-28T22:57:46.945+0200] {dag.py:3089} INFO - Sync 1 DAGs
[2025-09-28T22:57:47.008+0200] {logging_mixin.py:188} INFO - [2025-09-28T22:57:47.007+0200] {dag.py:3947} INFO - Setting next_dagrun for etl_api_to_bi to 2025-09-28 20:45:00+00:00, run_after=2025-09-28 21:00:00+00:00
[2025-09-28T22:57:47.402+0200] {processor.py:183} INFO - Processing /opt/airflow/dags/etl_api_to_bi.py took 0.585 seconds
[2025-09-28T22:58:17.802+0200] {processor.py:161} INFO - Started process (PID=243) to work on /opt/airflow/dags/etl_api_to_bi.py
[2025-09-28T22:58:17.806+0200] {processor.py:830} INFO - Processing file /opt/airflow/dags/etl_api_to_bi.py for tasks to queue
[2025-09-28T22:58:17.813+0200] {logging_mixin.py:188} INFO - [2025-09-28T22:58:17.811+0200] {dagbag.py:545} INFO - Filling up the DagBag from /opt/airflow/dags/etl_api_to_bi.py
[2025-09-28T22:58:17.862+0200] {processor.py:840} INFO - DAG(s) 'etl_api_to_bi' retrieved from /opt/airflow/dags/etl_api_to_bi.py
[2025-09-28T22:58:17.945+0200] {logging_mixin.py:188} INFO - [2025-09-28T22:58:17.945+0200] {dag.py:3089} INFO - Sync 1 DAGs
[2025-09-28T22:58:18.318+0200] {logging_mixin.py:188} INFO - [2025-09-28T22:58:18.317+0200] {dag.py:3947} INFO - Setting next_dagrun for etl_api_to_bi to 2025-09-28 20:45:00+00:00, run_after=2025-09-28 21:00:00+00:00
[2025-09-28T22:58:18.353+0200] {processor.py:183} INFO - Processing /opt/airflow/dags/etl_api_to_bi.py took 0.573 seconds
[2025-09-28T22:58:49.822+0200] {processor.py:161} INFO - Started process (PID=248) to work on /opt/airflow/dags/etl_api_to_bi.py
[2025-09-28T22:58:49.824+0200] {processor.py:830} INFO - Processing file /opt/airflow/dags/etl_api_to_bi.py for tasks to queue
[2025-09-28T22:58:49.831+0200] {logging_mixin.py:188} INFO - [2025-09-28T22:58:49.830+0200] {dagbag.py:545} INFO - Filling up the DagBag from /opt/airflow/dags/etl_api_to_bi.py
[2025-09-28T22:58:50.024+0200] {processor.py:840} INFO - DAG(s) 'etl_api_to_bi' retrieved from /opt/airflow/dags/etl_api_to_bi.py
[2025-09-28T22:58:50.410+0200] {logging_mixin.py:188} INFO - [2025-09-28T22:58:50.410+0200] {dag.py:3089} INFO - Sync 1 DAGs
[2025-09-28T22:58:50.448+0200] {logging_mixin.py:188} INFO - [2025-09-28T22:58:50.448+0200] {dag.py:3947} INFO - Setting next_dagrun for etl_api_to_bi to 2025-09-28 20:45:00+00:00, run_after=2025-09-28 21:00:00+00:00
[2025-09-28T22:58:50.479+0200] {processor.py:183} INFO - Processing /opt/airflow/dags/etl_api_to_bi.py took 0.674 seconds
[2025-09-28T22:59:21.464+0200] {processor.py:161} INFO - Started process (PID=253) to work on /opt/airflow/dags/etl_api_to_bi.py
[2025-09-28T22:59:21.467+0200] {processor.py:830} INFO - Processing file /opt/airflow/dags/etl_api_to_bi.py for tasks to queue
[2025-09-28T22:59:21.471+0200] {logging_mixin.py:188} INFO - [2025-09-28T22:59:21.470+0200] {dagbag.py:545} INFO - Filling up the DagBag from /opt/airflow/dags/etl_api_to_bi.py
[2025-09-28T22:59:21.512+0200] {processor.py:840} INFO - DAG(s) 'etl_api_to_bi' retrieved from /opt/airflow/dags/etl_api_to_bi.py
[2025-09-28T22:59:21.578+0200] {logging_mixin.py:188} INFO - [2025-09-28T22:59:21.576+0200] {dag.py:3089} INFO - Sync 1 DAGs
[2025-09-28T22:59:21.650+0200] {logging_mixin.py:188} INFO - [2025-09-28T22:59:21.649+0200] {dag.py:3947} INFO - Setting next_dagrun for etl_api_to_bi to 2025-09-28 20:45:00+00:00, run_after=2025-09-28 21:00:00+00:00
[2025-09-28T22:59:21.711+0200] {processor.py:183} INFO - Processing /opt/airflow/dags/etl_api_to_bi.py took 0.268 seconds
[2025-09-28T22:59:51.865+0200] {processor.py:161} INFO - Started process (PID=258) to work on /opt/airflow/dags/etl_api_to_bi.py
[2025-09-28T22:59:51.868+0200] {processor.py:830} INFO - Processing file /opt/airflow/dags/etl_api_to_bi.py for tasks to queue
[2025-09-28T22:59:51.872+0200] {logging_mixin.py:188} INFO - [2025-09-28T22:59:51.871+0200] {dagbag.py:545} INFO - Filling up the DagBag from /opt/airflow/dags/etl_api_to_bi.py
[2025-09-28T22:59:51.924+0200] {processor.py:840} INFO - DAG(s) 'etl_api_to_bi' retrieved from /opt/airflow/dags/etl_api_to_bi.py
[2025-09-28T22:59:52.005+0200] {logging_mixin.py:188} INFO - [2025-09-28T22:59:52.005+0200] {dag.py:3089} INFO - Sync 1 DAGs
[2025-09-28T22:59:52.066+0200] {logging_mixin.py:188} INFO - [2025-09-28T22:59:52.066+0200] {dag.py:3947} INFO - Setting next_dagrun for etl_api_to_bi to 2025-09-28 20:45:00+00:00, run_after=2025-09-28 21:00:00+00:00
[2025-09-28T22:59:52.116+0200] {processor.py:183} INFO - Processing /opt/airflow/dags/etl_api_to_bi.py took 0.267 seconds
[2025-09-28T23:00:23.036+0200] {processor.py:161} INFO - Started process (PID=282) to work on /opt/airflow/dags/etl_api_to_bi.py
[2025-09-28T23:00:23.068+0200] {processor.py:830} INFO - Processing file /opt/airflow/dags/etl_api_to_bi.py for tasks to queue
[2025-09-28T23:00:23.076+0200] {logging_mixin.py:188} INFO - [2025-09-28T23:00:23.073+0200] {dagbag.py:545} INFO - Filling up the DagBag from /opt/airflow/dags/etl_api_to_bi.py
[2025-09-28T23:00:23.157+0200] {processor.py:840} INFO - DAG(s) 'etl_api_to_bi' retrieved from /opt/airflow/dags/etl_api_to_bi.py
[2025-09-28T23:00:23.254+0200] {logging_mixin.py:188} INFO - [2025-09-28T23:00:23.253+0200] {dag.py:3089} INFO - Sync 1 DAGs
[2025-09-28T23:00:23.316+0200] {logging_mixin.py:188} INFO - [2025-09-28T23:00:23.315+0200] {dag.py:3947} INFO - Setting next_dagrun for etl_api_to_bi to 2025-09-28 21:00:00+00:00, run_after=2025-09-28 21:15:00+00:00
[2025-09-28T23:00:23.368+0200] {processor.py:183} INFO - Processing /opt/airflow/dags/etl_api_to_bi.py took 0.361 seconds
[2025-09-28T23:00:53.725+0200] {processor.py:161} INFO - Started process (PID=300) to work on /opt/airflow/dags/etl_api_to_bi.py
[2025-09-28T23:00:53.727+0200] {processor.py:830} INFO - Processing file /opt/airflow/dags/etl_api_to_bi.py for tasks to queue
[2025-09-28T23:00:53.730+0200] {logging_mixin.py:188} INFO - [2025-09-28T23:00:53.729+0200] {dagbag.py:545} INFO - Filling up the DagBag from /opt/airflow/dags/etl_api_to_bi.py
[2025-09-28T23:00:53.788+0200] {processor.py:840} INFO - DAG(s) 'etl_api_to_bi' retrieved from /opt/airflow/dags/etl_api_to_bi.py
[2025-09-28T23:00:53.843+0200] {logging_mixin.py:188} INFO - [2025-09-28T23:00:53.843+0200] {dag.py:3089} INFO - Sync 1 DAGs
[2025-09-28T23:00:53.876+0200] {logging_mixin.py:188} INFO - [2025-09-28T23:00:53.876+0200] {dag.py:3947} INFO - Setting next_dagrun for etl_api_to_bi to 2025-09-28 21:00:00+00:00, run_after=2025-09-28 21:15:00+00:00
[2025-09-28T23:00:53.906+0200] {processor.py:183} INFO - Processing /opt/airflow/dags/etl_api_to_bi.py took 0.191 seconds
[2025-09-28T23:01:25.098+0200] {processor.py:161} INFO - Started process (PID=305) to work on /opt/airflow/dags/etl_api_to_bi.py
[2025-09-28T23:01:25.100+0200] {processor.py:830} INFO - Processing file /opt/airflow/dags/etl_api_to_bi.py for tasks to queue
[2025-09-28T23:01:25.103+0200] {logging_mixin.py:188} INFO - [2025-09-28T23:01:25.102+0200] {dagbag.py:545} INFO - Filling up the DagBag from /opt/airflow/dags/etl_api_to_bi.py
[2025-09-28T23:01:25.139+0200] {processor.py:840} INFO - DAG(s) 'etl_api_to_bi' retrieved from /opt/airflow/dags/etl_api_to_bi.py
[2025-09-28T23:01:25.187+0200] {logging_mixin.py:188} INFO - [2025-09-28T23:01:25.187+0200] {dag.py:3089} INFO - Sync 1 DAGs
[2025-09-28T23:01:25.224+0200] {logging_mixin.py:188} INFO - [2025-09-28T23:01:25.224+0200] {dag.py:3947} INFO - Setting next_dagrun for etl_api_to_bi to 2025-09-28 21:00:00+00:00, run_after=2025-09-28 21:15:00+00:00
[2025-09-28T23:01:25.249+0200] {processor.py:183} INFO - Processing /opt/airflow/dags/etl_api_to_bi.py took 0.162 seconds
[2025-09-28T23:01:55.639+0200] {processor.py:161} INFO - Started process (PID=310) to work on /opt/airflow/dags/etl_api_to_bi.py
[2025-09-28T23:01:55.641+0200] {processor.py:830} INFO - Processing file /opt/airflow/dags/etl_api_to_bi.py for tasks to queue
[2025-09-28T23:01:55.646+0200] {logging_mixin.py:188} INFO - [2025-09-28T23:01:55.645+0200] {dagbag.py:545} INFO - Filling up the DagBag from /opt/airflow/dags/etl_api_to_bi.py
[2025-09-28T23:01:55.690+0200] {processor.py:840} INFO - DAG(s) 'etl_api_to_bi' retrieved from /opt/airflow/dags/etl_api_to_bi.py
[2025-09-28T23:01:55.821+0200] {logging_mixin.py:188} INFO - [2025-09-28T23:01:55.820+0200] {dag.py:3089} INFO - Sync 1 DAGs
[2025-09-28T23:01:55.868+0200] {logging_mixin.py:188} INFO - [2025-09-28T23:01:55.867+0200] {dag.py:3947} INFO - Setting next_dagrun for etl_api_to_bi to 2025-09-28 21:00:00+00:00, run_after=2025-09-28 21:15:00+00:00
[2025-09-28T23:01:55.911+0200] {processor.py:183} INFO - Processing /opt/airflow/dags/etl_api_to_bi.py took 0.286 seconds
[2025-09-28T23:02:26.943+0200] {processor.py:161} INFO - Started process (PID=315) to work on /opt/airflow/dags/etl_api_to_bi.py
[2025-09-28T23:02:26.945+0200] {processor.py:830} INFO - Processing file /opt/airflow/dags/etl_api_to_bi.py for tasks to queue
[2025-09-28T23:02:26.949+0200] {logging_mixin.py:188} INFO - [2025-09-28T23:02:26.948+0200] {dagbag.py:545} INFO - Filling up the DagBag from /opt/airflow/dags/etl_api_to_bi.py
[2025-09-28T23:02:26.992+0200] {processor.py:840} INFO - DAG(s) 'etl_api_to_bi' retrieved from /opt/airflow/dags/etl_api_to_bi.py
[2025-09-28T23:02:27.062+0200] {logging_mixin.py:188} INFO - [2025-09-28T23:02:27.062+0200] {dag.py:3089} INFO - Sync 1 DAGs
[2025-09-28T23:02:27.100+0200] {logging_mixin.py:188} INFO - [2025-09-28T23:02:27.100+0200] {dag.py:3947} INFO - Setting next_dagrun for etl_api_to_bi to 2025-09-28 21:00:00+00:00, run_after=2025-09-28 21:15:00+00:00
[2025-09-28T23:02:27.130+0200] {processor.py:183} INFO - Processing /opt/airflow/dags/etl_api_to_bi.py took 0.197 seconds
[2025-09-28T23:02:58.620+0200] {processor.py:161} INFO - Started process (PID=320) to work on /opt/airflow/dags/etl_api_to_bi.py
[2025-09-28T23:02:58.622+0200] {processor.py:830} INFO - Processing file /opt/airflow/dags/etl_api_to_bi.py for tasks to queue
[2025-09-28T23:02:58.626+0200] {logging_mixin.py:188} INFO - [2025-09-28T23:02:58.626+0200] {dagbag.py:545} INFO - Filling up the DagBag from /opt/airflow/dags/etl_api_to_bi.py
[2025-09-28T23:02:58.665+0200] {processor.py:840} INFO - DAG(s) 'etl_api_to_bi' retrieved from /opt/airflow/dags/etl_api_to_bi.py
[2025-09-28T23:02:58.715+0200] {logging_mixin.py:188} INFO - [2025-09-28T23:02:58.715+0200] {dag.py:3089} INFO - Sync 1 DAGs
[2025-09-28T23:02:58.746+0200] {logging_mixin.py:188} INFO - [2025-09-28T23:02:58.746+0200] {dag.py:3947} INFO - Setting next_dagrun for etl_api_to_bi to 2025-09-28 21:00:00+00:00, run_after=2025-09-28 21:15:00+00:00
[2025-09-28T23:02:58.773+0200] {processor.py:183} INFO - Processing /opt/airflow/dags/etl_api_to_bi.py took 0.167 seconds
[2025-09-28T23:03:29.271+0200] {processor.py:161} INFO - Started process (PID=325) to work on /opt/airflow/dags/etl_api_to_bi.py
[2025-09-28T23:03:29.274+0200] {processor.py:830} INFO - Processing file /opt/airflow/dags/etl_api_to_bi.py for tasks to queue
[2025-09-28T23:03:29.278+0200] {logging_mixin.py:188} INFO - [2025-09-28T23:03:29.277+0200] {dagbag.py:545} INFO - Filling up the DagBag from /opt/airflow/dags/etl_api_to_bi.py
[2025-09-28T23:03:29.321+0200] {processor.py:840} INFO - DAG(s) 'etl_api_to_bi' retrieved from /opt/airflow/dags/etl_api_to_bi.py
[2025-09-28T23:03:29.393+0200] {logging_mixin.py:188} INFO - [2025-09-28T23:03:29.393+0200] {dag.py:3089} INFO - Sync 1 DAGs
[2025-09-28T23:03:29.464+0200] {logging_mixin.py:188} INFO - [2025-09-28T23:03:29.463+0200] {dag.py:3947} INFO - Setting next_dagrun for etl_api_to_bi to 2025-09-28 21:00:00+00:00, run_after=2025-09-28 21:15:00+00:00
[2025-09-28T23:03:29.562+0200] {processor.py:183} INFO - Processing /opt/airflow/dags/etl_api_to_bi.py took 0.304 seconds
[2025-09-28T23:04:00.809+0200] {processor.py:161} INFO - Started process (PID=330) to work on /opt/airflow/dags/etl_api_to_bi.py
[2025-09-28T23:04:00.812+0200] {processor.py:830} INFO - Processing file /opt/airflow/dags/etl_api_to_bi.py for tasks to queue
[2025-09-28T23:04:00.815+0200] {logging_mixin.py:188} INFO - [2025-09-28T23:04:00.815+0200] {dagbag.py:545} INFO - Filling up the DagBag from /opt/airflow/dags/etl_api_to_bi.py
[2025-09-28T23:04:00.858+0200] {processor.py:840} INFO - DAG(s) 'etl_api_to_bi' retrieved from /opt/airflow/dags/etl_api_to_bi.py
[2025-09-28T23:04:00.938+0200] {logging_mixin.py:188} INFO - [2025-09-28T23:04:00.937+0200] {dag.py:3089} INFO - Sync 1 DAGs
[2025-09-28T23:04:00.980+0200] {logging_mixin.py:188} INFO - [2025-09-28T23:04:00.979+0200] {dag.py:3947} INFO - Setting next_dagrun for etl_api_to_bi to 2025-09-28 21:00:00+00:00, run_after=2025-09-28 21:15:00+00:00
[2025-09-28T23:04:01.027+0200] {processor.py:183} INFO - Processing /opt/airflow/dags/etl_api_to_bi.py took 0.229 seconds
[2025-09-28T23:04:31.412+0200] {processor.py:161} INFO - Started process (PID=335) to work on /opt/airflow/dags/etl_api_to_bi.py
[2025-09-28T23:04:31.414+0200] {processor.py:830} INFO - Processing file /opt/airflow/dags/etl_api_to_bi.py for tasks to queue
[2025-09-28T23:04:31.420+0200] {logging_mixin.py:188} INFO - [2025-09-28T23:04:31.419+0200] {dagbag.py:545} INFO - Filling up the DagBag from /opt/airflow/dags/etl_api_to_bi.py
[2025-09-28T23:04:31.467+0200] {processor.py:840} INFO - DAG(s) 'etl_api_to_bi' retrieved from /opt/airflow/dags/etl_api_to_bi.py
[2025-09-28T23:04:31.555+0200] {logging_mixin.py:188} INFO - [2025-09-28T23:04:31.555+0200] {dag.py:3089} INFO - Sync 1 DAGs
[2025-09-28T23:04:31.617+0200] {logging_mixin.py:188} INFO - [2025-09-28T23:04:31.616+0200] {dag.py:3947} INFO - Setting next_dagrun for etl_api_to_bi to 2025-09-28 21:00:00+00:00, run_after=2025-09-28 21:15:00+00:00
[2025-09-28T23:04:31.660+0200] {processor.py:183} INFO - Processing /opt/airflow/dags/etl_api_to_bi.py took 0.268 seconds
[2025-09-28T23:05:02.736+0200] {processor.py:161} INFO - Started process (PID=340) to work on /opt/airflow/dags/etl_api_to_bi.py
[2025-09-28T23:05:02.738+0200] {processor.py:830} INFO - Processing file /opt/airflow/dags/etl_api_to_bi.py for tasks to queue
[2025-09-28T23:05:02.741+0200] {logging_mixin.py:188} INFO - [2025-09-28T23:05:02.740+0200] {dagbag.py:545} INFO - Filling up the DagBag from /opt/airflow/dags/etl_api_to_bi.py
[2025-09-28T23:05:02.782+0200] {processor.py:840} INFO - DAG(s) 'etl_api_to_bi' retrieved from /opt/airflow/dags/etl_api_to_bi.py
[2025-09-28T23:05:02.853+0200] {logging_mixin.py:188} INFO - [2025-09-28T23:05:02.853+0200] {dag.py:3089} INFO - Sync 1 DAGs
[2025-09-28T23:05:02.906+0200] {logging_mixin.py:188} INFO - [2025-09-28T23:05:02.905+0200] {dag.py:3947} INFO - Setting next_dagrun for etl_api_to_bi to 2025-09-28 21:00:00+00:00, run_after=2025-09-28 21:15:00+00:00
[2025-09-28T23:05:02.952+0200] {processor.py:183} INFO - Processing /opt/airflow/dags/etl_api_to_bi.py took 0.227 seconds
[2025-09-28T23:05:34.106+0200] {processor.py:161} INFO - Started process (PID=345) to work on /opt/airflow/dags/etl_api_to_bi.py
[2025-09-28T23:05:34.108+0200] {processor.py:830} INFO - Processing file /opt/airflow/dags/etl_api_to_bi.py for tasks to queue
[2025-09-28T23:05:34.112+0200] {logging_mixin.py:188} INFO - [2025-09-28T23:05:34.112+0200] {dagbag.py:545} INFO - Filling up the DagBag from /opt/airflow/dags/etl_api_to_bi.py
[2025-09-28T23:05:34.146+0200] {processor.py:840} INFO - DAG(s) 'etl_api_to_bi' retrieved from /opt/airflow/dags/etl_api_to_bi.py
[2025-09-28T23:05:34.195+0200] {logging_mixin.py:188} INFO - [2025-09-28T23:05:34.195+0200] {dag.py:3089} INFO - Sync 1 DAGs
[2025-09-28T23:05:34.224+0200] {logging_mixin.py:188} INFO - [2025-09-28T23:05:34.224+0200] {dag.py:3947} INFO - Setting next_dagrun for etl_api_to_bi to 2025-09-28 21:00:00+00:00, run_after=2025-09-28 21:15:00+00:00
[2025-09-28T23:05:34.260+0200] {processor.py:183} INFO - Processing /opt/airflow/dags/etl_api_to_bi.py took 0.164 seconds
[2025-09-28T23:06:04.680+0200] {processor.py:161} INFO - Started process (PID=350) to work on /opt/airflow/dags/etl_api_to_bi.py
[2025-09-28T23:06:04.682+0200] {processor.py:830} INFO - Processing file /opt/airflow/dags/etl_api_to_bi.py for tasks to queue
[2025-09-28T23:06:04.688+0200] {logging_mixin.py:188} INFO - [2025-09-28T23:06:04.687+0200] {dagbag.py:545} INFO - Filling up the DagBag from /opt/airflow/dags/etl_api_to_bi.py
[2025-09-28T23:06:04.743+0200] {processor.py:840} INFO - DAG(s) 'etl_api_to_bi' retrieved from /opt/airflow/dags/etl_api_to_bi.py
[2025-09-28T23:06:04.822+0200] {logging_mixin.py:188} INFO - [2025-09-28T23:06:04.822+0200] {dag.py:3089} INFO - Sync 1 DAGs
[2025-09-28T23:06:04.870+0200] {logging_mixin.py:188} INFO - [2025-09-28T23:06:04.870+0200] {dag.py:3947} INFO - Setting next_dagrun for etl_api_to_bi to 2025-09-28 21:00:00+00:00, run_after=2025-09-28 21:15:00+00:00
[2025-09-28T23:06:04.919+0200] {processor.py:183} INFO - Processing /opt/airflow/dags/etl_api_to_bi.py took 0.255 seconds
[2025-09-28T23:06:36.172+0200] {processor.py:161} INFO - Started process (PID=355) to work on /opt/airflow/dags/etl_api_to_bi.py
[2025-09-28T23:06:36.175+0200] {processor.py:830} INFO - Processing file /opt/airflow/dags/etl_api_to_bi.py for tasks to queue
[2025-09-28T23:06:36.179+0200] {logging_mixin.py:188} INFO - [2025-09-28T23:06:36.178+0200] {dagbag.py:545} INFO - Filling up the DagBag from /opt/airflow/dags/etl_api_to_bi.py
[2025-09-28T23:06:36.217+0200] {processor.py:840} INFO - DAG(s) 'etl_api_to_bi' retrieved from /opt/airflow/dags/etl_api_to_bi.py
[2025-09-28T23:06:36.265+0200] {logging_mixin.py:188} INFO - [2025-09-28T23:06:36.264+0200] {dag.py:3089} INFO - Sync 1 DAGs
[2025-09-28T23:06:36.296+0200] {logging_mixin.py:188} INFO - [2025-09-28T23:06:36.296+0200] {dag.py:3947} INFO - Setting next_dagrun for etl_api_to_bi to 2025-09-28 21:00:00+00:00, run_after=2025-09-28 21:15:00+00:00
[2025-09-28T23:06:36.323+0200] {processor.py:183} INFO - Processing /opt/airflow/dags/etl_api_to_bi.py took 0.163 seconds
[2025-09-28T23:07:07.510+0200] {processor.py:161} INFO - Started process (PID=360) to work on /opt/airflow/dags/etl_api_to_bi.py
[2025-09-28T23:07:07.512+0200] {processor.py:830} INFO - Processing file /opt/airflow/dags/etl_api_to_bi.py for tasks to queue
[2025-09-28T23:07:07.516+0200] {logging_mixin.py:188} INFO - [2025-09-28T23:07:07.516+0200] {dagbag.py:545} INFO - Filling up the DagBag from /opt/airflow/dags/etl_api_to_bi.py
[2025-09-28T23:07:07.568+0200] {processor.py:840} INFO - DAG(s) 'etl_api_to_bi' retrieved from /opt/airflow/dags/etl_api_to_bi.py
[2025-09-28T23:07:07.643+0200] {logging_mixin.py:188} INFO - [2025-09-28T23:07:07.643+0200] {dag.py:3089} INFO - Sync 1 DAGs
[2025-09-28T23:07:07.684+0200] {logging_mixin.py:188} INFO - [2025-09-28T23:07:07.683+0200] {dag.py:3947} INFO - Setting next_dagrun for etl_api_to_bi to 2025-09-28 21:00:00+00:00, run_after=2025-09-28 21:15:00+00:00
[2025-09-28T23:07:07.732+0200] {processor.py:183} INFO - Processing /opt/airflow/dags/etl_api_to_bi.py took 0.236 seconds
[2025-09-28T23:07:38.075+0200] {processor.py:161} INFO - Started process (PID=365) to work on /opt/airflow/dags/etl_api_to_bi.py
[2025-09-28T23:07:38.077+0200] {processor.py:830} INFO - Processing file /opt/airflow/dags/etl_api_to_bi.py for tasks to queue
[2025-09-28T23:07:38.081+0200] {logging_mixin.py:188} INFO - [2025-09-28T23:07:38.080+0200] {dagbag.py:545} INFO - Filling up the DagBag from /opt/airflow/dags/etl_api_to_bi.py
[2025-09-28T23:07:38.139+0200] {processor.py:840} INFO - DAG(s) 'etl_api_to_bi' retrieved from /opt/airflow/dags/etl_api_to_bi.py
[2025-09-28T23:07:38.218+0200] {logging_mixin.py:188} INFO - [2025-09-28T23:07:38.218+0200] {dag.py:3089} INFO - Sync 1 DAGs
[2025-09-28T23:07:38.261+0200] {logging_mixin.py:188} INFO - [2025-09-28T23:07:38.261+0200] {dag.py:3947} INFO - Setting next_dagrun for etl_api_to_bi to 2025-09-28 21:00:00+00:00, run_after=2025-09-28 21:15:00+00:00
[2025-09-28T23:07:38.296+0200] {processor.py:183} INFO - Processing /opt/airflow/dags/etl_api_to_bi.py took 0.234 seconds
[2025-09-28T23:08:09.476+0200] {processor.py:161} INFO - Started process (PID=370) to work on /opt/airflow/dags/etl_api_to_bi.py
[2025-09-28T23:08:09.477+0200] {processor.py:830} INFO - Processing file /opt/airflow/dags/etl_api_to_bi.py for tasks to queue
[2025-09-28T23:08:09.480+0200] {logging_mixin.py:188} INFO - [2025-09-28T23:08:09.479+0200] {dagbag.py:545} INFO - Filling up the DagBag from /opt/airflow/dags/etl_api_to_bi.py
[2025-09-28T23:08:09.521+0200] {processor.py:840} INFO - DAG(s) 'etl_api_to_bi' retrieved from /opt/airflow/dags/etl_api_to_bi.py
[2025-09-28T23:08:09.574+0200] {logging_mixin.py:188} INFO - [2025-09-28T23:08:09.574+0200] {dag.py:3089} INFO - Sync 1 DAGs
[2025-09-28T23:08:09.603+0200] {logging_mixin.py:188} INFO - [2025-09-28T23:08:09.603+0200] {dag.py:3947} INFO - Setting next_dagrun for etl_api_to_bi to 2025-09-28 21:00:00+00:00, run_after=2025-09-28 21:15:00+00:00
[2025-09-28T23:08:09.647+0200] {processor.py:183} INFO - Processing /opt/airflow/dags/etl_api_to_bi.py took 0.182 seconds
[2025-09-28T23:08:40.823+0200] {processor.py:161} INFO - Started process (PID=375) to work on /opt/airflow/dags/etl_api_to_bi.py
[2025-09-28T23:08:40.825+0200] {processor.py:830} INFO - Processing file /opt/airflow/dags/etl_api_to_bi.py for tasks to queue
[2025-09-28T23:08:40.829+0200] {logging_mixin.py:188} INFO - [2025-09-28T23:08:40.829+0200] {dagbag.py:545} INFO - Filling up the DagBag from /opt/airflow/dags/etl_api_to_bi.py
[2025-09-28T23:08:40.874+0200] {processor.py:840} INFO - DAG(s) 'etl_api_to_bi' retrieved from /opt/airflow/dags/etl_api_to_bi.py
[2025-09-28T23:08:40.953+0200] {logging_mixin.py:188} INFO - [2025-09-28T23:08:40.953+0200] {dag.py:3089} INFO - Sync 1 DAGs
[2025-09-28T23:08:41.020+0200] {logging_mixin.py:188} INFO - [2025-09-28T23:08:41.019+0200] {dag.py:3947} INFO - Setting next_dagrun for etl_api_to_bi to 2025-09-28 21:00:00+00:00, run_after=2025-09-28 21:15:00+00:00
[2025-09-28T23:08:41.077+0200] {processor.py:183} INFO - Processing /opt/airflow/dags/etl_api_to_bi.py took 0.269 seconds
[2025-09-28T23:09:11.451+0200] {processor.py:161} INFO - Started process (PID=380) to work on /opt/airflow/dags/etl_api_to_bi.py
[2025-09-28T23:09:11.453+0200] {processor.py:830} INFO - Processing file /opt/airflow/dags/etl_api_to_bi.py for tasks to queue
[2025-09-28T23:09:11.456+0200] {logging_mixin.py:188} INFO - [2025-09-28T23:09:11.456+0200] {dagbag.py:545} INFO - Filling up the DagBag from /opt/airflow/dags/etl_api_to_bi.py
[2025-09-28T23:09:11.489+0200] {processor.py:840} INFO - DAG(s) 'etl_api_to_bi' retrieved from /opt/airflow/dags/etl_api_to_bi.py
[2025-09-28T23:09:11.535+0200] {logging_mixin.py:188} INFO - [2025-09-28T23:09:11.534+0200] {dag.py:3089} INFO - Sync 1 DAGs
[2025-09-28T23:09:11.563+0200] {logging_mixin.py:188} INFO - [2025-09-28T23:09:11.563+0200] {dag.py:3947} INFO - Setting next_dagrun for etl_api_to_bi to 2025-09-28 21:00:00+00:00, run_after=2025-09-28 21:15:00+00:00
[2025-09-28T23:09:11.588+0200] {processor.py:183} INFO - Processing /opt/airflow/dags/etl_api_to_bi.py took 0.145 seconds
[2025-09-28T23:09:42.845+0200] {processor.py:161} INFO - Started process (PID=385) to work on /opt/airflow/dags/etl_api_to_bi.py
[2025-09-28T23:09:42.847+0200] {processor.py:830} INFO - Processing file /opt/airflow/dags/etl_api_to_bi.py for tasks to queue
[2025-09-28T23:09:42.850+0200] {logging_mixin.py:188} INFO - [2025-09-28T23:09:42.850+0200] {dagbag.py:545} INFO - Filling up the DagBag from /opt/airflow/dags/etl_api_to_bi.py
[2025-09-28T23:09:42.914+0200] {processor.py:840} INFO - DAG(s) 'etl_api_to_bi' retrieved from /opt/airflow/dags/etl_api_to_bi.py
[2025-09-28T23:09:43.020+0200] {logging_mixin.py:188} INFO - [2025-09-28T23:09:43.019+0200] {dag.py:3089} INFO - Sync 1 DAGs
[2025-09-28T23:09:43.148+0200] {logging_mixin.py:188} INFO - [2025-09-28T23:09:43.148+0200] {dag.py:3947} INFO - Setting next_dagrun for etl_api_to_bi to 2025-09-28 21:00:00+00:00, run_after=2025-09-28 21:15:00+00:00
[2025-09-28T23:09:43.218+0200] {processor.py:183} INFO - Processing /opt/airflow/dags/etl_api_to_bi.py took 0.385 seconds
[2025-09-28T23:10:14.412+0200] {processor.py:161} INFO - Started process (PID=390) to work on /opt/airflow/dags/etl_api_to_bi.py
[2025-09-28T23:10:14.414+0200] {processor.py:830} INFO - Processing file /opt/airflow/dags/etl_api_to_bi.py for tasks to queue
[2025-09-28T23:10:14.422+0200] {logging_mixin.py:188} INFO - [2025-09-28T23:10:14.421+0200] {dagbag.py:545} INFO - Filling up the DagBag from /opt/airflow/dags/etl_api_to_bi.py
[2025-09-28T23:10:14.472+0200] {processor.py:840} INFO - DAG(s) 'etl_api_to_bi' retrieved from /opt/airflow/dags/etl_api_to_bi.py
[2025-09-28T23:10:14.551+0200] {logging_mixin.py:188} INFO - [2025-09-28T23:10:14.550+0200] {dag.py:3089} INFO - Sync 1 DAGs
[2025-09-28T23:10:14.603+0200] {logging_mixin.py:188} INFO - [2025-09-28T23:10:14.603+0200] {dag.py:3947} INFO - Setting next_dagrun for etl_api_to_bi to 2025-09-28 21:00:00+00:00, run_after=2025-09-28 21:15:00+00:00
[2025-09-28T23:10:14.635+0200] {processor.py:183} INFO - Processing /opt/airflow/dags/etl_api_to_bi.py took 0.239 seconds
[2025-09-28T23:10:44.952+0200] {processor.py:161} INFO - Started process (PID=395) to work on /opt/airflow/dags/etl_api_to_bi.py
[2025-09-28T23:10:44.954+0200] {processor.py:830} INFO - Processing file /opt/airflow/dags/etl_api_to_bi.py for tasks to queue
[2025-09-28T23:10:44.956+0200] {logging_mixin.py:188} INFO - [2025-09-28T23:10:44.956+0200] {dagbag.py:545} INFO - Filling up the DagBag from /opt/airflow/dags/etl_api_to_bi.py
[2025-09-28T23:10:44.998+0200] {processor.py:840} INFO - DAG(s) 'etl_api_to_bi' retrieved from /opt/airflow/dags/etl_api_to_bi.py
[2025-09-28T23:10:45.049+0200] {logging_mixin.py:188} INFO - [2025-09-28T23:10:45.048+0200] {dag.py:3089} INFO - Sync 1 DAGs
[2025-09-28T23:10:45.083+0200] {logging_mixin.py:188} INFO - [2025-09-28T23:10:45.083+0200] {dag.py:3947} INFO - Setting next_dagrun for etl_api_to_bi to 2025-09-28 21:00:00+00:00, run_after=2025-09-28 21:15:00+00:00
[2025-09-28T23:10:45.112+0200] {processor.py:183} INFO - Processing /opt/airflow/dags/etl_api_to_bi.py took 0.169 seconds
[2025-09-28T23:11:16.420+0200] {processor.py:161} INFO - Started process (PID=400) to work on /opt/airflow/dags/etl_api_to_bi.py
[2025-09-28T23:11:16.425+0200] {processor.py:830} INFO - Processing file /opt/airflow/dags/etl_api_to_bi.py for tasks to queue
[2025-09-28T23:11:16.429+0200] {logging_mixin.py:188} INFO - [2025-09-28T23:11:16.429+0200] {dagbag.py:545} INFO - Filling up the DagBag from /opt/airflow/dags/etl_api_to_bi.py
[2025-09-28T23:11:16.476+0200] {processor.py:840} INFO - DAG(s) 'etl_api_to_bi' retrieved from /opt/airflow/dags/etl_api_to_bi.py
[2025-09-28T23:11:16.534+0200] {logging_mixin.py:188} INFO - [2025-09-28T23:11:16.534+0200] {dag.py:3089} INFO - Sync 1 DAGs
[2025-09-28T23:11:16.565+0200] {logging_mixin.py:188} INFO - [2025-09-28T23:11:16.565+0200] {dag.py:3947} INFO - Setting next_dagrun for etl_api_to_bi to 2025-09-28 21:00:00+00:00, run_after=2025-09-28 21:15:00+00:00
[2025-09-28T23:11:16.598+0200] {processor.py:183} INFO - Processing /opt/airflow/dags/etl_api_to_bi.py took 0.197 seconds
[2025-09-28T23:11:47.801+0200] {processor.py:161} INFO - Started process (PID=405) to work on /opt/airflow/dags/etl_api_to_bi.py
[2025-09-28T23:11:47.803+0200] {processor.py:830} INFO - Processing file /opt/airflow/dags/etl_api_to_bi.py for tasks to queue
[2025-09-28T23:11:47.806+0200] {logging_mixin.py:188} INFO - [2025-09-28T23:11:47.805+0200] {dagbag.py:545} INFO - Filling up the DagBag from /opt/airflow/dags/etl_api_to_bi.py
[2025-09-28T23:11:47.841+0200] {processor.py:840} INFO - DAG(s) 'etl_api_to_bi' retrieved from /opt/airflow/dags/etl_api_to_bi.py
[2025-09-28T23:11:47.902+0200] {logging_mixin.py:188} INFO - [2025-09-28T23:11:47.901+0200] {dag.py:3089} INFO - Sync 1 DAGs
[2025-09-28T23:11:47.943+0200] {logging_mixin.py:188} INFO - [2025-09-28T23:11:47.942+0200] {dag.py:3947} INFO - Setting next_dagrun for etl_api_to_bi to 2025-09-28 21:00:00+00:00, run_after=2025-09-28 21:15:00+00:00
[2025-09-28T23:11:47.980+0200] {processor.py:183} INFO - Processing /opt/airflow/dags/etl_api_to_bi.py took 0.192 seconds
[2025-09-28T23:12:18.753+0200] {processor.py:161} INFO - Started process (PID=410) to work on /opt/airflow/dags/etl_api_to_bi.py
[2025-09-28T23:12:18.754+0200] {processor.py:830} INFO - Processing file /opt/airflow/dags/etl_api_to_bi.py for tasks to queue
[2025-09-28T23:12:18.758+0200] {logging_mixin.py:188} INFO - [2025-09-28T23:12:18.758+0200] {dagbag.py:545} INFO - Filling up the DagBag from /opt/airflow/dags/etl_api_to_bi.py
[2025-09-28T23:12:18.793+0200] {processor.py:840} INFO - DAG(s) 'etl_api_to_bi' retrieved from /opt/airflow/dags/etl_api_to_bi.py
[2025-09-28T23:12:18.839+0200] {logging_mixin.py:188} INFO - [2025-09-28T23:12:18.838+0200] {dag.py:3089} INFO - Sync 1 DAGs
[2025-09-28T23:12:18.867+0200] {logging_mixin.py:188} INFO - [2025-09-28T23:12:18.866+0200] {dag.py:3947} INFO - Setting next_dagrun for etl_api_to_bi to 2025-09-28 21:00:00+00:00, run_after=2025-09-28 21:15:00+00:00
[2025-09-28T23:12:18.895+0200] {processor.py:183} INFO - Processing /opt/airflow/dags/etl_api_to_bi.py took 0.153 seconds
[2025-09-28T23:12:49.161+0200] {processor.py:161} INFO - Started process (PID=415) to work on /opt/airflow/dags/etl_api_to_bi.py
[2025-09-28T23:12:49.164+0200] {processor.py:830} INFO - Processing file /opt/airflow/dags/etl_api_to_bi.py for tasks to queue
[2025-09-28T23:12:49.167+0200] {logging_mixin.py:188} INFO - [2025-09-28T23:12:49.167+0200] {dagbag.py:545} INFO - Filling up the DagBag from /opt/airflow/dags/etl_api_to_bi.py
[2025-09-28T23:12:49.214+0200] {processor.py:840} INFO - DAG(s) 'etl_api_to_bi' retrieved from /opt/airflow/dags/etl_api_to_bi.py
[2025-09-28T23:12:49.271+0200] {logging_mixin.py:188} INFO - [2025-09-28T23:12:49.271+0200] {dag.py:3089} INFO - Sync 1 DAGs
[2025-09-28T23:12:49.305+0200] {logging_mixin.py:188} INFO - [2025-09-28T23:12:49.305+0200] {dag.py:3947} INFO - Setting next_dagrun for etl_api_to_bi to 2025-09-28 21:00:00+00:00, run_after=2025-09-28 21:15:00+00:00
[2025-09-28T23:12:49.336+0200] {processor.py:183} INFO - Processing /opt/airflow/dags/etl_api_to_bi.py took 0.186 seconds
[2025-09-28T23:13:20.472+0200] {processor.py:161} INFO - Started process (PID=420) to work on /opt/airflow/dags/etl_api_to_bi.py
[2025-09-28T23:13:20.474+0200] {processor.py:830} INFO - Processing file /opt/airflow/dags/etl_api_to_bi.py for tasks to queue
[2025-09-28T23:13:20.477+0200] {logging_mixin.py:188} INFO - [2025-09-28T23:13:20.476+0200] {dagbag.py:545} INFO - Filling up the DagBag from /opt/airflow/dags/etl_api_to_bi.py
[2025-09-28T23:13:20.512+0200] {processor.py:840} INFO - DAG(s) 'etl_api_to_bi' retrieved from /opt/airflow/dags/etl_api_to_bi.py
[2025-09-28T23:13:20.559+0200] {logging_mixin.py:188} INFO - [2025-09-28T23:13:20.559+0200] {dag.py:3089} INFO - Sync 1 DAGs
[2025-09-28T23:13:20.588+0200] {logging_mixin.py:188} INFO - [2025-09-28T23:13:20.588+0200] {dag.py:3947} INFO - Setting next_dagrun for etl_api_to_bi to 2025-09-28 21:00:00+00:00, run_after=2025-09-28 21:15:00+00:00
[2025-09-28T23:13:20.616+0200] {processor.py:183} INFO - Processing /opt/airflow/dags/etl_api_to_bi.py took 0.155 seconds
[2025-09-28T23:13:51.825+0200] {processor.py:161} INFO - Started process (PID=425) to work on /opt/airflow/dags/etl_api_to_bi.py
[2025-09-28T23:13:51.826+0200] {processor.py:830} INFO - Processing file /opt/airflow/dags/etl_api_to_bi.py for tasks to queue
[2025-09-28T23:13:51.831+0200] {logging_mixin.py:188} INFO - [2025-09-28T23:13:51.830+0200] {dagbag.py:545} INFO - Filling up the DagBag from /opt/airflow/dags/etl_api_to_bi.py
[2025-09-28T23:13:51.871+0200] {processor.py:840} INFO - DAG(s) 'etl_api_to_bi' retrieved from /opt/airflow/dags/etl_api_to_bi.py
[2025-09-28T23:13:51.940+0200] {logging_mixin.py:188} INFO - [2025-09-28T23:13:51.940+0200] {dag.py:3089} INFO - Sync 1 DAGs
[2025-09-28T23:13:51.984+0200] {logging_mixin.py:188} INFO - [2025-09-28T23:13:51.983+0200] {dag.py:3947} INFO - Setting next_dagrun for etl_api_to_bi to 2025-09-28 21:00:00+00:00, run_after=2025-09-28 21:15:00+00:00
[2025-09-28T23:13:52.020+0200] {processor.py:183} INFO - Processing /opt/airflow/dags/etl_api_to_bi.py took 0.205 seconds
[2025-09-28T23:14:23.521+0200] {processor.py:161} INFO - Started process (PID=430) to work on /opt/airflow/dags/etl_api_to_bi.py
[2025-09-28T23:14:23.523+0200] {processor.py:830} INFO - Processing file /opt/airflow/dags/etl_api_to_bi.py for tasks to queue
[2025-09-28T23:14:23.525+0200] {logging_mixin.py:188} INFO - [2025-09-28T23:14:23.525+0200] {dagbag.py:545} INFO - Filling up the DagBag from /opt/airflow/dags/etl_api_to_bi.py
[2025-09-28T23:14:23.563+0200] {processor.py:840} INFO - DAG(s) 'etl_api_to_bi' retrieved from /opt/airflow/dags/etl_api_to_bi.py
[2025-09-28T23:14:23.607+0200] {logging_mixin.py:188} INFO - [2025-09-28T23:14:23.607+0200] {dag.py:3089} INFO - Sync 1 DAGs
[2025-09-28T23:14:23.634+0200] {logging_mixin.py:188} INFO - [2025-09-28T23:14:23.634+0200] {dag.py:3947} INFO - Setting next_dagrun for etl_api_to_bi to 2025-09-28 21:00:00+00:00, run_after=2025-09-28 21:15:00+00:00
[2025-09-28T23:14:23.664+0200] {processor.py:183} INFO - Processing /opt/airflow/dags/etl_api_to_bi.py took 0.157 seconds
[2025-09-28T23:14:53.839+0200] {processor.py:161} INFO - Started process (PID=435) to work on /opt/airflow/dags/etl_api_to_bi.py
[2025-09-28T23:14:53.841+0200] {processor.py:830} INFO - Processing file /opt/airflow/dags/etl_api_to_bi.py for tasks to queue
[2025-09-28T23:14:53.845+0200] {logging_mixin.py:188} INFO - [2025-09-28T23:14:53.844+0200] {dagbag.py:545} INFO - Filling up the DagBag from /opt/airflow/dags/etl_api_to_bi.py
[2025-09-28T23:14:53.886+0200] {processor.py:840} INFO - DAG(s) 'etl_api_to_bi' retrieved from /opt/airflow/dags/etl_api_to_bi.py
[2025-09-28T23:14:53.966+0200] {logging_mixin.py:188} INFO - [2025-09-28T23:14:53.965+0200] {dag.py:3089} INFO - Sync 1 DAGs
[2025-09-28T23:14:54.012+0200] {logging_mixin.py:188} INFO - [2025-09-28T23:14:54.011+0200] {dag.py:3947} INFO - Setting next_dagrun for etl_api_to_bi to 2025-09-28 21:00:00+00:00, run_after=2025-09-28 21:15:00+00:00
[2025-09-28T23:14:54.041+0200] {processor.py:183} INFO - Processing /opt/airflow/dags/etl_api_to_bi.py took 0.214 seconds
[2025-09-28T23:15:25.292+0200] {processor.py:161} INFO - Started process (PID=472) to work on /opt/airflow/dags/etl_api_to_bi.py
[2025-09-28T23:15:25.294+0200] {processor.py:830} INFO - Processing file /opt/airflow/dags/etl_api_to_bi.py for tasks to queue
[2025-09-28T23:15:25.299+0200] {logging_mixin.py:188} INFO - [2025-09-28T23:15:25.298+0200] {dagbag.py:545} INFO - Filling up the DagBag from /opt/airflow/dags/etl_api_to_bi.py
[2025-09-28T23:15:25.352+0200] {processor.py:840} INFO - DAG(s) 'etl_api_to_bi' retrieved from /opt/airflow/dags/etl_api_to_bi.py
[2025-09-28T23:15:25.448+0200] {logging_mixin.py:188} INFO - [2025-09-28T23:15:25.448+0200] {dag.py:3089} INFO - Sync 1 DAGs
[2025-09-28T23:15:25.529+0200] {logging_mixin.py:188} INFO - [2025-09-28T23:15:25.528+0200] {dag.py:3947} INFO - Setting next_dagrun for etl_api_to_bi to 2025-09-28 21:15:00+00:00, run_after=2025-09-28 21:30:00+00:00
[2025-09-28T23:15:25.569+0200] {processor.py:183} INFO - Processing /opt/airflow/dags/etl_api_to_bi.py took 0.295 seconds
[2025-09-28T23:15:56.833+0200] {processor.py:161} INFO - Started process (PID=477) to work on /opt/airflow/dags/etl_api_to_bi.py
[2025-09-28T23:15:56.835+0200] {processor.py:830} INFO - Processing file /opt/airflow/dags/etl_api_to_bi.py for tasks to queue
[2025-09-28T23:15:56.839+0200] {logging_mixin.py:188} INFO - [2025-09-28T23:15:56.838+0200] {dagbag.py:545} INFO - Filling up the DagBag from /opt/airflow/dags/etl_api_to_bi.py
[2025-09-28T23:15:56.887+0200] {processor.py:840} INFO - DAG(s) 'etl_api_to_bi' retrieved from /opt/airflow/dags/etl_api_to_bi.py
[2025-09-28T23:15:56.956+0200] {logging_mixin.py:188} INFO - [2025-09-28T23:15:56.956+0200] {dag.py:3089} INFO - Sync 1 DAGs
[2025-09-28T23:15:56.997+0200] {logging_mixin.py:188} INFO - [2025-09-28T23:15:56.996+0200] {dag.py:3947} INFO - Setting next_dagrun for etl_api_to_bi to 2025-09-28 21:15:00+00:00, run_after=2025-09-28 21:30:00+00:00
[2025-09-28T23:15:57.019+0200] {processor.py:183} INFO - Processing /opt/airflow/dags/etl_api_to_bi.py took 0.201 seconds
[2025-09-28T23:16:27.393+0200] {processor.py:161} INFO - Started process (PID=482) to work on /opt/airflow/dags/etl_api_to_bi.py
[2025-09-28T23:16:27.395+0200] {processor.py:830} INFO - Processing file /opt/airflow/dags/etl_api_to_bi.py for tasks to queue
[2025-09-28T23:16:27.400+0200] {logging_mixin.py:188} INFO - [2025-09-28T23:16:27.400+0200] {dagbag.py:545} INFO - Filling up the DagBag from /opt/airflow/dags/etl_api_to_bi.py
[2025-09-28T23:16:27.436+0200] {processor.py:840} INFO - DAG(s) 'etl_api_to_bi' retrieved from /opt/airflow/dags/etl_api_to_bi.py
[2025-09-28T23:16:27.498+0200] {logging_mixin.py:188} INFO - [2025-09-28T23:16:27.498+0200] {dag.py:3089} INFO - Sync 1 DAGs
[2025-09-28T23:16:27.531+0200] {logging_mixin.py:188} INFO - [2025-09-28T23:16:27.530+0200] {dag.py:3947} INFO - Setting next_dagrun for etl_api_to_bi to 2025-09-28 21:15:00+00:00, run_after=2025-09-28 21:30:00+00:00
[2025-09-28T23:16:27.560+0200] {processor.py:183} INFO - Processing /opt/airflow/dags/etl_api_to_bi.py took 0.177 seconds
[2025-09-28T23:16:58.777+0200] {processor.py:161} INFO - Started process (PID=487) to work on /opt/airflow/dags/etl_api_to_bi.py
[2025-09-28T23:16:58.779+0200] {processor.py:830} INFO - Processing file /opt/airflow/dags/etl_api_to_bi.py for tasks to queue
[2025-09-28T23:16:58.782+0200] {logging_mixin.py:188} INFO - [2025-09-28T23:16:58.782+0200] {dagbag.py:545} INFO - Filling up the DagBag from /opt/airflow/dags/etl_api_to_bi.py
[2025-09-28T23:16:58.813+0200] {processor.py:840} INFO - DAG(s) 'etl_api_to_bi' retrieved from /opt/airflow/dags/etl_api_to_bi.py
[2025-09-28T23:16:58.896+0200] {logging_mixin.py:188} INFO - [2025-09-28T23:16:58.896+0200] {dag.py:3089} INFO - Sync 1 DAGs
[2025-09-28T23:16:58.928+0200] {logging_mixin.py:188} INFO - [2025-09-28T23:16:58.928+0200] {dag.py:3947} INFO - Setting next_dagrun for etl_api_to_bi to 2025-09-28 21:15:00+00:00, run_after=2025-09-28 21:30:00+00:00
[2025-09-28T23:16:58.955+0200] {processor.py:183} INFO - Processing /opt/airflow/dags/etl_api_to_bi.py took 0.188 seconds
[2025-09-28T23:17:30.348+0200] {processor.py:161} INFO - Started process (PID=492) to work on /opt/airflow/dags/etl_api_to_bi.py
[2025-09-28T23:17:30.349+0200] {processor.py:830} INFO - Processing file /opt/airflow/dags/etl_api_to_bi.py for tasks to queue
[2025-09-28T23:17:30.352+0200] {logging_mixin.py:188} INFO - [2025-09-28T23:17:30.352+0200] {dagbag.py:545} INFO - Filling up the DagBag from /opt/airflow/dags/etl_api_to_bi.py
[2025-09-28T23:17:30.396+0200] {processor.py:840} INFO - DAG(s) 'etl_api_to_bi' retrieved from /opt/airflow/dags/etl_api_to_bi.py
[2025-09-28T23:17:30.450+0200] {logging_mixin.py:188} INFO - [2025-09-28T23:17:30.450+0200] {dag.py:3089} INFO - Sync 1 DAGs
[2025-09-28T23:17:30.492+0200] {logging_mixin.py:188} INFO - [2025-09-28T23:17:30.492+0200] {dag.py:3947} INFO - Setting next_dagrun for etl_api_to_bi to 2025-09-28 21:15:00+00:00, run_after=2025-09-28 21:30:00+00:00
[2025-09-28T23:17:30.519+0200] {processor.py:183} INFO - Processing /opt/airflow/dags/etl_api_to_bi.py took 0.183 seconds
[2025-09-28T23:18:00.743+0200] {processor.py:161} INFO - Started process (PID=497) to work on /opt/airflow/dags/etl_api_to_bi.py
[2025-09-28T23:18:00.747+0200] {processor.py:830} INFO - Processing file /opt/airflow/dags/etl_api_to_bi.py for tasks to queue
[2025-09-28T23:18:00.750+0200] {logging_mixin.py:188} INFO - [2025-09-28T23:18:00.750+0200] {dagbag.py:545} INFO - Filling up the DagBag from /opt/airflow/dags/etl_api_to_bi.py
[2025-09-28T23:18:00.789+0200] {processor.py:840} INFO - DAG(s) 'etl_api_to_bi' retrieved from /opt/airflow/dags/etl_api_to_bi.py
[2025-09-28T23:18:00.846+0200] {logging_mixin.py:188} INFO - [2025-09-28T23:18:00.845+0200] {dag.py:3089} INFO - Sync 1 DAGs
[2025-09-28T23:18:00.884+0200] {logging_mixin.py:188} INFO - [2025-09-28T23:18:00.884+0200] {dag.py:3947} INFO - Setting next_dagrun for etl_api_to_bi to 2025-09-28 21:15:00+00:00, run_after=2025-09-28 21:30:00+00:00
[2025-09-28T23:18:00.922+0200] {processor.py:183} INFO - Processing /opt/airflow/dags/etl_api_to_bi.py took 0.191 seconds
[2025-09-28T23:18:32.308+0200] {processor.py:161} INFO - Started process (PID=502) to work on /opt/airflow/dags/etl_api_to_bi.py
[2025-09-28T23:18:32.310+0200] {processor.py:830} INFO - Processing file /opt/airflow/dags/etl_api_to_bi.py for tasks to queue
[2025-09-28T23:18:32.314+0200] {logging_mixin.py:188} INFO - [2025-09-28T23:18:32.314+0200] {dagbag.py:545} INFO - Filling up the DagBag from /opt/airflow/dags/etl_api_to_bi.py
[2025-09-28T23:18:32.353+0200] {processor.py:840} INFO - DAG(s) 'etl_api_to_bi' retrieved from /opt/airflow/dags/etl_api_to_bi.py
[2025-09-28T23:18:32.413+0200] {logging_mixin.py:188} INFO - [2025-09-28T23:18:32.413+0200] {dag.py:3089} INFO - Sync 1 DAGs
[2025-09-28T23:18:32.525+0200] {logging_mixin.py:188} INFO - [2025-09-28T23:18:32.524+0200] {dag.py:3947} INFO - Setting next_dagrun for etl_api_to_bi to 2025-09-28 21:15:00+00:00, run_after=2025-09-28 21:30:00+00:00
[2025-09-28T23:18:32.664+0200] {processor.py:183} INFO - Processing /opt/airflow/dags/etl_api_to_bi.py took 0.368 seconds
[2025-09-28T23:19:03.123+0200] {processor.py:161} INFO - Started process (PID=507) to work on /opt/airflow/dags/etl_api_to_bi.py
[2025-09-28T23:19:03.125+0200] {processor.py:830} INFO - Processing file /opt/airflow/dags/etl_api_to_bi.py for tasks to queue
[2025-09-28T23:19:03.130+0200] {logging_mixin.py:188} INFO - [2025-09-28T23:19:03.129+0200] {dagbag.py:545} INFO - Filling up the DagBag from /opt/airflow/dags/etl_api_to_bi.py
[2025-09-28T23:19:03.170+0200] {processor.py:840} INFO - DAG(s) 'etl_api_to_bi' retrieved from /opt/airflow/dags/etl_api_to_bi.py
[2025-09-28T23:19:03.230+0200] {logging_mixin.py:188} INFO - [2025-09-28T23:19:03.229+0200] {dag.py:3089} INFO - Sync 1 DAGs
[2025-09-28T23:19:03.259+0200] {logging_mixin.py:188} INFO - [2025-09-28T23:19:03.259+0200] {dag.py:3947} INFO - Setting next_dagrun for etl_api_to_bi to 2025-09-28 21:15:00+00:00, run_after=2025-09-28 21:30:00+00:00
[2025-09-28T23:19:03.284+0200] {processor.py:183} INFO - Processing /opt/airflow/dags/etl_api_to_bi.py took 0.175 seconds
[2025-09-28T23:19:34.008+0200] {processor.py:161} INFO - Started process (PID=512) to work on /opt/airflow/dags/etl_api_to_bi.py
[2025-09-28T23:19:34.012+0200] {processor.py:830} INFO - Processing file /opt/airflow/dags/etl_api_to_bi.py for tasks to queue
[2025-09-28T23:19:34.022+0200] {logging_mixin.py:188} INFO - [2025-09-28T23:19:34.018+0200] {dagbag.py:545} INFO - Filling up the DagBag from /opt/airflow/dags/etl_api_to_bi.py
[2025-09-28T23:19:34.092+0200] {processor.py:840} INFO - DAG(s) 'etl_api_to_bi' retrieved from /opt/airflow/dags/etl_api_to_bi.py
[2025-09-28T23:19:34.198+0200] {logging_mixin.py:188} INFO - [2025-09-28T23:19:34.197+0200] {dag.py:3089} INFO - Sync 1 DAGs
[2025-09-28T23:19:34.259+0200] {logging_mixin.py:188} INFO - [2025-09-28T23:19:34.259+0200] {dag.py:3947} INFO - Setting next_dagrun for etl_api_to_bi to 2025-09-28 21:15:00+00:00, run_after=2025-09-28 21:30:00+00:00
[2025-09-28T23:19:34.313+0200] {processor.py:183} INFO - Processing /opt/airflow/dags/etl_api_to_bi.py took 0.335 seconds
[2025-09-28T23:20:05.397+0200] {processor.py:161} INFO - Started process (PID=517) to work on /opt/airflow/dags/etl_api_to_bi.py
[2025-09-28T23:20:05.400+0200] {processor.py:830} INFO - Processing file /opt/airflow/dags/etl_api_to_bi.py for tasks to queue
[2025-09-28T23:20:05.407+0200] {logging_mixin.py:188} INFO - [2025-09-28T23:20:05.405+0200] {dagbag.py:545} INFO - Filling up the DagBag from /opt/airflow/dags/etl_api_to_bi.py
[2025-09-28T23:20:05.475+0200] {processor.py:840} INFO - DAG(s) 'etl_api_to_bi' retrieved from /opt/airflow/dags/etl_api_to_bi.py
[2025-09-28T23:20:05.549+0200] {logging_mixin.py:188} INFO - [2025-09-28T23:20:05.549+0200] {dag.py:3089} INFO - Sync 1 DAGs
[2025-09-28T23:20:05.623+0200] {logging_mixin.py:188} INFO - [2025-09-28T23:20:05.623+0200] {dag.py:3947} INFO - Setting next_dagrun for etl_api_to_bi to 2025-09-28 21:15:00+00:00, run_after=2025-09-28 21:30:00+00:00
[2025-09-28T23:20:05.672+0200] {processor.py:183} INFO - Processing /opt/airflow/dags/etl_api_to_bi.py took 0.342 seconds
[2025-09-28T23:20:37.117+0200] {processor.py:161} INFO - Started process (PID=522) to work on /opt/airflow/dags/etl_api_to_bi.py
[2025-09-28T23:20:37.119+0200] {processor.py:830} INFO - Processing file /opt/airflow/dags/etl_api_to_bi.py for tasks to queue
[2025-09-28T23:20:37.124+0200] {logging_mixin.py:188} INFO - [2025-09-28T23:20:37.123+0200] {dagbag.py:545} INFO - Filling up the DagBag from /opt/airflow/dags/etl_api_to_bi.py
[2025-09-28T23:20:37.166+0200] {processor.py:840} INFO - DAG(s) 'etl_api_to_bi' retrieved from /opt/airflow/dags/etl_api_to_bi.py
[2025-09-28T23:20:37.236+0200] {logging_mixin.py:188} INFO - [2025-09-28T23:20:37.235+0200] {dag.py:3089} INFO - Sync 1 DAGs
[2025-09-28T23:20:37.283+0200] {logging_mixin.py:188} INFO - [2025-09-28T23:20:37.282+0200] {dag.py:3947} INFO - Setting next_dagrun for etl_api_to_bi to 2025-09-28 21:15:00+00:00, run_after=2025-09-28 21:30:00+00:00
[2025-09-28T23:20:37.319+0200] {processor.py:183} INFO - Processing /opt/airflow/dags/etl_api_to_bi.py took 0.215 seconds
[2025-09-28T23:21:07.464+0200] {processor.py:161} INFO - Started process (PID=527) to work on /opt/airflow/dags/etl_api_to_bi.py
[2025-09-28T23:21:07.465+0200] {processor.py:830} INFO - Processing file /opt/airflow/dags/etl_api_to_bi.py for tasks to queue
[2025-09-28T23:21:07.468+0200] {logging_mixin.py:188} INFO - [2025-09-28T23:21:07.468+0200] {dagbag.py:545} INFO - Filling up the DagBag from /opt/airflow/dags/etl_api_to_bi.py
[2025-09-28T23:21:07.502+0200] {processor.py:840} INFO - DAG(s) 'etl_api_to_bi' retrieved from /opt/airflow/dags/etl_api_to_bi.py
[2025-09-28T23:21:07.550+0200] {logging_mixin.py:188} INFO - [2025-09-28T23:21:07.550+0200] {dag.py:3089} INFO - Sync 1 DAGs
[2025-09-28T23:21:07.577+0200] {logging_mixin.py:188} INFO - [2025-09-28T23:21:07.577+0200] {dag.py:3947} INFO - Setting next_dagrun for etl_api_to_bi to 2025-09-28 21:15:00+00:00, run_after=2025-09-28 21:30:00+00:00
[2025-09-28T23:21:07.608+0200] {processor.py:183} INFO - Processing /opt/airflow/dags/etl_api_to_bi.py took 0.158 seconds
[2025-09-28T23:21:38.921+0200] {processor.py:161} INFO - Started process (PID=532) to work on /opt/airflow/dags/etl_api_to_bi.py
[2025-09-28T23:21:38.924+0200] {processor.py:830} INFO - Processing file /opt/airflow/dags/etl_api_to_bi.py for tasks to queue
[2025-09-28T23:21:38.928+0200] {logging_mixin.py:188} INFO - [2025-09-28T23:21:38.927+0200] {dagbag.py:545} INFO - Filling up the DagBag from /opt/airflow/dags/etl_api_to_bi.py
[2025-09-28T23:21:38.971+0200] {processor.py:840} INFO - DAG(s) 'etl_api_to_bi' retrieved from /opt/airflow/dags/etl_api_to_bi.py
[2025-09-28T23:21:39.030+0200] {logging_mixin.py:188} INFO - [2025-09-28T23:21:39.029+0200] {dag.py:3089} INFO - Sync 1 DAGs
[2025-09-28T23:21:39.085+0200] {logging_mixin.py:188} INFO - [2025-09-28T23:21:39.085+0200] {dag.py:3947} INFO - Setting next_dagrun for etl_api_to_bi to 2025-09-28 21:15:00+00:00, run_after=2025-09-28 21:30:00+00:00
[2025-09-28T23:21:39.124+0200] {processor.py:183} INFO - Processing /opt/airflow/dags/etl_api_to_bi.py took 0.215 seconds
[2025-09-28T23:22:09.628+0200] {processor.py:161} INFO - Started process (PID=537) to work on /opt/airflow/dags/etl_api_to_bi.py
[2025-09-28T23:22:09.630+0200] {processor.py:830} INFO - Processing file /opt/airflow/dags/etl_api_to_bi.py for tasks to queue
[2025-09-28T23:22:09.633+0200] {logging_mixin.py:188} INFO - [2025-09-28T23:22:09.633+0200] {dagbag.py:545} INFO - Filling up the DagBag from /opt/airflow/dags/etl_api_to_bi.py
[2025-09-28T23:22:09.668+0200] {processor.py:840} INFO - DAG(s) 'etl_api_to_bi' retrieved from /opt/airflow/dags/etl_api_to_bi.py
[2025-09-28T23:22:09.715+0200] {logging_mixin.py:188} INFO - [2025-09-28T23:22:09.715+0200] {dag.py:3089} INFO - Sync 1 DAGs
[2025-09-28T23:22:09.745+0200] {logging_mixin.py:188} INFO - [2025-09-28T23:22:09.744+0200] {dag.py:3947} INFO - Setting next_dagrun for etl_api_to_bi to 2025-09-28 21:15:00+00:00, run_after=2025-09-28 21:30:00+00:00
[2025-09-28T23:22:09.772+0200] {processor.py:183} INFO - Processing /opt/airflow/dags/etl_api_to_bi.py took 0.154 seconds
[2025-09-28T23:22:40.979+0200] {processor.py:161} INFO - Started process (PID=542) to work on /opt/airflow/dags/etl_api_to_bi.py
[2025-09-28T23:22:40.981+0200] {processor.py:830} INFO - Processing file /opt/airflow/dags/etl_api_to_bi.py for tasks to queue
[2025-09-28T23:22:40.984+0200] {logging_mixin.py:188} INFO - [2025-09-28T23:22:40.984+0200] {dagbag.py:545} INFO - Filling up the DagBag from /opt/airflow/dags/etl_api_to_bi.py
[2025-09-28T23:22:41.033+0200] {processor.py:840} INFO - DAG(s) 'etl_api_to_bi' retrieved from /opt/airflow/dags/etl_api_to_bi.py
[2025-09-28T23:22:41.104+0200] {logging_mixin.py:188} INFO - [2025-09-28T23:22:41.103+0200] {dag.py:3089} INFO - Sync 1 DAGs
[2025-09-28T23:22:41.135+0200] {logging_mixin.py:188} INFO - [2025-09-28T23:22:41.135+0200] {dag.py:3947} INFO - Setting next_dagrun for etl_api_to_bi to 2025-09-28 21:15:00+00:00, run_after=2025-09-28 21:30:00+00:00
[2025-09-28T23:22:41.162+0200] {processor.py:183} INFO - Processing /opt/airflow/dags/etl_api_to_bi.py took 0.201 seconds
[2025-09-28T23:23:12.424+0200] {processor.py:161} INFO - Started process (PID=547) to work on /opt/airflow/dags/etl_api_to_bi.py
[2025-09-28T23:23:12.425+0200] {processor.py:830} INFO - Processing file /opt/airflow/dags/etl_api_to_bi.py for tasks to queue
[2025-09-28T23:23:12.429+0200] {logging_mixin.py:188} INFO - [2025-09-28T23:23:12.428+0200] {dagbag.py:545} INFO - Filling up the DagBag from /opt/airflow/dags/etl_api_to_bi.py
[2025-09-28T23:23:12.468+0200] {processor.py:840} INFO - DAG(s) 'etl_api_to_bi' retrieved from /opt/airflow/dags/etl_api_to_bi.py
[2025-09-28T23:23:12.537+0200] {logging_mixin.py:188} INFO - [2025-09-28T23:23:12.536+0200] {dag.py:3089} INFO - Sync 1 DAGs
[2025-09-28T23:23:12.577+0200] {logging_mixin.py:188} INFO - [2025-09-28T23:23:12.577+0200] {dag.py:3947} INFO - Setting next_dagrun for etl_api_to_bi to 2025-09-28 21:15:00+00:00, run_after=2025-09-28 21:30:00+00:00
[2025-09-28T23:23:12.632+0200] {processor.py:183} INFO - Processing /opt/airflow/dags/etl_api_to_bi.py took 0.219 seconds
[2025-09-28T23:23:43.007+0200] {processor.py:161} INFO - Started process (PID=552) to work on /opt/airflow/dags/etl_api_to_bi.py
[2025-09-28T23:23:43.009+0200] {processor.py:830} INFO - Processing file /opt/airflow/dags/etl_api_to_bi.py for tasks to queue
[2025-09-28T23:23:43.013+0200] {logging_mixin.py:188} INFO - [2025-09-28T23:23:43.012+0200] {dagbag.py:545} INFO - Filling up the DagBag from /opt/airflow/dags/etl_api_to_bi.py
[2025-09-28T23:23:43.049+0200] {processor.py:840} INFO - DAG(s) 'etl_api_to_bi' retrieved from /opt/airflow/dags/etl_api_to_bi.py
[2025-09-28T23:23:43.108+0200] {logging_mixin.py:188} INFO - [2025-09-28T23:23:43.107+0200] {dag.py:3089} INFO - Sync 1 DAGs
[2025-09-28T23:23:43.150+0200] {logging_mixin.py:188} INFO - [2025-09-28T23:23:43.149+0200] {dag.py:3947} INFO - Setting next_dagrun for etl_api_to_bi to 2025-09-28 21:15:00+00:00, run_after=2025-09-28 21:30:00+00:00
[2025-09-28T23:23:43.184+0200] {processor.py:183} INFO - Processing /opt/airflow/dags/etl_api_to_bi.py took 0.186 seconds
[2025-09-28T23:24:14.317+0200] {processor.py:161} INFO - Started process (PID=557) to work on /opt/airflow/dags/etl_api_to_bi.py
[2025-09-28T23:24:14.318+0200] {processor.py:830} INFO - Processing file /opt/airflow/dags/etl_api_to_bi.py for tasks to queue
[2025-09-28T23:24:14.322+0200] {logging_mixin.py:188} INFO - [2025-09-28T23:24:14.321+0200] {dagbag.py:545} INFO - Filling up the DagBag from /opt/airflow/dags/etl_api_to_bi.py
[2025-09-28T23:24:14.354+0200] {processor.py:840} INFO - DAG(s) 'etl_api_to_bi' retrieved from /opt/airflow/dags/etl_api_to_bi.py
[2025-09-28T23:24:14.404+0200] {logging_mixin.py:188} INFO - [2025-09-28T23:24:14.403+0200] {dag.py:3089} INFO - Sync 1 DAGs
[2025-09-28T23:24:14.436+0200] {logging_mixin.py:188} INFO - [2025-09-28T23:24:14.436+0200] {dag.py:3947} INFO - Setting next_dagrun for etl_api_to_bi to 2025-09-28 21:15:00+00:00, run_after=2025-09-28 21:30:00+00:00
[2025-09-28T23:24:14.464+0200] {processor.py:183} INFO - Processing /opt/airflow/dags/etl_api_to_bi.py took 0.156 seconds
[2025-09-28T23:24:45.746+0200] {processor.py:161} INFO - Started process (PID=562) to work on /opt/airflow/dags/etl_api_to_bi.py
[2025-09-28T23:24:45.749+0200] {processor.py:830} INFO - Processing file /opt/airflow/dags/etl_api_to_bi.py for tasks to queue
[2025-09-28T23:24:45.766+0200] {logging_mixin.py:188} INFO - [2025-09-28T23:24:45.765+0200] {dagbag.py:545} INFO - Filling up the DagBag from /opt/airflow/dags/etl_api_to_bi.py
[2025-09-28T23:24:45.812+0200] {processor.py:840} INFO - DAG(s) 'etl_api_to_bi' retrieved from /opt/airflow/dags/etl_api_to_bi.py
[2025-09-28T23:24:45.888+0200] {logging_mixin.py:188} INFO - [2025-09-28T23:24:45.887+0200] {dag.py:3089} INFO - Sync 1 DAGs
[2025-09-28T23:24:45.931+0200] {logging_mixin.py:188} INFO - [2025-09-28T23:24:45.931+0200] {dag.py:3947} INFO - Setting next_dagrun for etl_api_to_bi to 2025-09-28 21:15:00+00:00, run_after=2025-09-28 21:30:00+00:00
[2025-09-28T23:24:46.009+0200] {processor.py:183} INFO - Processing /opt/airflow/dags/etl_api_to_bi.py took 0.282 seconds
[2025-09-28T23:25:16.465+0200] {processor.py:161} INFO - Started process (PID=567) to work on /opt/airflow/dags/etl_api_to_bi.py
[2025-09-28T23:25:16.468+0200] {processor.py:830} INFO - Processing file /opt/airflow/dags/etl_api_to_bi.py for tasks to queue
[2025-09-28T23:25:16.474+0200] {logging_mixin.py:188} INFO - [2025-09-28T23:25:16.473+0200] {dagbag.py:545} INFO - Filling up the DagBag from /opt/airflow/dags/etl_api_to_bi.py
[2025-09-28T23:25:16.527+0200] {processor.py:840} INFO - DAG(s) 'etl_api_to_bi' retrieved from /opt/airflow/dags/etl_api_to_bi.py
[2025-09-28T23:25:16.619+0200] {logging_mixin.py:188} INFO - [2025-09-28T23:25:16.619+0200] {dag.py:3089} INFO - Sync 1 DAGs
[2025-09-28T23:25:16.693+0200] {logging_mixin.py:188} INFO - [2025-09-28T23:25:16.692+0200] {dag.py:3947} INFO - Setting next_dagrun for etl_api_to_bi to 2025-09-28 21:15:00+00:00, run_after=2025-09-28 21:30:00+00:00
[2025-09-28T23:25:16.744+0200] {processor.py:183} INFO - Processing /opt/airflow/dags/etl_api_to_bi.py took 0.296 seconds
[2025-09-28T23:25:47.790+0200] {processor.py:161} INFO - Started process (PID=572) to work on /opt/airflow/dags/etl_api_to_bi.py
[2025-09-28T23:25:47.793+0200] {processor.py:830} INFO - Processing file /opt/airflow/dags/etl_api_to_bi.py for tasks to queue
[2025-09-28T23:25:47.797+0200] {logging_mixin.py:188} INFO - [2025-09-28T23:25:47.796+0200] {dagbag.py:545} INFO - Filling up the DagBag from /opt/airflow/dags/etl_api_to_bi.py
[2025-09-28T23:25:47.862+0200] {processor.py:840} INFO - DAG(s) 'etl_api_to_bi' retrieved from /opt/airflow/dags/etl_api_to_bi.py
[2025-09-28T23:25:47.935+0200] {logging_mixin.py:188} INFO - [2025-09-28T23:25:47.935+0200] {dag.py:3089} INFO - Sync 1 DAGs
[2025-09-28T23:25:47.975+0200] {logging_mixin.py:188} INFO - [2025-09-28T23:25:47.975+0200] {dag.py:3947} INFO - Setting next_dagrun for etl_api_to_bi to 2025-09-28 21:15:00+00:00, run_after=2025-09-28 21:30:00+00:00
[2025-09-28T23:25:48.004+0200] {processor.py:183} INFO - Processing /opt/airflow/dags/etl_api_to_bi.py took 0.244 seconds
[2025-09-28T23:26:19.513+0200] {processor.py:161} INFO - Started process (PID=577) to work on /opt/airflow/dags/etl_api_to_bi.py
[2025-09-28T23:26:19.514+0200] {processor.py:830} INFO - Processing file /opt/airflow/dags/etl_api_to_bi.py for tasks to queue
[2025-09-28T23:26:19.520+0200] {logging_mixin.py:188} INFO - [2025-09-28T23:26:19.518+0200] {dagbag.py:545} INFO - Filling up the DagBag from /opt/airflow/dags/etl_api_to_bi.py
[2025-09-28T23:26:19.567+0200] {processor.py:840} INFO - DAG(s) 'etl_api_to_bi' retrieved from /opt/airflow/dags/etl_api_to_bi.py
[2025-09-28T23:26:19.631+0200] {logging_mixin.py:188} INFO - [2025-09-28T23:26:19.631+0200] {dag.py:3089} INFO - Sync 1 DAGs
[2025-09-28T23:26:19.668+0200] {logging_mixin.py:188} INFO - [2025-09-28T23:26:19.667+0200] {dag.py:3947} INFO - Setting next_dagrun for etl_api_to_bi to 2025-09-28 21:15:00+00:00, run_after=2025-09-28 21:30:00+00:00
[2025-09-28T23:26:19.694+0200] {processor.py:183} INFO - Processing /opt/airflow/dags/etl_api_to_bi.py took 0.194 seconds
[2025-09-28T23:26:49.854+0200] {processor.py:161} INFO - Started process (PID=582) to work on /opt/airflow/dags/etl_api_to_bi.py
[2025-09-28T23:26:49.856+0200] {processor.py:830} INFO - Processing file /opt/airflow/dags/etl_api_to_bi.py for tasks to queue
[2025-09-28T23:26:49.858+0200] {logging_mixin.py:188} INFO - [2025-09-28T23:26:49.858+0200] {dagbag.py:545} INFO - Filling up the DagBag from /opt/airflow/dags/etl_api_to_bi.py
[2025-09-28T23:26:49.894+0200] {processor.py:840} INFO - DAG(s) 'etl_api_to_bi' retrieved from /opt/airflow/dags/etl_api_to_bi.py
[2025-09-28T23:26:49.952+0200] {logging_mixin.py:188} INFO - [2025-09-28T23:26:49.952+0200] {dag.py:3089} INFO - Sync 1 DAGs
[2025-09-28T23:26:49.988+0200] {logging_mixin.py:188} INFO - [2025-09-28T23:26:49.987+0200] {dag.py:3947} INFO - Setting next_dagrun for etl_api_to_bi to 2025-09-28 21:15:00+00:00, run_after=2025-09-28 21:30:00+00:00
[2025-09-28T23:26:50.016+0200] {processor.py:183} INFO - Processing /opt/airflow/dags/etl_api_to_bi.py took 0.172 seconds
[2025-09-28T23:27:21.173+0200] {processor.py:161} INFO - Started process (PID=587) to work on /opt/airflow/dags/etl_api_to_bi.py
[2025-09-28T23:27:21.175+0200] {processor.py:830} INFO - Processing file /opt/airflow/dags/etl_api_to_bi.py for tasks to queue
[2025-09-28T23:27:21.179+0200] {logging_mixin.py:188} INFO - [2025-09-28T23:27:21.178+0200] {dagbag.py:545} INFO - Filling up the DagBag from /opt/airflow/dags/etl_api_to_bi.py
[2025-09-28T23:27:21.211+0200] {processor.py:840} INFO - DAG(s) 'etl_api_to_bi' retrieved from /opt/airflow/dags/etl_api_to_bi.py
[2025-09-28T23:27:21.266+0200] {logging_mixin.py:188} INFO - [2025-09-28T23:27:21.266+0200] {dag.py:3089} INFO - Sync 1 DAGs
[2025-09-28T23:27:21.310+0200] {logging_mixin.py:188} INFO - [2025-09-28T23:27:21.309+0200] {dag.py:3947} INFO - Setting next_dagrun for etl_api_to_bi to 2025-09-28 21:15:00+00:00, run_after=2025-09-28 21:30:00+00:00
[2025-09-28T23:27:21.347+0200] {processor.py:183} INFO - Processing /opt/airflow/dags/etl_api_to_bi.py took 0.183 seconds
[2025-09-28T23:27:51.951+0200] {processor.py:161} INFO - Started process (PID=592) to work on /opt/airflow/dags/etl_api_to_bi.py
[2025-09-28T23:27:51.953+0200] {processor.py:830} INFO - Processing file /opt/airflow/dags/etl_api_to_bi.py for tasks to queue
[2025-09-28T23:27:51.956+0200] {logging_mixin.py:188} INFO - [2025-09-28T23:27:51.956+0200] {dagbag.py:545} INFO - Filling up the DagBag from /opt/airflow/dags/etl_api_to_bi.py
[2025-09-28T23:27:51.995+0200] {processor.py:840} INFO - DAG(s) 'etl_api_to_bi' retrieved from /opt/airflow/dags/etl_api_to_bi.py
[2025-09-28T23:27:52.053+0200] {logging_mixin.py:188} INFO - [2025-09-28T23:27:52.052+0200] {dag.py:3089} INFO - Sync 1 DAGs
[2025-09-28T23:27:52.091+0200] {logging_mixin.py:188} INFO - [2025-09-28T23:27:52.091+0200] {dag.py:3947} INFO - Setting next_dagrun for etl_api_to_bi to 2025-09-28 21:15:00+00:00, run_after=2025-09-28 21:30:00+00:00
[2025-09-28T23:27:52.119+0200] {processor.py:183} INFO - Processing /opt/airflow/dags/etl_api_to_bi.py took 0.177 seconds
[2025-09-28T23:28:23.463+0200] {processor.py:161} INFO - Started process (PID=597) to work on /opt/airflow/dags/etl_api_to_bi.py
[2025-09-28T23:28:23.466+0200] {processor.py:830} INFO - Processing file /opt/airflow/dags/etl_api_to_bi.py for tasks to queue
[2025-09-28T23:28:23.469+0200] {logging_mixin.py:188} INFO - [2025-09-28T23:28:23.469+0200] {dagbag.py:545} INFO - Filling up the DagBag from /opt/airflow/dags/etl_api_to_bi.py
[2025-09-28T23:28:23.519+0200] {processor.py:840} INFO - DAG(s) 'etl_api_to_bi' retrieved from /opt/airflow/dags/etl_api_to_bi.py
[2025-09-28T23:28:23.585+0200] {logging_mixin.py:188} INFO - [2025-09-28T23:28:23.585+0200] {dag.py:3089} INFO - Sync 1 DAGs
[2025-09-28T23:28:23.624+0200] {logging_mixin.py:188} INFO - [2025-09-28T23:28:23.624+0200] {dag.py:3947} INFO - Setting next_dagrun for etl_api_to_bi to 2025-09-28 21:15:00+00:00, run_after=2025-09-28 21:30:00+00:00
[2025-09-28T23:28:23.656+0200] {processor.py:183} INFO - Processing /opt/airflow/dags/etl_api_to_bi.py took 0.203 seconds
[2025-09-28T23:28:54.823+0200] {processor.py:161} INFO - Started process (PID=602) to work on /opt/airflow/dags/etl_api_to_bi.py
[2025-09-28T23:28:54.825+0200] {processor.py:830} INFO - Processing file /opt/airflow/dags/etl_api_to_bi.py for tasks to queue
[2025-09-28T23:28:54.828+0200] {logging_mixin.py:188} INFO - [2025-09-28T23:28:54.828+0200] {dagbag.py:545} INFO - Filling up the DagBag from /opt/airflow/dags/etl_api_to_bi.py
[2025-09-28T23:28:54.863+0200] {processor.py:840} INFO - DAG(s) 'etl_api_to_bi' retrieved from /opt/airflow/dags/etl_api_to_bi.py
[2025-09-28T23:28:54.930+0200] {logging_mixin.py:188} INFO - [2025-09-28T23:28:54.929+0200] {dag.py:3089} INFO - Sync 1 DAGs
[2025-09-28T23:28:54.969+0200] {logging_mixin.py:188} INFO - [2025-09-28T23:28:54.969+0200] {dag.py:3947} INFO - Setting next_dagrun for etl_api_to_bi to 2025-09-28 21:15:00+00:00, run_after=2025-09-28 21:30:00+00:00
[2025-09-28T23:28:55.010+0200] {processor.py:183} INFO - Processing /opt/airflow/dags/etl_api_to_bi.py took 0.199 seconds
[2025-09-28T23:29:25.328+0200] {processor.py:161} INFO - Started process (PID=607) to work on /opt/airflow/dags/etl_api_to_bi.py
[2025-09-28T23:29:25.330+0200] {processor.py:830} INFO - Processing file /opt/airflow/dags/etl_api_to_bi.py for tasks to queue
[2025-09-28T23:29:25.335+0200] {logging_mixin.py:188} INFO - [2025-09-28T23:29:25.334+0200] {dagbag.py:545} INFO - Filling up the DagBag from /opt/airflow/dags/etl_api_to_bi.py
[2025-09-28T23:29:25.378+0200] {processor.py:840} INFO - DAG(s) 'etl_api_to_bi' retrieved from /opt/airflow/dags/etl_api_to_bi.py
[2025-09-28T23:29:25.443+0200] {logging_mixin.py:188} INFO - [2025-09-28T23:29:25.443+0200] {dag.py:3089} INFO - Sync 1 DAGs
[2025-09-28T23:29:25.495+0200] {logging_mixin.py:188} INFO - [2025-09-28T23:29:25.494+0200] {dag.py:3947} INFO - Setting next_dagrun for etl_api_to_bi to 2025-09-28 21:15:00+00:00, run_after=2025-09-28 21:30:00+00:00
[2025-09-28T23:29:25.521+0200] {processor.py:183} INFO - Processing /opt/airflow/dags/etl_api_to_bi.py took 0.203 seconds
[2025-09-28T23:29:56.663+0200] {processor.py:161} INFO - Started process (PID=612) to work on /opt/airflow/dags/etl_api_to_bi.py
[2025-09-28T23:29:56.665+0200] {processor.py:830} INFO - Processing file /opt/airflow/dags/etl_api_to_bi.py for tasks to queue
[2025-09-28T23:29:56.667+0200] {logging_mixin.py:188} INFO - [2025-09-28T23:29:56.667+0200] {dagbag.py:545} INFO - Filling up the DagBag from /opt/airflow/dags/etl_api_to_bi.py
[2025-09-28T23:29:56.702+0200] {processor.py:840} INFO - DAG(s) 'etl_api_to_bi' retrieved from /opt/airflow/dags/etl_api_to_bi.py
[2025-09-28T23:29:56.747+0200] {logging_mixin.py:188} INFO - [2025-09-28T23:29:56.747+0200] {dag.py:3089} INFO - Sync 1 DAGs
[2025-09-28T23:29:56.775+0200] {logging_mixin.py:188} INFO - [2025-09-28T23:29:56.775+0200] {dag.py:3947} INFO - Setting next_dagrun for etl_api_to_bi to 2025-09-28 21:15:00+00:00, run_after=2025-09-28 21:30:00+00:00
[2025-09-28T23:29:56.810+0200] {processor.py:183} INFO - Processing /opt/airflow/dags/etl_api_to_bi.py took 0.155 seconds
[2025-09-28T23:30:28.085+0200] {processor.py:161} INFO - Started process (PID=648) to work on /opt/airflow/dags/etl_api_to_bi.py
[2025-09-28T23:30:28.088+0200] {processor.py:830} INFO - Processing file /opt/airflow/dags/etl_api_to_bi.py for tasks to queue
[2025-09-28T23:30:28.094+0200] {logging_mixin.py:188} INFO - [2025-09-28T23:30:28.091+0200] {dagbag.py:545} INFO - Filling up the DagBag from /opt/airflow/dags/etl_api_to_bi.py
[2025-09-28T23:30:28.135+0200] {processor.py:840} INFO - DAG(s) 'etl_api_to_bi' retrieved from /opt/airflow/dags/etl_api_to_bi.py
[2025-09-28T23:30:28.211+0200] {logging_mixin.py:188} INFO - [2025-09-28T23:30:28.210+0200] {dag.py:3089} INFO - Sync 1 DAGs
[2025-09-28T23:30:28.256+0200] {logging_mixin.py:188} INFO - [2025-09-28T23:30:28.255+0200] {dag.py:3947} INFO - Setting next_dagrun for etl_api_to_bi to 2025-09-28 21:30:00+00:00, run_after=2025-09-28 21:45:00+00:00
[2025-09-28T23:30:28.298+0200] {processor.py:183} INFO - Processing /opt/airflow/dags/etl_api_to_bi.py took 0.226 seconds
[2025-09-28T23:30:59.553+0200] {processor.py:161} INFO - Started process (PID=653) to work on /opt/airflow/dags/etl_api_to_bi.py
[2025-09-28T23:30:59.555+0200] {processor.py:830} INFO - Processing file /opt/airflow/dags/etl_api_to_bi.py for tasks to queue
[2025-09-28T23:30:59.559+0200] {logging_mixin.py:188} INFO - [2025-09-28T23:30:59.558+0200] {dagbag.py:545} INFO - Filling up the DagBag from /opt/airflow/dags/etl_api_to_bi.py
[2025-09-28T23:30:59.600+0200] {processor.py:840} INFO - DAG(s) 'etl_api_to_bi' retrieved from /opt/airflow/dags/etl_api_to_bi.py
[2025-09-28T23:30:59.665+0200] {logging_mixin.py:188} INFO - [2025-09-28T23:30:59.665+0200] {dag.py:3089} INFO - Sync 1 DAGs
[2025-09-28T23:30:59.699+0200] {logging_mixin.py:188} INFO - [2025-09-28T23:30:59.698+0200] {dag.py:3947} INFO - Setting next_dagrun for etl_api_to_bi to 2025-09-28 21:30:00+00:00, run_after=2025-09-28 21:45:00+00:00
[2025-09-28T23:30:59.730+0200] {processor.py:183} INFO - Processing /opt/airflow/dags/etl_api_to_bi.py took 0.190 seconds
[2025-09-28T23:31:29.937+0200] {processor.py:161} INFO - Started process (PID=658) to work on /opt/airflow/dags/etl_api_to_bi.py
[2025-09-28T23:31:29.941+0200] {processor.py:830} INFO - Processing file /opt/airflow/dags/etl_api_to_bi.py for tasks to queue
[2025-09-28T23:31:29.947+0200] {logging_mixin.py:188} INFO - [2025-09-28T23:31:29.945+0200] {dagbag.py:545} INFO - Filling up the DagBag from /opt/airflow/dags/etl_api_to_bi.py
[2025-09-28T23:31:29.993+0200] {processor.py:840} INFO - DAG(s) 'etl_api_to_bi' retrieved from /opt/airflow/dags/etl_api_to_bi.py
[2025-09-28T23:31:30.051+0200] {logging_mixin.py:188} INFO - [2025-09-28T23:31:30.050+0200] {dag.py:3089} INFO - Sync 1 DAGs
[2025-09-28T23:31:30.086+0200] {logging_mixin.py:188} INFO - [2025-09-28T23:31:30.086+0200] {dag.py:3947} INFO - Setting next_dagrun for etl_api_to_bi to 2025-09-28 21:30:00+00:00, run_after=2025-09-28 21:45:00+00:00
[2025-09-28T23:31:30.116+0200] {processor.py:183} INFO - Processing /opt/airflow/dags/etl_api_to_bi.py took 0.195 seconds
[2025-09-28T23:32:01.262+0200] {processor.py:161} INFO - Started process (PID=663) to work on /opt/airflow/dags/etl_api_to_bi.py
[2025-09-28T23:32:01.264+0200] {processor.py:830} INFO - Processing file /opt/airflow/dags/etl_api_to_bi.py for tasks to queue
[2025-09-28T23:32:01.266+0200] {logging_mixin.py:188} INFO - [2025-09-28T23:32:01.266+0200] {dagbag.py:545} INFO - Filling up the DagBag from /opt/airflow/dags/etl_api_to_bi.py
[2025-09-28T23:32:01.300+0200] {processor.py:840} INFO - DAG(s) 'etl_api_to_bi' retrieved from /opt/airflow/dags/etl_api_to_bi.py
[2025-09-28T23:32:01.350+0200] {logging_mixin.py:188} INFO - [2025-09-28T23:32:01.350+0200] {dag.py:3089} INFO - Sync 1 DAGs
[2025-09-28T23:32:01.380+0200] {logging_mixin.py:188} INFO - [2025-09-28T23:32:01.380+0200] {dag.py:3947} INFO - Setting next_dagrun for etl_api_to_bi to 2025-09-28 21:30:00+00:00, run_after=2025-09-28 21:45:00+00:00
[2025-09-28T23:32:01.408+0200] {processor.py:183} INFO - Processing /opt/airflow/dags/etl_api_to_bi.py took 0.154 seconds
[2025-09-28T23:32:32.749+0200] {processor.py:161} INFO - Started process (PID=668) to work on /opt/airflow/dags/etl_api_to_bi.py
[2025-09-28T23:32:32.751+0200] {processor.py:830} INFO - Processing file /opt/airflow/dags/etl_api_to_bi.py for tasks to queue
[2025-09-28T23:32:32.754+0200] {logging_mixin.py:188} INFO - [2025-09-28T23:32:32.754+0200] {dagbag.py:545} INFO - Filling up the DagBag from /opt/airflow/dags/etl_api_to_bi.py
[2025-09-28T23:32:32.801+0200] {processor.py:840} INFO - DAG(s) 'etl_api_to_bi' retrieved from /opt/airflow/dags/etl_api_to_bi.py
[2025-09-28T23:32:32.846+0200] {logging_mixin.py:188} INFO - [2025-09-28T23:32:32.846+0200] {dag.py:3089} INFO - Sync 1 DAGs
[2025-09-28T23:32:32.890+0200] {logging_mixin.py:188} INFO - [2025-09-28T23:32:32.890+0200] {dag.py:3947} INFO - Setting next_dagrun for etl_api_to_bi to 2025-09-28 21:30:00+00:00, run_after=2025-09-28 21:45:00+00:00
[2025-09-28T23:32:32.925+0200] {processor.py:183} INFO - Processing /opt/airflow/dags/etl_api_to_bi.py took 0.188 seconds
[2025-09-28T23:33:03.044+0200] {processor.py:161} INFO - Started process (PID=673) to work on /opt/airflow/dags/etl_api_to_bi.py
[2025-09-28T23:33:03.046+0200] {processor.py:830} INFO - Processing file /opt/airflow/dags/etl_api_to_bi.py for tasks to queue
[2025-09-28T23:33:03.049+0200] {logging_mixin.py:188} INFO - [2025-09-28T23:33:03.048+0200] {dagbag.py:545} INFO - Filling up the DagBag from /opt/airflow/dags/etl_api_to_bi.py
[2025-09-28T23:33:03.091+0200] {processor.py:840} INFO - DAG(s) 'etl_api_to_bi' retrieved from /opt/airflow/dags/etl_api_to_bi.py
[2025-09-28T23:33:03.175+0200] {logging_mixin.py:188} INFO - [2025-09-28T23:33:03.174+0200] {dag.py:3089} INFO - Sync 1 DAGs
[2025-09-28T23:33:03.205+0200] {logging_mixin.py:188} INFO - [2025-09-28T23:33:03.205+0200] {dag.py:3947} INFO - Setting next_dagrun for etl_api_to_bi to 2025-09-28 21:30:00+00:00, run_after=2025-09-28 21:45:00+00:00
[2025-09-28T23:33:03.232+0200] {processor.py:183} INFO - Processing /opt/airflow/dags/etl_api_to_bi.py took 0.200 seconds
[2025-09-28T23:33:34.680+0200] {processor.py:161} INFO - Started process (PID=678) to work on /opt/airflow/dags/etl_api_to_bi.py
[2025-09-28T23:33:34.682+0200] {processor.py:830} INFO - Processing file /opt/airflow/dags/etl_api_to_bi.py for tasks to queue
[2025-09-28T23:33:34.685+0200] {logging_mixin.py:188} INFO - [2025-09-28T23:33:34.685+0200] {dagbag.py:545} INFO - Filling up the DagBag from /opt/airflow/dags/etl_api_to_bi.py
[2025-09-28T23:33:34.732+0200] {processor.py:840} INFO - DAG(s) 'etl_api_to_bi' retrieved from /opt/airflow/dags/etl_api_to_bi.py
[2025-09-28T23:33:34.817+0200] {logging_mixin.py:188} INFO - [2025-09-28T23:33:34.816+0200] {dag.py:3089} INFO - Sync 1 DAGs
[2025-09-28T23:33:34.875+0200] {logging_mixin.py:188} INFO - [2025-09-28T23:33:34.875+0200] {dag.py:3947} INFO - Setting next_dagrun for etl_api_to_bi to 2025-09-28 21:30:00+00:00, run_after=2025-09-28 21:45:00+00:00
[2025-09-28T23:33:34.921+0200] {processor.py:183} INFO - Processing /opt/airflow/dags/etl_api_to_bi.py took 0.254 seconds
[2025-09-28T23:34:05.258+0200] {processor.py:161} INFO - Started process (PID=683) to work on /opt/airflow/dags/etl_api_to_bi.py
[2025-09-28T23:34:05.260+0200] {processor.py:830} INFO - Processing file /opt/airflow/dags/etl_api_to_bi.py for tasks to queue
[2025-09-28T23:34:05.264+0200] {logging_mixin.py:188} INFO - [2025-09-28T23:34:05.263+0200] {dagbag.py:545} INFO - Filling up the DagBag from /opt/airflow/dags/etl_api_to_bi.py
[2025-09-28T23:34:05.309+0200] {processor.py:840} INFO - DAG(s) 'etl_api_to_bi' retrieved from /opt/airflow/dags/etl_api_to_bi.py
[2025-09-28T23:34:05.362+0200] {logging_mixin.py:188} INFO - [2025-09-28T23:34:05.362+0200] {dag.py:3089} INFO - Sync 1 DAGs
[2025-09-28T23:34:05.396+0200] {logging_mixin.py:188} INFO - [2025-09-28T23:34:05.396+0200] {dag.py:3947} INFO - Setting next_dagrun for etl_api_to_bi to 2025-09-28 21:30:00+00:00, run_after=2025-09-28 21:45:00+00:00
[2025-09-28T23:34:05.464+0200] {processor.py:183} INFO - Processing /opt/airflow/dags/etl_api_to_bi.py took 0.218 seconds
[2025-09-28T23:34:36.588+0200] {processor.py:161} INFO - Started process (PID=688) to work on /opt/airflow/dags/etl_api_to_bi.py
[2025-09-28T23:34:36.591+0200] {processor.py:830} INFO - Processing file /opt/airflow/dags/etl_api_to_bi.py for tasks to queue
[2025-09-28T23:34:36.596+0200] {logging_mixin.py:188} INFO - [2025-09-28T23:34:36.595+0200] {dagbag.py:545} INFO - Filling up the DagBag from /opt/airflow/dags/etl_api_to_bi.py
[2025-09-28T23:34:36.632+0200] {processor.py:840} INFO - DAG(s) 'etl_api_to_bi' retrieved from /opt/airflow/dags/etl_api_to_bi.py
[2025-09-28T23:34:36.685+0200] {logging_mixin.py:188} INFO - [2025-09-28T23:34:36.685+0200] {dag.py:3089} INFO - Sync 1 DAGs
[2025-09-28T23:34:36.720+0200] {logging_mixin.py:188} INFO - [2025-09-28T23:34:36.719+0200] {dag.py:3947} INFO - Setting next_dagrun for etl_api_to_bi to 2025-09-28 21:30:00+00:00, run_after=2025-09-28 21:45:00+00:00
[2025-09-28T23:34:36.755+0200] {processor.py:183} INFO - Processing /opt/airflow/dags/etl_api_to_bi.py took 0.177 seconds
[2025-09-28T23:35:07.901+0200] {processor.py:161} INFO - Started process (PID=693) to work on /opt/airflow/dags/etl_api_to_bi.py
[2025-09-28T23:35:07.902+0200] {processor.py:830} INFO - Processing file /opt/airflow/dags/etl_api_to_bi.py for tasks to queue
[2025-09-28T23:35:07.905+0200] {logging_mixin.py:188} INFO - [2025-09-28T23:35:07.904+0200] {dagbag.py:545} INFO - Filling up the DagBag from /opt/airflow/dags/etl_api_to_bi.py
[2025-09-28T23:35:07.935+0200] {processor.py:840} INFO - DAG(s) 'etl_api_to_bi' retrieved from /opt/airflow/dags/etl_api_to_bi.py
[2025-09-28T23:35:07.977+0200] {logging_mixin.py:188} INFO - [2025-09-28T23:35:07.977+0200] {dag.py:3089} INFO - Sync 1 DAGs
[2025-09-28T23:35:08.004+0200] {logging_mixin.py:188} INFO - [2025-09-28T23:35:08.004+0200] {dag.py:3947} INFO - Setting next_dagrun for etl_api_to_bi to 2025-09-28 21:30:00+00:00, run_after=2025-09-28 21:45:00+00:00
[2025-09-28T23:35:08.029+0200] {processor.py:183} INFO - Processing /opt/airflow/dags/etl_api_to_bi.py took 0.137 seconds
[2025-09-28T23:35:39.198+0200] {processor.py:161} INFO - Started process (PID=698) to work on /opt/airflow/dags/etl_api_to_bi.py
[2025-09-28T23:35:39.199+0200] {processor.py:830} INFO - Processing file /opt/airflow/dags/etl_api_to_bi.py for tasks to queue
[2025-09-28T23:35:39.203+0200] {logging_mixin.py:188} INFO - [2025-09-28T23:35:39.202+0200] {dagbag.py:545} INFO - Filling up the DagBag from /opt/airflow/dags/etl_api_to_bi.py
[2025-09-28T23:35:39.235+0200] {processor.py:840} INFO - DAG(s) 'etl_api_to_bi' retrieved from /opt/airflow/dags/etl_api_to_bi.py
[2025-09-28T23:35:39.281+0200] {logging_mixin.py:188} INFO - [2025-09-28T23:35:39.281+0200] {dag.py:3089} INFO - Sync 1 DAGs
[2025-09-28T23:35:39.318+0200] {logging_mixin.py:188} INFO - [2025-09-28T23:35:39.318+0200] {dag.py:3947} INFO - Setting next_dagrun for etl_api_to_bi to 2025-09-28 21:30:00+00:00, run_after=2025-09-28 21:45:00+00:00
[2025-09-28T23:35:39.345+0200] {processor.py:183} INFO - Processing /opt/airflow/dags/etl_api_to_bi.py took 0.157 seconds
[2025-09-28T23:36:10.156+0200] {processor.py:161} INFO - Started process (PID=703) to work on /opt/airflow/dags/etl_api_to_bi.py
[2025-09-28T23:36:10.158+0200] {processor.py:830} INFO - Processing file /opt/airflow/dags/etl_api_to_bi.py for tasks to queue
[2025-09-28T23:36:10.162+0200] {logging_mixin.py:188} INFO - [2025-09-28T23:36:10.161+0200] {dagbag.py:545} INFO - Filling up the DagBag from /opt/airflow/dags/etl_api_to_bi.py
[2025-09-28T23:36:10.195+0200] {processor.py:840} INFO - DAG(s) 'etl_api_to_bi' retrieved from /opt/airflow/dags/etl_api_to_bi.py
[2025-09-28T23:36:10.244+0200] {logging_mixin.py:188} INFO - [2025-09-28T23:36:10.244+0200] {dag.py:3089} INFO - Sync 1 DAGs
[2025-09-28T23:36:10.274+0200] {logging_mixin.py:188} INFO - [2025-09-28T23:36:10.274+0200] {dag.py:3947} INFO - Setting next_dagrun for etl_api_to_bi to 2025-09-28 21:30:00+00:00, run_after=2025-09-28 21:45:00+00:00
[2025-09-28T23:36:10.305+0200] {processor.py:183} INFO - Processing /opt/airflow/dags/etl_api_to_bi.py took 0.159 seconds
[2025-09-28T23:36:40.639+0200] {processor.py:161} INFO - Started process (PID=708) to work on /opt/airflow/dags/etl_api_to_bi.py
[2025-09-28T23:36:40.641+0200] {processor.py:830} INFO - Processing file /opt/airflow/dags/etl_api_to_bi.py for tasks to queue
[2025-09-28T23:36:40.645+0200] {logging_mixin.py:188} INFO - [2025-09-28T23:36:40.644+0200] {dagbag.py:545} INFO - Filling up the DagBag from /opt/airflow/dags/etl_api_to_bi.py
[2025-09-28T23:36:40.682+0200] {processor.py:840} INFO - DAG(s) 'etl_api_to_bi' retrieved from /opt/airflow/dags/etl_api_to_bi.py
[2025-09-28T23:36:40.729+0200] {logging_mixin.py:188} INFO - [2025-09-28T23:36:40.729+0200] {dag.py:3089} INFO - Sync 1 DAGs
[2025-09-28T23:36:40.756+0200] {logging_mixin.py:188} INFO - [2025-09-28T23:36:40.756+0200] {dag.py:3947} INFO - Setting next_dagrun for etl_api_to_bi to 2025-09-28 21:30:00+00:00, run_after=2025-09-28 21:45:00+00:00
[2025-09-28T23:36:40.785+0200] {processor.py:183} INFO - Processing /opt/airflow/dags/etl_api_to_bi.py took 0.157 seconds
[2025-09-28T23:37:11.966+0200] {processor.py:161} INFO - Started process (PID=713) to work on /opt/airflow/dags/etl_api_to_bi.py
[2025-09-28T23:37:11.968+0200] {processor.py:830} INFO - Processing file /opt/airflow/dags/etl_api_to_bi.py for tasks to queue
[2025-09-28T23:37:11.971+0200] {logging_mixin.py:188} INFO - [2025-09-28T23:37:11.970+0200] {dagbag.py:545} INFO - Filling up the DagBag from /opt/airflow/dags/etl_api_to_bi.py
[2025-09-28T23:37:12.006+0200] {processor.py:840} INFO - DAG(s) 'etl_api_to_bi' retrieved from /opt/airflow/dags/etl_api_to_bi.py
[2025-09-28T23:37:12.058+0200] {logging_mixin.py:188} INFO - [2025-09-28T23:37:12.058+0200] {dag.py:3089} INFO - Sync 1 DAGs
[2025-09-28T23:37:12.093+0200] {logging_mixin.py:188} INFO - [2025-09-28T23:37:12.092+0200] {dag.py:3947} INFO - Setting next_dagrun for etl_api_to_bi to 2025-09-28 21:30:00+00:00, run_after=2025-09-28 21:45:00+00:00
[2025-09-28T23:37:12.120+0200] {processor.py:183} INFO - Processing /opt/airflow/dags/etl_api_to_bi.py took 0.164 seconds
[2025-09-28T23:37:43.434+0200] {processor.py:161} INFO - Started process (PID=718) to work on /opt/airflow/dags/etl_api_to_bi.py
[2025-09-28T23:37:43.436+0200] {processor.py:830} INFO - Processing file /opt/airflow/dags/etl_api_to_bi.py for tasks to queue
[2025-09-28T23:37:43.440+0200] {logging_mixin.py:188} INFO - [2025-09-28T23:37:43.439+0200] {dagbag.py:545} INFO - Filling up the DagBag from /opt/airflow/dags/etl_api_to_bi.py
[2025-09-28T23:37:43.482+0200] {processor.py:840} INFO - DAG(s) 'etl_api_to_bi' retrieved from /opt/airflow/dags/etl_api_to_bi.py
[2025-09-28T23:37:43.539+0200] {logging_mixin.py:188} INFO - [2025-09-28T23:37:43.538+0200] {dag.py:3089} INFO - Sync 1 DAGs
[2025-09-28T23:37:43.575+0200] {logging_mixin.py:188} INFO - [2025-09-28T23:37:43.575+0200] {dag.py:3947} INFO - Setting next_dagrun for etl_api_to_bi to 2025-09-28 21:30:00+00:00, run_after=2025-09-28 21:45:00+00:00
[2025-09-28T23:37:43.603+0200] {processor.py:183} INFO - Processing /opt/airflow/dags/etl_api_to_bi.py took 0.180 seconds
[2025-09-28T23:38:13.947+0200] {processor.py:161} INFO - Started process (PID=723) to work on /opt/airflow/dags/etl_api_to_bi.py
[2025-09-28T23:38:13.949+0200] {processor.py:830} INFO - Processing file /opt/airflow/dags/etl_api_to_bi.py for tasks to queue
[2025-09-28T23:38:13.952+0200] {logging_mixin.py:188} INFO - [2025-09-28T23:38:13.951+0200] {dagbag.py:545} INFO - Filling up the DagBag from /opt/airflow/dags/etl_api_to_bi.py
[2025-09-28T23:38:13.984+0200] {processor.py:840} INFO - DAG(s) 'etl_api_to_bi' retrieved from /opt/airflow/dags/etl_api_to_bi.py
[2025-09-28T23:38:14.028+0200] {logging_mixin.py:188} INFO - [2025-09-28T23:38:14.028+0200] {dag.py:3089} INFO - Sync 1 DAGs
[2025-09-28T23:38:14.057+0200] {logging_mixin.py:188} INFO - [2025-09-28T23:38:14.057+0200] {dag.py:3947} INFO - Setting next_dagrun for etl_api_to_bi to 2025-09-28 21:30:00+00:00, run_after=2025-09-28 21:45:00+00:00
[2025-09-28T23:38:14.085+0200] {processor.py:183} INFO - Processing /opt/airflow/dags/etl_api_to_bi.py took 0.147 seconds
[2025-09-28T23:38:45.269+0200] {processor.py:161} INFO - Started process (PID=728) to work on /opt/airflow/dags/etl_api_to_bi.py
[2025-09-28T23:38:45.271+0200] {processor.py:830} INFO - Processing file /opt/airflow/dags/etl_api_to_bi.py for tasks to queue
[2025-09-28T23:38:45.277+0200] {logging_mixin.py:188} INFO - [2025-09-28T23:38:45.276+0200] {dagbag.py:545} INFO - Filling up the DagBag from /opt/airflow/dags/etl_api_to_bi.py
[2025-09-28T23:38:45.332+0200] {processor.py:840} INFO - DAG(s) 'etl_api_to_bi' retrieved from /opt/airflow/dags/etl_api_to_bi.py
[2025-09-28T23:38:45.408+0200] {logging_mixin.py:188} INFO - [2025-09-28T23:38:45.407+0200] {dag.py:3089} INFO - Sync 1 DAGs
[2025-09-28T23:38:45.455+0200] {logging_mixin.py:188} INFO - [2025-09-28T23:38:45.454+0200] {dag.py:3947} INFO - Setting next_dagrun for etl_api_to_bi to 2025-09-28 21:30:00+00:00, run_after=2025-09-28 21:45:00+00:00
[2025-09-28T23:38:45.490+0200] {processor.py:183} INFO - Processing /opt/airflow/dags/etl_api_to_bi.py took 0.242 seconds
[2025-09-28T23:39:16.879+0200] {processor.py:161} INFO - Started process (PID=733) to work on /opt/airflow/dags/etl_api_to_bi.py
[2025-09-28T23:39:16.880+0200] {processor.py:830} INFO - Processing file /opt/airflow/dags/etl_api_to_bi.py for tasks to queue
[2025-09-28T23:39:16.885+0200] {logging_mixin.py:188} INFO - [2025-09-28T23:39:16.884+0200] {dagbag.py:545} INFO - Filling up the DagBag from /opt/airflow/dags/etl_api_to_bi.py
[2025-09-28T23:39:16.930+0200] {processor.py:840} INFO - DAG(s) 'etl_api_to_bi' retrieved from /opt/airflow/dags/etl_api_to_bi.py
[2025-09-28T23:39:17.040+0200] {logging_mixin.py:188} INFO - [2025-09-28T23:39:17.039+0200] {dag.py:3089} INFO - Sync 1 DAGs
[2025-09-28T23:39:17.121+0200] {logging_mixin.py:188} INFO - [2025-09-28T23:39:17.120+0200] {dag.py:3947} INFO - Setting next_dagrun for etl_api_to_bi to 2025-09-28 21:30:00+00:00, run_after=2025-09-28 21:45:00+00:00
[2025-09-28T23:39:17.160+0200] {processor.py:183} INFO - Processing /opt/airflow/dags/etl_api_to_bi.py took 0.295 seconds
