[2025-10-17T03:45:02.865+0200] {local_task_job_runner.py:120} INFO - ::group::Pre task execution logs
[2025-10-17T03:45:02.910+0200] {taskinstance.py:2076} INFO - Dependencies all met for dep_context=non-requeueable deps ti=<TaskInstance: etl_api_to_bi.dbt_deps scheduled__2025-10-17T01:30:00+00:00 [queued]>
[2025-10-17T03:45:02.921+0200] {taskinstance.py:2076} INFO - Dependencies all met for dep_context=requeueable deps ti=<TaskInstance: etl_api_to_bi.dbt_deps scheduled__2025-10-17T01:30:00+00:00 [queued]>
[2025-10-17T03:45:02.922+0200] {taskinstance.py:2306} INFO - Starting attempt 1 of 3
[2025-10-17T03:45:02.937+0200] {taskinstance.py:2330} INFO - Executing <Task(BashOperator): dbt_deps> on 2025-10-17 01:30:00+00:00
[2025-10-17T03:45:02.946+0200] {standard_task_runner.py:64} INFO - Started process 541 to run task
[2025-10-17T03:45:02.951+0200] {standard_task_runner.py:90} INFO - Running: ['airflow', 'tasks', 'run', 'etl_api_to_bi', 'dbt_deps', 'scheduled__2025-10-17T01:30:00+00:00', '--job-id', '15', '--raw', '--subdir', 'DAGS_FOLDER/etl_api_to_bi.py', '--cfg-path', '/tmp/tmpn2hr4sk1']
[2025-10-17T03:45:02.956+0200] {standard_task_runner.py:91} INFO - Job 15: Subtask dbt_deps
[2025-10-17T03:45:03.073+0200] {task_command.py:426} INFO - Running <TaskInstance: etl_api_to_bi.dbt_deps scheduled__2025-10-17T01:30:00+00:00 [running]> on host af95d5ead002
[2025-10-17T03:45:03.484+0200] {taskinstance.py:2648} INFO - Exporting env vars: AIRFLOW_CTX_DAG_OWNER='data' AIRFLOW_CTX_DAG_ID='etl_api_to_bi' AIRFLOW_CTX_TASK_ID='dbt_deps' AIRFLOW_CTX_EXECUTION_DATE='2025-10-17T01:30:00+00:00' AIRFLOW_CTX_TRY_NUMBER='1' AIRFLOW_CTX_DAG_RUN_ID='scheduled__2025-10-17T01:30:00+00:00'
[2025-10-17T03:45:03.485+0200] {taskinstance.py:430} INFO - ::endgroup::
[2025-10-17T03:45:03.499+0200] {subprocess.py:63} INFO - Tmp dir root location: /tmp
[2025-10-17T03:45:03.501+0200] {subprocess.py:75} INFO - Running command: ['/usr/bin/bash', '-c', "docker exec dbt bash -lc 'cd /usr/app && dbt deps --profiles-dir /root/.dbt'"]
[2025-10-17T03:45:03.516+0200] {subprocess.py:86} INFO - Output:
[2025-10-17T03:45:05.706+0200] {subprocess.py:93} INFO - [0m01:45:05  Running with dbt=1.8.3
[2025-10-17T03:45:06.682+0200] {subprocess.py:93} INFO - [0m01:45:06  Installing dbt-labs/dbt_utils
[2025-10-17T03:45:11.456+0200] {subprocess.py:93} INFO - [0m01:45:11  Installed from version 1.3.1
[2025-10-17T03:45:11.459+0200] {subprocess.py:93} INFO - [0m01:45:11  Up to date!
[2025-10-17T03:45:12.538+0200] {subprocess.py:97} INFO - Command exited with return code 0
[2025-10-17T03:45:12.540+0200] {taskinstance.py:441} INFO - ::group::Post task execution logs
[2025-10-17T03:45:12.591+0200] {taskinstance.py:1206} INFO - Marking task as SUCCESS. dag_id=etl_api_to_bi, task_id=dbt_deps, run_id=scheduled__2025-10-17T01:30:00+00:00, execution_date=20251017T013000, start_date=20251017T014502, end_date=20251017T014512
[2025-10-17T03:45:13.006+0200] {local_task_job_runner.py:243} INFO - Task exited with return code 0
[2025-10-17T03:45:13.031+0200] {taskinstance.py:3503} INFO - 0 downstream tasks scheduled from follow-on schedule check
[2025-10-17T03:45:13.034+0200] {local_task_job_runner.py:222} INFO - ::endgroup::
