[2025-10-17T03:19:16.438+0200] {local_task_job_runner.py:120} INFO - ::group::Pre task execution logs
[2025-10-17T03:19:16.503+0200] {taskinstance.py:2076} INFO - Dependencies all met for dep_context=non-requeueable deps ti=<TaskInstance: etl_api_to_bi.dbt_build scheduled__2025-10-17T01:00:00+00:00 [queued]>
[2025-10-17T03:19:16.520+0200] {taskinstance.py:2076} INFO - Dependencies all met for dep_context=requeueable deps ti=<TaskInstance: etl_api_to_bi.dbt_build scheduled__2025-10-17T01:00:00+00:00 [queued]>
[2025-10-17T03:19:16.521+0200] {taskinstance.py:2306} INFO - Starting attempt 1 of 3
[2025-10-17T03:19:16.550+0200] {taskinstance.py:2330} INFO - Executing <Task(BashOperator): dbt_build> on 2025-10-17 01:00:00+00:00
[2025-10-17T03:19:16.564+0200] {standard_task_runner.py:64} INFO - Started process 241 to run task
[2025-10-17T03:19:16.571+0200] {standard_task_runner.py:90} INFO - Running: ['airflow', 'tasks', 'run', 'etl_api_to_bi', 'dbt_build', 'scheduled__2025-10-17T01:00:00+00:00', '--job-id', '6', '--raw', '--subdir', 'DAGS_FOLDER/etl_api_to_bi.py', '--cfg-path', '/tmp/tmp6_rjyoft']
[2025-10-17T03:19:16.578+0200] {standard_task_runner.py:91} INFO - Job 6: Subtask dbt_build
[2025-10-17T03:19:16.730+0200] {task_command.py:426} INFO - Running <TaskInstance: etl_api_to_bi.dbt_build scheduled__2025-10-17T01:00:00+00:00 [running]> on host af95d5ead002
[2025-10-17T03:19:17.161+0200] {taskinstance.py:2648} INFO - Exporting env vars: AIRFLOW_CTX_DAG_OWNER='data' AIRFLOW_CTX_DAG_ID='etl_api_to_bi' AIRFLOW_CTX_TASK_ID='dbt_build' AIRFLOW_CTX_EXECUTION_DATE='2025-10-17T01:00:00+00:00' AIRFLOW_CTX_TRY_NUMBER='1' AIRFLOW_CTX_DAG_RUN_ID='scheduled__2025-10-17T01:00:00+00:00'
[2025-10-17T03:19:17.162+0200] {taskinstance.py:430} INFO - ::endgroup::
[2025-10-17T03:19:17.179+0200] {subprocess.py:63} INFO - Tmp dir root location: /tmp
[2025-10-17T03:19:17.182+0200] {subprocess.py:75} INFO - Running command: ['/usr/bin/bash', '-c', "docker exec dbt bash -lc 'cd /usr/app && dbt build --fail-fast --profiles-dir /root/.dbt'"]
[2025-10-17T03:19:17.203+0200] {subprocess.py:86} INFO - Output:
[2025-10-17T03:19:20.317+0200] {subprocess.py:93} INFO - [0m01:19:20  Running with dbt=1.8.3
[2025-10-17T03:19:20.737+0200] {subprocess.py:93} INFO - [0m01:19:20  Registered adapter: postgres=1.8.2
[2025-10-17T03:19:22.683+0200] {subprocess.py:93} INFO - [0m01:19:22  Found 6 models, 11 data tests, 531 macros
[2025-10-17T03:19:22.690+0200] {subprocess.py:93} INFO - [0m01:19:22
[2025-10-17T03:19:22.986+0200] {subprocess.py:93} INFO - [0m01:19:22  Concurrency: 4 threads (target='dev')
[2025-10-17T03:19:22.987+0200] {subprocess.py:93} INFO - [0m01:19:22
[2025-10-17T03:19:22.997+0200] {subprocess.py:93} INFO - [0m01:19:22  1 of 17 START sql view model public_staging.stg_customers ...................... [RUN]
[2025-10-17T03:19:22.999+0200] {subprocess.py:93} INFO - [0m01:19:22  2 of 17 START sql view model public_staging.stg_payments ....................... [RUN]
[2025-10-17T03:19:23.001+0200] {subprocess.py:93} INFO - [0m01:19:22  3 of 17 START sql view model public_staging.stg_sessions ....................... [RUN]
[2025-10-17T03:19:23.338+0200] {subprocess.py:93} INFO - [0m01:19:23  1 of 17 OK created sql view model public_staging.stg_customers ................. [[32mCREATE VIEW[0m in 0.33s]
[2025-10-17T03:19:23.347+0200] {subprocess.py:93} INFO - [0m01:19:23  3 of 17 OK created sql view model public_staging.stg_sessions .................. [[32mCREATE VIEW[0m in 0.33s]
[2025-10-17T03:19:23.355+0200] {subprocess.py:93} INFO - [0m01:19:23  4 of 17 START test not_null_stg_customers_country .............................. [RUN]
[2025-10-17T03:19:23.357+0200] {subprocess.py:93} INFO - [0m01:19:23  5 of 17 START test not_null_stg_customers_customer_id .......................... [RUN]
[2025-10-17T03:19:23.360+0200] {subprocess.py:93} INFO - [0m01:19:23  2 of 17 OK created sql view model public_staging.stg_payments .................. [[32mCREATE VIEW[0m in 0.35s]
[2025-10-17T03:19:23.373+0200] {subprocess.py:93} INFO - [0m01:19:23  6 of 17 START test unique_stg_customers_customer_id ............................ [RUN]
[2025-10-17T03:19:23.404+0200] {subprocess.py:93} INFO - [0m01:19:23  7 of 17 START test accepted_values_stg_sessions_source__google__direct__facebook__linkedin__newsletter__referral__bing  [RUN]
[2025-10-17T03:19:23.657+0200] {subprocess.py:93} INFO - [0m01:19:23  4 of 17 PASS not_null_stg_customers_country .................................... [[32mPASS[0m in 0.29s]
[2025-10-17T03:19:23.661+0200] {subprocess.py:93} INFO - [0m01:19:23  5 of 17 PASS not_null_stg_customers_customer_id ................................ [[32mPASS[0m in 0.29s]
[2025-10-17T03:19:23.665+0200] {subprocess.py:93} INFO - [0m01:19:23  6 of 17 PASS unique_stg_customers_customer_id .................................. [[32mPASS[0m in 0.28s]
[2025-10-17T03:19:23.673+0200] {subprocess.py:93} INFO - [0m01:19:23  8 of 17 START test not_null_stg_sessions_session_id ............................ [RUN]
[2025-10-17T03:19:23.676+0200] {subprocess.py:93} INFO - [0m01:19:23  9 of 17 START test unique_stg_sessions_session_id .............................. [RUN]
[2025-10-17T03:19:23.680+0200] {subprocess.py:93} INFO - [0m01:19:23  10 of 17 START test accepted_values_stg_payments_status__succeeded__failed__refunded  [RUN]
[2025-10-17T03:19:23.721+0200] {subprocess.py:93} INFO - [0m01:19:23  7 of 17 PASS accepted_values_stg_sessions_source__google__direct__facebook__linkedin__newsletter__referral__bing  [[32mPASS[0m in 0.31s]
[2025-10-17T03:19:23.728+0200] {subprocess.py:93} INFO - [0m01:19:23  11 of 17 START test not_null_stg_payments_payment_id ........................... [RUN]
[2025-10-17T03:19:23.833+0200] {subprocess.py:93} INFO - [0m01:19:23  8 of 17 PASS not_null_stg_sessions_session_id .................................. [[32mPASS[0m in 0.15s]
[2025-10-17T03:19:23.837+0200] {subprocess.py:93} INFO - [0m01:19:23  10 of 17 PASS accepted_values_stg_payments_status__succeeded__failed__refunded . [[32mPASS[0m in 0.15s]
[2025-10-17T03:19:23.851+0200] {subprocess.py:93} INFO - [0m01:19:23  12 of 17 START test unique_stg_payments_payment_id ............................. [RUN]
[2025-10-17T03:19:23.854+0200] {subprocess.py:93} INFO - [0m01:19:23  13 of 17 START sql table model public_analytics.dim_customer ................... [RUN]
[2025-10-17T03:19:23.858+0200] {subprocess.py:93} INFO - [0m01:19:23  9 of 17 PASS unique_stg_sessions_session_id .................................... [[32mPASS[0m in 0.18s]
[2025-10-17T03:19:23.890+0200] {subprocess.py:93} INFO - [0m01:19:23  14 of 17 START sql table model public_analytics.fct_marketing_attribution ...... [RUN]
[2025-10-17T03:19:23.945+0200] {subprocess.py:93} INFO - [0m01:19:23  11 of 17 PASS not_null_stg_payments_payment_id ................................. [[32mPASS[0m in 0.20s]
[2025-10-17T03:19:24.033+0200] {subprocess.py:93} INFO - [0m01:19:24  12 of 17 PASS unique_stg_payments_payment_id ................................... [[32mPASS[0m in 0.18s]
[2025-10-17T03:19:24.044+0200] {subprocess.py:93} INFO - [0m01:19:24  15 of 17 START sql table model public_analytics.fct_revenue_daily .............. [RUN]
[2025-10-17T03:19:24.155+0200] {subprocess.py:93} INFO - [0m01:19:24  13 of 17 OK created sql table model public_analytics.dim_customer .............. [[32mSELECT 1000[0m in 0.29s]
[2025-10-17T03:19:24.193+0200] {subprocess.py:93} INFO - [0m01:19:24  14 of 17 OK created sql table model public_analytics.fct_marketing_attribution . [[32mSELECT 5705[0m in 0.29s]
[2025-10-17T03:19:24.199+0200] {subprocess.py:93} INFO - [0m01:19:24  16 of 17 START test not_null_fct_marketing_attribution_session_day ............. [RUN]
[2025-10-17T03:19:24.285+0200] {subprocess.py:93} INFO - [0m01:19:24  15 of 17 OK created sql table model public_analytics.fct_revenue_daily ......... [[32mSELECT 4329[0m in 0.24s]
[2025-10-17T03:19:24.293+0200] {subprocess.py:93} INFO - [0m01:19:24  17 of 17 START test not_null_fct_revenue_daily_order_day ....................... [RUN]
[2025-10-17T03:19:24.334+0200] {subprocess.py:93} INFO - [0m01:19:24  16 of 17 PASS not_null_fct_marketing_attribution_session_day ................... [[32mPASS[0m in 0.13s]
[2025-10-17T03:19:24.394+0200] {subprocess.py:93} INFO - [0m01:19:24  17 of 17 PASS not_null_fct_revenue_daily_order_day ............................. [[32mPASS[0m in 0.10s]
[2025-10-17T03:19:24.428+0200] {subprocess.py:93} INFO - [0m01:19:24
[2025-10-17T03:19:24.429+0200] {subprocess.py:93} INFO - [0m01:19:24  Finished running 3 view models, 11 data tests, 3 table models in 0 hours 0 minutes and 1.74 seconds (1.74s).
[2025-10-17T03:19:24.515+0200] {subprocess.py:93} INFO - [0m01:19:24
[2025-10-17T03:19:24.516+0200] {subprocess.py:93} INFO - [0m01:19:24  [32mCompleted successfully[0m
[2025-10-17T03:19:24.518+0200] {subprocess.py:93} INFO - [0m01:19:24
[2025-10-17T03:19:24.520+0200] {subprocess.py:93} INFO - [0m01:19:24  Done. PASS=17 WARN=0 ERROR=0 SKIP=0 TOTAL=17
[2025-10-17T03:19:25.377+0200] {subprocess.py:97} INFO - Command exited with return code 0
[2025-10-17T03:19:25.379+0200] {taskinstance.py:441} INFO - ::group::Post task execution logs
[2025-10-17T03:19:25.426+0200] {taskinstance.py:1206} INFO - Marking task as SUCCESS. dag_id=etl_api_to_bi, task_id=dbt_build, run_id=scheduled__2025-10-17T01:00:00+00:00, execution_date=20251017T010000, start_date=20251017T011916, end_date=20251017T011925
[2025-10-17T03:19:25.469+0200] {local_task_job_runner.py:243} INFO - Task exited with return code 0
[2025-10-17T03:19:25.490+0200] {taskinstance.py:3503} INFO - 0 downstream tasks scheduled from follow-on schedule check
[2025-10-17T03:19:25.493+0200] {local_task_job_runner.py:222} INFO - ::endgroup::
