[2025-10-17T03:30:18.973+0200] {local_task_job_runner.py:120} INFO - ::group::Pre task execution logs
[2025-10-17T03:30:19.033+0200] {taskinstance.py:2076} INFO - Dependencies all met for dep_context=non-requeueable deps ti=<TaskInstance: etl_api_to_bi.dbt_build scheduled__2025-10-17T01:15:00+00:00 [queued]>
[2025-10-17T03:30:19.050+0200] {taskinstance.py:2076} INFO - Dependencies all met for dep_context=requeueable deps ti=<TaskInstance: etl_api_to_bi.dbt_build scheduled__2025-10-17T01:15:00+00:00 [queued]>
[2025-10-17T03:30:19.051+0200] {taskinstance.py:2306} INFO - Starting attempt 1 of 3
[2025-10-17T03:30:19.069+0200] {taskinstance.py:2330} INFO - Executing <Task(BashOperator): dbt_build> on 2025-10-17 01:15:00+00:00
[2025-10-17T03:30:19.078+0200] {standard_task_runner.py:64} INFO - Started process 382 to run task
[2025-10-17T03:30:19.085+0200] {standard_task_runner.py:90} INFO - Running: ['airflow', 'tasks', 'run', 'etl_api_to_bi', 'dbt_build', 'scheduled__2025-10-17T01:15:00+00:00', '--job-id', '11', '--raw', '--subdir', 'DAGS_FOLDER/etl_api_to_bi.py', '--cfg-path', '/tmp/tmpmzxvu0of']
[2025-10-17T03:30:19.090+0200] {standard_task_runner.py:91} INFO - Job 11: Subtask dbt_build
[2025-10-17T03:30:19.218+0200] {task_command.py:426} INFO - Running <TaskInstance: etl_api_to_bi.dbt_build scheduled__2025-10-17T01:15:00+00:00 [running]> on host af95d5ead002
[2025-10-17T03:30:19.796+0200] {taskinstance.py:2648} INFO - Exporting env vars: AIRFLOW_CTX_DAG_OWNER='data' AIRFLOW_CTX_DAG_ID='etl_api_to_bi' AIRFLOW_CTX_TASK_ID='dbt_build' AIRFLOW_CTX_EXECUTION_DATE='2025-10-17T01:15:00+00:00' AIRFLOW_CTX_TRY_NUMBER='1' AIRFLOW_CTX_DAG_RUN_ID='scheduled__2025-10-17T01:15:00+00:00'
[2025-10-17T03:30:19.798+0200] {taskinstance.py:430} INFO - ::endgroup::
[2025-10-17T03:30:19.828+0200] {subprocess.py:63} INFO - Tmp dir root location: /tmp
[2025-10-17T03:30:19.833+0200] {subprocess.py:75} INFO - Running command: ['/usr/bin/bash', '-c', "docker exec dbt bash -lc 'cd /usr/app && dbt build --fail-fast --profiles-dir /root/.dbt'"]
[2025-10-17T03:30:19.853+0200] {subprocess.py:86} INFO - Output:
[2025-10-17T03:30:22.676+0200] {subprocess.py:93} INFO - [0m01:30:22  Running with dbt=1.8.3
[2025-10-17T03:30:23.057+0200] {subprocess.py:93} INFO - [0m01:30:23  Registered adapter: postgres=1.8.2
[2025-10-17T03:30:25.724+0200] {subprocess.py:93} INFO - [0m01:30:25  Found 6 models, 11 data tests, 531 macros
[2025-10-17T03:30:25.732+0200] {subprocess.py:93} INFO - [0m01:30:25
[2025-10-17T03:30:26.274+0200] {subprocess.py:93} INFO - [0m01:30:26  Concurrency: 4 threads (target='dev')
[2025-10-17T03:30:26.276+0200] {subprocess.py:93} INFO - [0m01:30:26
[2025-10-17T03:30:26.292+0200] {subprocess.py:93} INFO - [0m01:30:26  1 of 17 START sql view model public_staging.stg_customers ...................... [RUN]
[2025-10-17T03:30:26.294+0200] {subprocess.py:93} INFO - [0m01:30:26  2 of 17 START sql view model public_staging.stg_payments ....................... [RUN]
[2025-10-17T03:30:26.297+0200] {subprocess.py:93} INFO - [0m01:30:26  3 of 17 START sql view model public_staging.stg_sessions ....................... [RUN]
[2025-10-17T03:30:27.198+0200] {subprocess.py:93} INFO - [0m01:30:27  3 of 17 OK created sql view model public_staging.stg_sessions .................. [[32mCREATE VIEW[0m in 0.86s]
[2025-10-17T03:30:27.228+0200] {subprocess.py:93} INFO - [0m01:30:27  1 of 17 OK created sql view model public_staging.stg_customers ................. [[32mCREATE VIEW[0m in 0.88s]
[2025-10-17T03:30:27.242+0200] {subprocess.py:93} INFO - [0m01:30:27  2 of 17 OK created sql view model public_staging.stg_payments .................. [[32mCREATE VIEW[0m in 0.89s]
[2025-10-17T03:30:27.302+0200] {subprocess.py:93} INFO - [0m01:30:27  6 of 17 START test unique_stg_sessions_session_id .............................. [RUN]
[2025-10-17T03:30:27.310+0200] {subprocess.py:93} INFO - [0m01:30:27  5 of 17 START test not_null_stg_sessions_session_id ............................ [RUN]
[2025-10-17T03:30:27.333+0200] {subprocess.py:93} INFO - [0m01:30:27  4 of 17 START test accepted_values_stg_sessions_source__google__direct__facebook__linkedin__newsletter__referral__bing  [RUN]
[2025-10-17T03:30:27.352+0200] {subprocess.py:93} INFO - [0m01:30:27  7 of 17 START test not_null_stg_customers_country .............................. [RUN]
[2025-10-17T03:30:28.631+0200] {subprocess.py:93} INFO - [0m01:30:28  5 of 17 PASS not_null_stg_sessions_session_id .................................. [[32mPASS[0m in 1.27s]
[2025-10-17T03:30:28.785+0200] {subprocess.py:93} INFO - [0m01:30:28  7 of 17 PASS not_null_stg_customers_country .................................... [[32mPASS[0m in 1.30s]
[2025-10-17T03:30:28.903+0200] {subprocess.py:93} INFO - [0m01:30:28  8 of 17 START test not_null_stg_customers_customer_id .......................... [RUN]
[2025-10-17T03:30:28.926+0200] {subprocess.py:93} INFO - [0m01:30:28  4 of 17 PASS accepted_values_stg_sessions_source__google__direct__facebook__linkedin__newsletter__referral__bing  [[32mPASS[0m in 1.56s]
[2025-10-17T03:30:28.980+0200] {subprocess.py:93} INFO - [0m01:30:28  6 of 17 PASS unique_stg_sessions_session_id .................................... [[32mPASS[0m in 1.61s]
[2025-10-17T03:30:28.999+0200] {subprocess.py:93} INFO - [0m01:30:28  9 of 17 START test unique_stg_customers_customer_id ............................ [RUN]
[2025-10-17T03:30:29.068+0200] {subprocess.py:93} INFO - [0m01:30:29  10 of 17 START test accepted_values_stg_payments_status__succeeded__failed__refunded  [RUN]
[2025-10-17T03:30:29.131+0200] {subprocess.py:93} INFO - [0m01:30:29  11 of 17 START test not_null_stg_payments_payment_id ........................... [RUN]
[2025-10-17T03:30:29.582+0200] {subprocess.py:93} INFO - [0m01:30:29  8 of 17 PASS not_null_stg_customers_customer_id ................................ [[32mPASS[0m in 0.64s]
[2025-10-17T03:30:29.623+0200] {subprocess.py:93} INFO - [0m01:30:29  9 of 17 PASS unique_stg_customers_customer_id .................................. [[32mPASS[0m in 0.64s]
[2025-10-17T03:30:29.638+0200] {subprocess.py:93} INFO - [0m01:30:29  12 of 17 START test unique_stg_payments_payment_id ............................. [RUN]
[2025-10-17T03:30:29.657+0200] {subprocess.py:93} INFO - [0m01:30:29  11 of 17 PASS not_null_stg_payments_payment_id ................................. [[32mPASS[0m in 0.51s]
[2025-10-17T03:30:29.662+0200] {subprocess.py:93} INFO - [0m01:30:29  13 of 17 START sql table model public_analytics.fct_marketing_attribution ...... [RUN]
[2025-10-17T03:30:29.698+0200] {subprocess.py:93} INFO - [0m01:30:29  10 of 17 PASS accepted_values_stg_payments_status__succeeded__failed__refunded . [[32mPASS[0m in 0.58s]
[2025-10-17T03:30:29.721+0200] {subprocess.py:93} INFO - [0m01:30:29  14 of 17 START sql table model public_analytics.dim_customer ................... [RUN]
[2025-10-17T03:30:30.124+0200] {subprocess.py:93} INFO - [0m01:30:30  12 of 17 PASS unique_stg_payments_payment_id ................................... [[32mPASS[0m in 0.48s]
[2025-10-17T03:30:30.160+0200] {subprocess.py:93} INFO - [0m01:30:30  15 of 17 START sql table model public_analytics.fct_revenue_daily .............. [RUN]
[2025-10-17T03:30:30.838+0200] {subprocess.py:93} INFO - [0m01:30:30  14 of 17 OK created sql table model public_analytics.dim_customer .............. [[32mSELECT 1000[0m in 1.06s]
[2025-10-17T03:30:30.979+0200] {subprocess.py:93} INFO - [0m01:30:30  13 of 17 OK created sql table model public_analytics.fct_marketing_attribution . [[32mSELECT 5705[0m in 1.28s]
[2025-10-17T03:30:31.024+0200] {subprocess.py:93} INFO - [0m01:30:31  16 of 17 START test not_null_fct_marketing_attribution_session_day ............. [RUN]
[2025-10-17T03:30:31.130+0200] {subprocess.py:93} INFO - [0m01:30:31  15 of 17 OK created sql table model public_analytics.fct_revenue_daily ......... [[32mSELECT 4329[0m in 0.96s]
[2025-10-17T03:30:31.150+0200] {subprocess.py:93} INFO - [0m01:30:31  17 of 17 START test not_null_fct_revenue_daily_order_day ....................... [RUN]
[2025-10-17T03:30:31.241+0200] {subprocess.py:93} INFO - [0m01:30:31  16 of 17 PASS not_null_fct_marketing_attribution_session_day ................... [[32mPASS[0m in 0.21s]
[2025-10-17T03:30:31.440+0200] {subprocess.py:93} INFO - [0m01:30:31  17 of 17 PASS not_null_fct_revenue_daily_order_day ............................. [[32mPASS[0m in 0.26s]
[2025-10-17T03:30:31.742+0200] {subprocess.py:93} INFO - [0m01:30:31
[2025-10-17T03:30:31.750+0200] {subprocess.py:93} INFO - [0m01:30:31  Finished running 3 view models, 11 data tests, 3 table models in 0 hours 0 minutes and 5.99 seconds (5.99s).
[2025-10-17T03:30:31.991+0200] {subprocess.py:93} INFO - [0m01:30:31
[2025-10-17T03:30:31.999+0200] {subprocess.py:93} INFO - [0m01:30:31  [32mCompleted successfully[0m
[2025-10-17T03:30:32.018+0200] {subprocess.py:93} INFO - [0m01:30:32
[2025-10-17T03:30:32.070+0200] {subprocess.py:93} INFO - [0m01:30:32  Done. PASS=17 WARN=0 ERROR=0 SKIP=0 TOTAL=17
[2025-10-17T03:30:33.685+0200] {subprocess.py:97} INFO - Command exited with return code 0
[2025-10-17T03:30:33.688+0200] {taskinstance.py:441} INFO - ::group::Post task execution logs
[2025-10-17T03:30:33.778+0200] {taskinstance.py:1206} INFO - Marking task as SUCCESS. dag_id=etl_api_to_bi, task_id=dbt_build, run_id=scheduled__2025-10-17T01:15:00+00:00, execution_date=20251017T011500, start_date=20251017T013019, end_date=20251017T013033
[2025-10-17T03:30:33.872+0200] {local_task_job_runner.py:243} INFO - Task exited with return code 0
[2025-10-17T03:30:33.901+0200] {taskinstance.py:3503} INFO - 0 downstream tasks scheduled from follow-on schedule check
[2025-10-17T03:30:33.905+0200] {local_task_job_runner.py:222} INFO - ::endgroup::
