[2025-10-17T03:17:32.809+0200] {local_task_job_runner.py:120} INFO - ::group::Pre task execution logs
[2025-10-17T03:17:32.902+0200] {taskinstance.py:2076} INFO - Dependencies all met for dep_context=non-requeueable deps ti=<TaskInstance: etl_api_to_bi.extract_customers scheduled__2025-10-17T01:00:00+00:00 [queued]>
[2025-10-17T03:17:32.922+0200] {taskinstance.py:2076} INFO - Dependencies all met for dep_context=requeueable deps ti=<TaskInstance: etl_api_to_bi.extract_customers scheduled__2025-10-17T01:00:00+00:00 [queued]>
[2025-10-17T03:17:32.924+0200] {taskinstance.py:2306} INFO - Starting attempt 1 of 3
[2025-10-17T03:17:32.966+0200] {taskinstance.py:2330} INFO - Executing <Task(PythonOperator): extract_customers> on 2025-10-17 01:00:00+00:00
[2025-10-17T03:17:32.979+0200] {standard_task_runner.py:64} INFO - Started process 205 to run task
[2025-10-17T03:17:32.989+0200] {standard_task_runner.py:90} INFO - Running: ['airflow', 'tasks', 'run', 'etl_api_to_bi', 'extract_customers', 'scheduled__2025-10-17T01:00:00+00:00', '--job-id', '2', '--raw', '--subdir', 'DAGS_FOLDER/etl_api_to_bi.py', '--cfg-path', '/tmp/tmp3hfq2arl']
[2025-10-17T03:17:32.995+0200] {standard_task_runner.py:91} INFO - Job 2: Subtask extract_customers
[2025-10-17T03:17:33.221+0200] {task_command.py:426} INFO - Running <TaskInstance: etl_api_to_bi.extract_customers scheduled__2025-10-17T01:00:00+00:00 [running]> on host af95d5ead002
[2025-10-17T03:17:34.290+0200] {taskinstance.py:2648} INFO - Exporting env vars: AIRFLOW_CTX_DAG_OWNER='data' AIRFLOW_CTX_DAG_ID='etl_api_to_bi' AIRFLOW_CTX_TASK_ID='extract_customers' AIRFLOW_CTX_EXECUTION_DATE='2025-10-17T01:00:00+00:00' AIRFLOW_CTX_TRY_NUMBER='1' AIRFLOW_CTX_DAG_RUN_ID='scheduled__2025-10-17T01:00:00+00:00'
[2025-10-17T03:17:34.293+0200] {taskinstance.py:430} INFO - ::endgroup::
[2025-10-17T03:17:34.589+0200] {crypto.py:82} WARNING - empty cryptography key - values will not be stored encrypted.
[2025-10-17T03:17:34.593+0200] {base.py:84} INFO - Using connection ID 'postgres_default' for task execution.
[2025-10-17T03:17:35.043+0200] {base.py:84} INFO - Using connection ID 'postgres_default' for task execution.
[2025-10-17T03:17:35.453+0200] {python.py:237} INFO - Done. Returned value was: 1000
[2025-10-17T03:17:35.463+0200] {taskinstance.py:441} INFO - ::group::Post task execution logs
[2025-10-17T03:17:35.565+0200] {taskinstance.py:1206} INFO - Marking task as SUCCESS. dag_id=etl_api_to_bi, task_id=extract_customers, run_id=scheduled__2025-10-17T01:00:00+00:00, execution_date=20251017T010000, start_date=20251017T011732, end_date=20251017T011735
[2025-10-17T03:17:35.680+0200] {local_task_job_runner.py:243} INFO - Task exited with return code 0
[2025-10-17T03:17:35.734+0200] {taskinstance.py:3503} INFO - 0 downstream tasks scheduled from follow-on schedule check
[2025-10-17T03:17:35.739+0200] {local_task_job_runner.py:222} INFO - ::endgroup::
