[2025-10-17T04:00:17.534+0200] {local_task_job_runner.py:120} INFO - ::group::Pre task execution logs
[2025-10-17T04:00:17.583+0200] {taskinstance.py:2076} INFO - Dependencies all met for dep_context=non-requeueable deps ti=<TaskInstance: etl_api_to_bi.dbt_build scheduled__2025-10-17T01:45:00+00:00 [queued]>
[2025-10-17T04:00:17.593+0200] {taskinstance.py:2076} INFO - Dependencies all met for dep_context=requeueable deps ti=<TaskInstance: etl_api_to_bi.dbt_build scheduled__2025-10-17T01:45:00+00:00 [queued]>
[2025-10-17T04:00:17.594+0200] {taskinstance.py:2306} INFO - Starting attempt 1 of 3
[2025-10-17T04:00:17.607+0200] {taskinstance.py:2330} INFO - Executing <Task(BashOperator): dbt_build> on 2025-10-17 01:45:00+00:00
[2025-10-17T04:00:17.644+0200] {standard_task_runner.py:64} INFO - Started process 736 to run task
[2025-10-17T04:00:17.650+0200] {standard_task_runner.py:90} INFO - Running: ['airflow', 'tasks', 'run', 'etl_api_to_bi', 'dbt_build', 'scheduled__2025-10-17T01:45:00+00:00', '--job-id', '21', '--raw', '--subdir', 'DAGS_FOLDER/etl_api_to_bi.py', '--cfg-path', '/tmp/tmp7ryya0bl']
[2025-10-17T04:00:17.653+0200] {standard_task_runner.py:91} INFO - Job 21: Subtask dbt_build
[2025-10-17T04:00:17.748+0200] {task_command.py:426} INFO - Running <TaskInstance: etl_api_to_bi.dbt_build scheduled__2025-10-17T01:45:00+00:00 [running]> on host af95d5ead002
[2025-10-17T04:00:18.076+0200] {taskinstance.py:2648} INFO - Exporting env vars: AIRFLOW_CTX_DAG_OWNER='data' AIRFLOW_CTX_DAG_ID='etl_api_to_bi' AIRFLOW_CTX_TASK_ID='dbt_build' AIRFLOW_CTX_EXECUTION_DATE='2025-10-17T01:45:00+00:00' AIRFLOW_CTX_TRY_NUMBER='1' AIRFLOW_CTX_DAG_RUN_ID='scheduled__2025-10-17T01:45:00+00:00'
[2025-10-17T04:00:18.079+0200] {taskinstance.py:430} INFO - ::endgroup::
[2025-10-17T04:00:18.090+0200] {subprocess.py:63} INFO - Tmp dir root location: /tmp
[2025-10-17T04:00:18.092+0200] {subprocess.py:75} INFO - Running command: ['/usr/bin/bash', '-c', "docker exec dbt bash -lc 'cd /usr/app && dbt build --fail-fast --profiles-dir /root/.dbt'"]
[2025-10-17T04:00:18.107+0200] {subprocess.py:86} INFO - Output:
[2025-10-17T04:00:20.131+0200] {subprocess.py:93} INFO - [0m02:00:20  Running with dbt=1.8.3
[2025-10-17T04:00:20.449+0200] {subprocess.py:93} INFO - [0m02:00:20  Registered adapter: postgres=1.8.2
[2025-10-17T04:00:22.437+0200] {subprocess.py:93} INFO - [0m02:00:22  Found 6 models, 11 data tests, 531 macros
[2025-10-17T04:00:22.444+0200] {subprocess.py:93} INFO - [0m02:00:22
[2025-10-17T04:00:22.738+0200] {subprocess.py:93} INFO - [0m02:00:22  Concurrency: 4 threads (target='dev')
[2025-10-17T04:00:22.739+0200] {subprocess.py:93} INFO - [0m02:00:22
[2025-10-17T04:00:22.749+0200] {subprocess.py:93} INFO - [0m02:00:22  1 of 17 START sql view model public_staging.stg_customers ...................... [RUN]
[2025-10-17T04:00:22.752+0200] {subprocess.py:93} INFO - [0m02:00:22  2 of 17 START sql view model public_staging.stg_payments ....................... [RUN]
[2025-10-17T04:00:22.754+0200] {subprocess.py:93} INFO - [0m02:00:22  3 of 17 START sql view model public_staging.stg_sessions ....................... [RUN]
[2025-10-17T04:00:23.082+0200] {subprocess.py:93} INFO - [0m02:00:23  1 of 17 OK created sql view model public_staging.stg_customers ................. [[32mCREATE VIEW[0m in 0.32s]
[2025-10-17T04:00:23.102+0200] {subprocess.py:93} INFO - [0m02:00:23  2 of 17 OK created sql view model public_staging.stg_payments .................. [[32mCREATE VIEW[0m in 0.34s]
[2025-10-17T04:00:23.103+0200] {subprocess.py:93} INFO - [0m02:00:23  4 of 17 START test not_null_stg_customers_country .............................. [RUN]
[2025-10-17T04:00:23.105+0200] {subprocess.py:93} INFO - [0m02:00:23  5 of 17 START test not_null_stg_customers_customer_id .......................... [RUN]
[2025-10-17T04:00:23.108+0200] {subprocess.py:93} INFO - [0m02:00:23  3 of 17 OK created sql view model public_staging.stg_sessions .................. [[32mCREATE VIEW[0m in 0.34s]
[2025-10-17T04:00:23.129+0200] {subprocess.py:93} INFO - [0m02:00:23  6 of 17 START test unique_stg_customers_customer_id ............................ [RUN]
[2025-10-17T04:00:23.156+0200] {subprocess.py:93} INFO - [0m02:00:23  7 of 17 START test accepted_values_stg_payments_status__succeeded__failed__refunded  [RUN]
[2025-10-17T04:00:23.416+0200] {subprocess.py:93} INFO - [0m02:00:23  5 of 17 PASS not_null_stg_customers_customer_id ................................ [[32mPASS[0m in 0.30s]
[2025-10-17T04:00:23.433+0200] {subprocess.py:93} INFO - [0m02:00:23  4 of 17 PASS not_null_stg_customers_country .................................... [[32mPASS[0m in 0.32s]
[2025-10-17T04:00:23.438+0200] {subprocess.py:93} INFO - [0m02:00:23  8 of 17 START test not_null_stg_payments_payment_id ............................ [RUN]
[2025-10-17T04:00:23.448+0200] {subprocess.py:93} INFO - [0m02:00:23  6 of 17 PASS unique_stg_customers_customer_id .................................. [[32mPASS[0m in 0.29s]
[2025-10-17T04:00:23.456+0200] {subprocess.py:93} INFO - [0m02:00:23  7 of 17 PASS accepted_values_stg_payments_status__succeeded__failed__refunded .. [[32mPASS[0m in 0.29s]
[2025-10-17T04:00:23.458+0200] {subprocess.py:93} INFO - [0m02:00:23  9 of 17 START test unique_stg_payments_payment_id .............................. [RUN]
[2025-10-17T04:00:23.472+0200] {subprocess.py:93} INFO - [0m02:00:23  10 of 17 START test accepted_values_stg_sessions_source__google__direct__facebook__linkedin__newsletter__referral__bing  [RUN]
[2025-10-17T04:00:23.479+0200] {subprocess.py:93} INFO - [0m02:00:23  11 of 17 START test not_null_stg_sessions_session_id ........................... [RUN]
[2025-10-17T04:00:23.599+0200] {subprocess.py:93} INFO - [0m02:00:23  8 of 17 PASS not_null_stg_payments_payment_id .................................. [[32mPASS[0m in 0.15s]
[2025-10-17T04:00:23.621+0200] {subprocess.py:93} INFO - [0m02:00:23  12 of 17 START test unique_stg_sessions_session_id ............................. [RUN]
[2025-10-17T04:00:23.630+0200] {subprocess.py:93} INFO - [0m02:00:23  9 of 17 PASS unique_stg_payments_payment_id .................................... [[32mPASS[0m in 0.16s]
[2025-10-17T04:00:23.663+0200] {subprocess.py:93} INFO - [0m02:00:23  13 of 17 START sql table model public_analytics.dim_customer ................... [RUN]
[2025-10-17T04:00:23.672+0200] {subprocess.py:93} INFO - [0m02:00:23  10 of 17 PASS accepted_values_stg_sessions_source__google__direct__facebook__linkedin__newsletter__referral__bing  [[32mPASS[0m in 0.19s]
[2025-10-17T04:00:23.676+0200] {subprocess.py:93} INFO - [0m02:00:23  11 of 17 PASS not_null_stg_sessions_session_id ................................. [[32mPASS[0m in 0.18s]
[2025-10-17T04:00:23.699+0200] {subprocess.py:93} INFO - [0m02:00:23  14 of 17 START sql table model public_analytics.fct_revenue_daily .............. [RUN]
[2025-10-17T04:00:23.805+0200] {subprocess.py:93} INFO - [0m02:00:23  12 of 17 PASS unique_stg_sessions_session_id ................................... [[32mPASS[0m in 0.18s]
[2025-10-17T04:00:23.812+0200] {subprocess.py:93} INFO - [0m02:00:23  15 of 17 START sql table model public_analytics.fct_marketing_attribution ...... [RUN]
[2025-10-17T04:00:23.919+0200] {subprocess.py:93} INFO - [0m02:00:23  13 of 17 OK created sql table model public_analytics.dim_customer .............. [[32mSELECT 1000[0m in 0.24s]
[2025-10-17T04:00:23.947+0200] {subprocess.py:93} INFO - [0m02:00:23  14 of 17 OK created sql table model public_analytics.fct_revenue_daily ......... [[32mSELECT 4329[0m in 0.24s]
[2025-10-17T04:00:23.954+0200] {subprocess.py:93} INFO - [0m02:00:23  16 of 17 START test not_null_fct_revenue_daily_order_day ....................... [RUN]
[2025-10-17T04:00:24.055+0200] {subprocess.py:93} INFO - [0m02:00:24  16 of 17 PASS not_null_fct_revenue_daily_order_day ............................. [[32mPASS[0m in 0.10s]
[2025-10-17T04:00:24.081+0200] {subprocess.py:93} INFO - [0m02:00:24  15 of 17 OK created sql table model public_analytics.fct_marketing_attribution . [[32mSELECT 5705[0m in 0.27s]
[2025-10-17T04:00:24.090+0200] {subprocess.py:93} INFO - [0m02:00:24  17 of 17 START test not_null_fct_marketing_attribution_session_day ............. [RUN]
[2025-10-17T04:00:24.157+0200] {subprocess.py:93} INFO - [0m02:00:24  17 of 17 PASS not_null_fct_marketing_attribution_session_day ................... [[32mPASS[0m in 0.07s]
[2025-10-17T04:00:24.196+0200] {subprocess.py:93} INFO - [0m02:00:24
[2025-10-17T04:00:24.197+0200] {subprocess.py:93} INFO - [0m02:00:24  Finished running 3 view models, 11 data tests, 3 table models in 0 hours 0 minutes and 1.75 seconds (1.75s).
[2025-10-17T04:00:24.312+0200] {subprocess.py:93} INFO - [0m02:00:24
[2025-10-17T04:00:24.314+0200] {subprocess.py:93} INFO - [0m02:00:24  [32mCompleted successfully[0m
[2025-10-17T04:00:24.316+0200] {subprocess.py:93} INFO - [0m02:00:24
[2025-10-17T04:00:24.317+0200] {subprocess.py:93} INFO - [0m02:00:24  Done. PASS=17 WARN=0 ERROR=0 SKIP=0 TOTAL=17
[2025-10-17T04:00:25.309+0200] {subprocess.py:97} INFO - Command exited with return code 0
[2025-10-17T04:00:25.311+0200] {taskinstance.py:441} INFO - ::group::Post task execution logs
[2025-10-17T04:00:25.357+0200] {taskinstance.py:1206} INFO - Marking task as SUCCESS. dag_id=etl_api_to_bi, task_id=dbt_build, run_id=scheduled__2025-10-17T01:45:00+00:00, execution_date=20251017T014500, start_date=20251017T020017, end_date=20251017T020025
[2025-10-17T04:00:25.422+0200] {local_task_job_runner.py:243} INFO - Task exited with return code 0
[2025-10-17T04:00:25.461+0200] {taskinstance.py:3503} INFO - 0 downstream tasks scheduled from follow-on schedule check
[2025-10-17T04:00:25.465+0200] {local_task_job_runner.py:222} INFO - ::endgroup::
