[2025-10-18T06:30:05.386+0200] {local_task_job_runner.py:120} INFO - ::group::Pre task execution logs
[2025-10-18T06:30:05.424+0200] {taskinstance.py:2076} INFO - Dependencies all met for dep_context=non-requeueable deps ti=<TaskInstance: etl_api_to_bi.dbt_deps scheduled__2025-10-18T04:15:00+00:00 [queued]>
[2025-10-18T06:30:05.433+0200] {taskinstance.py:2076} INFO - Dependencies all met for dep_context=requeueable deps ti=<TaskInstance: etl_api_to_bi.dbt_deps scheduled__2025-10-18T04:15:00+00:00 [queued]>
[2025-10-18T06:30:05.434+0200] {taskinstance.py:2306} INFO - Starting attempt 1 of 3
[2025-10-18T06:30:05.446+0200] {taskinstance.py:2330} INFO - Executing <Task(BashOperator): dbt_deps> on 2025-10-18 04:15:00+00:00
[2025-10-18T06:30:05.452+0200] {standard_task_runner.py:64} INFO - Started process 354 to run task
[2025-10-18T06:30:05.457+0200] {standard_task_runner.py:90} INFO - Running: ['airflow', 'tasks', 'run', 'etl_api_to_bi', 'dbt_deps', 'scheduled__2025-10-18T04:15:00+00:00', '--job-id', '57', '--raw', '--subdir', 'DAGS_FOLDER/etl_api_to_bi.py', '--cfg-path', '/tmp/tmpcejbebhy']
[2025-10-18T06:30:05.460+0200] {standard_task_runner.py:91} INFO - Job 57: Subtask dbt_deps
[2025-10-18T06:30:05.565+0200] {task_command.py:426} INFO - Running <TaskInstance: etl_api_to_bi.dbt_deps scheduled__2025-10-18T04:15:00+00:00 [running]> on host 944426124c17
[2025-10-18T06:30:05.863+0200] {taskinstance.py:2648} INFO - Exporting env vars: AIRFLOW_CTX_DAG_OWNER='data' AIRFLOW_CTX_DAG_ID='etl_api_to_bi' AIRFLOW_CTX_TASK_ID='dbt_deps' AIRFLOW_CTX_EXECUTION_DATE='2025-10-18T04:15:00+00:00' AIRFLOW_CTX_TRY_NUMBER='1' AIRFLOW_CTX_DAG_RUN_ID='scheduled__2025-10-18T04:15:00+00:00'
[2025-10-18T06:30:05.865+0200] {taskinstance.py:430} INFO - ::endgroup::
[2025-10-18T06:30:05.874+0200] {subprocess.py:63} INFO - Tmp dir root location: /tmp
[2025-10-18T06:30:05.875+0200] {subprocess.py:75} INFO - Running command: ['/usr/bin/bash', '-c', "docker exec dbt bash -lc 'cd /usr/app && dbt deps --profiles-dir /root/.dbt'"]
[2025-10-18T06:30:05.888+0200] {subprocess.py:86} INFO - Output:
[2025-10-18T06:30:07.897+0200] {subprocess.py:93} INFO - [0m04:30:07  Running with dbt=1.8.3
[2025-10-18T06:30:09.236+0200] {subprocess.py:93} INFO - [0m04:30:09  Installing dbt-labs/dbt_utils
[2025-10-18T06:30:16.927+0200] {subprocess.py:93} INFO - [0m04:30:16  Installed from version 1.3.1
[2025-10-18T06:30:16.929+0200] {subprocess.py:93} INFO - [0m04:30:16  Up to date!
[2025-10-18T06:30:18.075+0200] {subprocess.py:97} INFO - Command exited with return code 0
[2025-10-18T06:30:18.076+0200] {taskinstance.py:441} INFO - ::group::Post task execution logs
[2025-10-18T06:30:18.138+0200] {taskinstance.py:1206} INFO - Marking task as SUCCESS. dag_id=etl_api_to_bi, task_id=dbt_deps, run_id=scheduled__2025-10-18T04:15:00+00:00, execution_date=20251018T041500, start_date=20251018T043005, end_date=20251018T043018
[2025-10-18T06:30:18.217+0200] {local_task_job_runner.py:243} INFO - Task exited with return code 0
[2025-10-18T06:30:18.243+0200] {taskinstance.py:3503} INFO - 1 downstream tasks scheduled from follow-on schedule check
[2025-10-18T06:30:18.245+0200] {local_task_job_runner.py:222} INFO - ::endgroup::
