[2025-09-28T22:56:20.310+0200] {local_task_job_runner.py:120} INFO - ::group::Pre task execution logs
[2025-09-28T22:56:20.357+0200] {taskinstance.py:2076} INFO - Dependencies all met for dep_context=non-requeueable deps ti=<TaskInstance: etl_api_to_bi.dbt_deps scheduled__2025-09-28T20:30:00+00:00 [queued]>
[2025-09-28T22:56:20.367+0200] {taskinstance.py:2076} INFO - Dependencies all met for dep_context=requeueable deps ti=<TaskInstance: etl_api_to_bi.dbt_deps scheduled__2025-09-28T20:30:00+00:00 [queued]>
[2025-09-28T22:56:20.367+0200] {taskinstance.py:2306} INFO - Starting attempt 1 of 3
[2025-09-28T22:56:20.382+0200] {taskinstance.py:2330} INFO - Executing <Task(BashOperator): dbt_deps> on 2025-09-28 20:30:00+00:00
[2025-09-28T22:56:20.389+0200] {standard_task_runner.py:64} INFO - Started process 193 to run task
[2025-09-28T22:56:20.394+0200] {standard_task_runner.py:90} INFO - Running: ['airflow', 'tasks', 'run', 'etl_api_to_bi', 'dbt_deps', 'scheduled__2025-09-28T20:30:00+00:00', '--job-id', '37', '--raw', '--subdir', 'DAGS_FOLDER/etl_api_to_bi.py', '--cfg-path', '/tmp/tmpwakc8w9w']
[2025-09-28T22:56:20.398+0200] {standard_task_runner.py:91} INFO - Job 37: Subtask dbt_deps
[2025-09-28T22:56:20.511+0200] {task_command.py:426} INFO - Running <TaskInstance: etl_api_to_bi.dbt_deps scheduled__2025-09-28T20:30:00+00:00 [running]> on host 21aa88fc22f5
[2025-09-28T22:56:20.887+0200] {taskinstance.py:2648} INFO - Exporting env vars: AIRFLOW_CTX_DAG_OWNER='data' AIRFLOW_CTX_DAG_ID='etl_api_to_bi' AIRFLOW_CTX_TASK_ID='dbt_deps' AIRFLOW_CTX_EXECUTION_DATE='2025-09-28T20:30:00+00:00' AIRFLOW_CTX_TRY_NUMBER='1' AIRFLOW_CTX_DAG_RUN_ID='scheduled__2025-09-28T20:30:00+00:00'
[2025-09-28T22:56:20.890+0200] {taskinstance.py:430} INFO - ::endgroup::
[2025-09-28T22:56:20.901+0200] {subprocess.py:63} INFO - Tmp dir root location: /tmp
[2025-09-28T22:56:20.902+0200] {subprocess.py:75} INFO - Running command: ['/usr/bin/bash', '-c', "docker exec dbt bash -lc 'cd /usr/app && dbt deps --profiles-dir /root/.dbt'"]
[2025-09-28T22:56:20.917+0200] {subprocess.py:86} INFO - Output:
[2025-09-28T22:56:23.308+0200] {subprocess.py:93} INFO - [0m20:56:23  Running with dbt=1.8.3
[2025-09-28T22:56:24.750+0200] {subprocess.py:93} INFO - [0m20:56:24  Installing dbt-labs/dbt_utils
[2025-09-28T22:56:33.087+0200] {subprocess.py:93} INFO - [0m20:56:33  Installed from version 1.3.1
[2025-09-28T22:56:33.095+0200] {subprocess.py:93} INFO - [0m20:56:33  Up to date!
[2025-09-28T22:56:34.020+0200] {subprocess.py:97} INFO - Command exited with return code 0
[2025-09-28T22:56:34.022+0200] {taskinstance.py:441} INFO - ::group::Post task execution logs
[2025-09-28T22:56:34.090+0200] {taskinstance.py:1206} INFO - Marking task as SUCCESS. dag_id=etl_api_to_bi, task_id=dbt_deps, run_id=scheduled__2025-09-28T20:30:00+00:00, execution_date=20250928T203000, start_date=20250928T205620, end_date=20250928T205634
[2025-09-28T22:56:34.178+0200] {local_task_job_runner.py:243} INFO - Task exited with return code 0
[2025-09-28T22:56:34.212+0200] {taskinstance.py:3503} INFO - 0 downstream tasks scheduled from follow-on schedule check
[2025-09-28T22:56:34.215+0200] {local_task_job_runner.py:222} INFO - ::endgroup::
