[2025-09-28T22:56:34.499+0200] {local_task_job_runner.py:120} INFO - ::group::Pre task execution logs
[2025-09-28T22:56:34.553+0200] {taskinstance.py:2076} INFO - Dependencies all met for dep_context=non-requeueable deps ti=<TaskInstance: etl_api_to_bi.dbt_build scheduled__2025-09-28T20:30:00+00:00 [queued]>
[2025-09-28T22:56:34.564+0200] {taskinstance.py:2076} INFO - Dependencies all met for dep_context=requeueable deps ti=<TaskInstance: etl_api_to_bi.dbt_build scheduled__2025-09-28T20:30:00+00:00 [queued]>
[2025-09-28T22:56:34.565+0200] {taskinstance.py:2306} INFO - Starting attempt 1 of 3
[2025-09-28T22:56:34.582+0200] {taskinstance.py:2330} INFO - Executing <Task(BashOperator): dbt_build> on 2025-09-28 20:30:00+00:00
[2025-09-28T22:56:34.591+0200] {standard_task_runner.py:64} INFO - Started process 206 to run task
[2025-09-28T22:56:34.599+0200] {standard_task_runner.py:90} INFO - Running: ['airflow', 'tasks', 'run', 'etl_api_to_bi', 'dbt_build', 'scheduled__2025-09-28T20:30:00+00:00', '--job-id', '38', '--raw', '--subdir', 'DAGS_FOLDER/etl_api_to_bi.py', '--cfg-path', '/tmp/tmpfl9t_3gh']
[2025-09-28T22:56:34.603+0200] {standard_task_runner.py:91} INFO - Job 38: Subtask dbt_build
[2025-09-28T22:56:34.722+0200] {task_command.py:426} INFO - Running <TaskInstance: etl_api_to_bi.dbt_build scheduled__2025-09-28T20:30:00+00:00 [running]> on host 21aa88fc22f5
[2025-09-28T22:56:35.152+0200] {taskinstance.py:2648} INFO - Exporting env vars: AIRFLOW_CTX_DAG_OWNER='data' AIRFLOW_CTX_DAG_ID='etl_api_to_bi' AIRFLOW_CTX_TASK_ID='dbt_build' AIRFLOW_CTX_EXECUTION_DATE='2025-09-28T20:30:00+00:00' AIRFLOW_CTX_TRY_NUMBER='1' AIRFLOW_CTX_DAG_RUN_ID='scheduled__2025-09-28T20:30:00+00:00'
[2025-09-28T22:56:35.154+0200] {taskinstance.py:430} INFO - ::endgroup::
[2025-09-28T22:56:35.182+0200] {subprocess.py:63} INFO - Tmp dir root location: /tmp
[2025-09-28T22:56:35.187+0200] {subprocess.py:75} INFO - Running command: ['/usr/bin/bash', '-c', "docker exec dbt bash -lc 'cd /usr/app && dbt build --fail-fast --profiles-dir /root/.dbt'"]
[2025-09-28T22:56:35.217+0200] {subprocess.py:86} INFO - Output:
[2025-09-28T22:56:37.856+0200] {subprocess.py:93} INFO - [0m20:56:37  Running with dbt=1.8.3
[2025-09-28T22:56:38.179+0200] {subprocess.py:93} INFO - [0m20:56:38  Registered adapter: postgres=1.8.2
[2025-09-28T22:56:39.991+0200] {subprocess.py:93} INFO - [0m20:56:39  Found 6 models, 11 data tests, 531 macros
[2025-09-28T22:56:39.999+0200] {subprocess.py:93} INFO - [0m20:56:39
[2025-09-28T22:56:40.558+0200] {subprocess.py:93} INFO - [0m20:56:40  Concurrency: 4 threads (target='dev')
[2025-09-28T22:56:40.564+0200] {subprocess.py:93} INFO - [0m20:56:40
[2025-09-28T22:56:40.589+0200] {subprocess.py:93} INFO - [0m20:56:40  1 of 17 START sql view model public_staging.stg_customers ...................... [RUN]
[2025-09-28T22:56:40.593+0200] {subprocess.py:93} INFO - [0m20:56:40  3 of 17 START sql view model public_staging.stg_sessions ....................... [RUN]
[2025-09-28T22:56:40.597+0200] {subprocess.py:93} INFO - [0m20:56:40  2 of 17 START sql view model public_staging.stg_payments ....................... [RUN]
[2025-09-28T22:56:41.116+0200] {subprocess.py:93} INFO - [0m20:56:41  1 of 17 OK created sql view model public_staging.stg_customers ................. [[32mCREATE VIEW[0m in 0.51s]
[2025-09-28T22:56:41.119+0200] {subprocess.py:93} INFO - [0m20:56:41  2 of 17 OK created sql view model public_staging.stg_payments .................. [[32mCREATE VIEW[0m in 0.51s]
[2025-09-28T22:56:41.124+0200] {subprocess.py:93} INFO - [0m20:56:41  3 of 17 OK created sql view model public_staging.stg_sessions .................. [[32mCREATE VIEW[0m in 0.52s]
[2025-09-28T22:56:41.136+0200] {subprocess.py:93} INFO - [0m20:56:41  4 of 17 START test not_null_stg_customers_country .............................. [RUN]
[2025-09-28T22:56:41.138+0200] {subprocess.py:93} INFO - [0m20:56:41  5 of 17 START test not_null_stg_customers_customer_id .......................... [RUN]
[2025-09-28T22:56:41.143+0200] {subprocess.py:93} INFO - [0m20:56:41  6 of 17 START test unique_stg_customers_customer_id ............................ [RUN]
[2025-09-28T22:56:41.149+0200] {subprocess.py:93} INFO - [0m20:56:41  7 of 17 START test accepted_values_stg_payments_status__succeeded__failed__refunded  [RUN]
[2025-09-28T22:56:41.490+0200] {subprocess.py:93} INFO - [0m20:56:41  5 of 17 PASS not_null_stg_customers_customer_id ................................ [[32mPASS[0m in 0.34s]
[2025-09-28T22:56:41.492+0200] {subprocess.py:93} INFO - [0m20:56:41  6 of 17 PASS unique_stg_customers_customer_id .................................. [[32mPASS[0m in 0.34s]
[2025-09-28T22:56:41.507+0200] {subprocess.py:93} INFO - [0m20:56:41  4 of 17 PASS not_null_stg_customers_country .................................... [[32mPASS[0m in 0.36s]
[2025-09-28T22:56:41.516+0200] {subprocess.py:93} INFO - [0m20:56:41  7 of 17 PASS accepted_values_stg_payments_status__succeeded__failed__refunded .. [[32mPASS[0m in 0.36s]
[2025-09-28T22:56:41.518+0200] {subprocess.py:93} INFO - [0m20:56:41  8 of 17 START test not_null_stg_payments_payment_id ............................ [RUN]
[2025-09-28T22:56:41.520+0200] {subprocess.py:93} INFO - [0m20:56:41  9 of 17 START test unique_stg_payments_payment_id .............................. [RUN]
[2025-09-28T22:56:41.534+0200] {subprocess.py:93} INFO - [0m20:56:41  10 of 17 START test accepted_values_stg_sessions_source__google__direct__facebook__linkedin__newsletter__referral__bing  [RUN]
[2025-09-28T22:56:41.544+0200] {subprocess.py:93} INFO - [0m20:56:41  11 of 17 START test not_null_stg_sessions_session_id ........................... [RUN]
[2025-09-28T22:56:41.737+0200] {subprocess.py:93} INFO - [0m20:56:41  8 of 17 PASS not_null_stg_payments_payment_id .................................. [[32mPASS[0m in 0.21s]
[2025-09-28T22:56:41.746+0200] {subprocess.py:93} INFO - [0m20:56:41  11 of 17 PASS not_null_stg_sessions_session_id ................................. [[32mPASS[0m in 0.18s]
[2025-09-28T22:56:41.754+0200] {subprocess.py:93} INFO - [0m20:56:41  9 of 17 PASS unique_stg_payments_payment_id .................................... [[32mPASS[0m in 0.23s]
[2025-09-28T22:56:41.756+0200] {subprocess.py:93} INFO - [0m20:56:41  12 of 17 START test unique_stg_sessions_session_id ............................. [RUN]
[2025-09-28T22:56:41.765+0200] {subprocess.py:93} INFO - [0m20:56:41  13 of 17 START sql table model public_analytics.dim_customer ................... [RUN]
[2025-09-28T22:56:41.776+0200] {subprocess.py:93} INFO - [0m20:56:41  14 of 17 START sql table model public_analytics.fct_revenue_daily .............. [RUN]
[2025-09-28T22:56:41.787+0200] {subprocess.py:93} INFO - [0m20:56:41  10 of 17 PASS accepted_values_stg_sessions_source__google__direct__facebook__linkedin__newsletter__referral__bing  [[32mPASS[0m in 0.24s]
[2025-09-28T22:56:42.053+0200] {subprocess.py:93} INFO - [0m20:56:42  12 of 17 PASS unique_stg_sessions_session_id ................................... [[32mPASS[0m in 0.29s]
[2025-09-28T22:56:42.071+0200] {subprocess.py:93} INFO - [0m20:56:42  15 of 17 START sql table model public_analytics.fct_marketing_attribution ...... [RUN]
[2025-09-28T22:56:42.123+0200] {subprocess.py:93} INFO - [0m20:56:42  13 of 17 OK created sql table model public_analytics.dim_customer .............. [[32mSELECT 1034[0m in 0.34s]
[2025-09-28T22:56:42.147+0200] {subprocess.py:93} INFO - [0m20:56:42  14 of 17 OK created sql table model public_analytics.fct_revenue_daily ......... [[32mSELECT 4606[0m in 0.36s]
[2025-09-28T22:56:42.160+0200] {subprocess.py:93} INFO - [0m20:56:42  16 of 17 START test not_null_fct_revenue_daily_order_day ....................... [RUN]
[2025-09-28T22:56:42.276+0200] {subprocess.py:93} INFO - [0m20:56:42  16 of 17 PASS not_null_fct_revenue_daily_order_day ............................. [[32mPASS[0m in 0.11s]
[2025-09-28T22:56:42.326+0200] {subprocess.py:93} INFO - [0m20:56:42  15 of 17 OK created sql table model public_analytics.fct_marketing_attribution . [[32mSELECT 6051[0m in 0.24s]
[2025-09-28T22:56:42.334+0200] {subprocess.py:93} INFO - [0m20:56:42  17 of 17 START test not_null_fct_marketing_attribution_session_day ............. [RUN]
[2025-09-28T22:56:42.432+0200] {subprocess.py:93} INFO - [0m20:56:42  17 of 17 PASS not_null_fct_marketing_attribution_session_day ................... [[32mPASS[0m in 0.10s]
[2025-09-28T22:56:42.468+0200] {subprocess.py:93} INFO - [0m20:56:42
[2025-09-28T22:56:42.470+0200] {subprocess.py:93} INFO - [0m20:56:42  Finished running 3 view models, 11 data tests, 3 table models in 0 hours 0 minutes and 2.47 seconds (2.47s).
[2025-09-28T22:56:42.558+0200] {subprocess.py:93} INFO - [0m20:56:42
[2025-09-28T22:56:42.560+0200] {subprocess.py:93} INFO - [0m20:56:42  [32mCompleted successfully[0m
[2025-09-28T22:56:42.562+0200] {subprocess.py:93} INFO - [0m20:56:42
[2025-09-28T22:56:42.563+0200] {subprocess.py:93} INFO - [0m20:56:42  Done. PASS=17 WARN=0 ERROR=0 SKIP=0 TOTAL=17
[2025-09-28T22:56:47.163+0200] {subprocess.py:97} INFO - Command exited with return code 0
[2025-09-28T22:56:47.165+0200] {taskinstance.py:441} INFO - ::group::Post task execution logs
[2025-09-28T22:56:47.249+0200] {taskinstance.py:1206} INFO - Marking task as SUCCESS. dag_id=etl_api_to_bi, task_id=dbt_build, run_id=scheduled__2025-09-28T20:30:00+00:00, execution_date=20250928T203000, start_date=20250928T205634, end_date=20250928T205647
[2025-09-28T22:56:47.309+0200] {local_task_job_runner.py:243} INFO - Task exited with return code 0
[2025-09-28T22:56:47.340+0200] {taskinstance.py:3503} INFO - 0 downstream tasks scheduled from follow-on schedule check
[2025-09-28T22:56:47.344+0200] {local_task_job_runner.py:222} INFO - ::endgroup::
