[2025-10-17T03:17:32.810+0200] {local_task_job_runner.py:120} INFO - ::group::Pre task execution logs
[2025-10-17T03:17:32.900+0200] {taskinstance.py:2076} INFO - Dependencies all met for dep_context=non-requeueable deps ti=<TaskInstance: etl_api_to_bi.extract_sessions scheduled__2025-10-17T01:00:00+00:00 [queued]>
[2025-10-17T03:17:32.931+0200] {taskinstance.py:2076} INFO - Dependencies all met for dep_context=requeueable deps ti=<TaskInstance: etl_api_to_bi.extract_sessions scheduled__2025-10-17T01:00:00+00:00 [queued]>
[2025-10-17T03:17:32.932+0200] {taskinstance.py:2306} INFO - Starting attempt 1 of 3
[2025-10-17T03:17:32.969+0200] {taskinstance.py:2330} INFO - Executing <Task(PythonOperator): extract_sessions> on 2025-10-17 01:00:00+00:00
[2025-10-17T03:17:32.980+0200] {standard_task_runner.py:64} INFO - Started process 206 to run task
[2025-10-17T03:17:32.991+0200] {standard_task_runner.py:90} INFO - Running: ['airflow', 'tasks', 'run', 'etl_api_to_bi', 'extract_sessions', 'scheduled__2025-10-17T01:00:00+00:00', '--job-id', '3', '--raw', '--subdir', 'DAGS_FOLDER/etl_api_to_bi.py', '--cfg-path', '/tmp/tmp_bdwxm7y']
[2025-10-17T03:17:33.000+0200] {standard_task_runner.py:91} INFO - Job 3: Subtask extract_sessions
[2025-10-17T03:17:33.246+0200] {task_command.py:426} INFO - Running <TaskInstance: etl_api_to_bi.extract_sessions scheduled__2025-10-17T01:00:00+00:00 [running]> on host af95d5ead002
[2025-10-17T03:17:34.456+0200] {taskinstance.py:2648} INFO - Exporting env vars: AIRFLOW_CTX_DAG_OWNER='data' AIRFLOW_CTX_DAG_ID='etl_api_to_bi' AIRFLOW_CTX_TASK_ID='extract_sessions' AIRFLOW_CTX_EXECUTION_DATE='2025-10-17T01:00:00+00:00' AIRFLOW_CTX_TRY_NUMBER='1' AIRFLOW_CTX_DAG_RUN_ID='scheduled__2025-10-17T01:00:00+00:00'
[2025-10-17T03:17:34.459+0200] {taskinstance.py:430} INFO - ::endgroup::
[2025-10-17T03:17:35.687+0200] {crypto.py:82} WARNING - empty cryptography key - values will not be stored encrypted.
[2025-10-17T03:17:35.688+0200] {base.py:84} INFO - Using connection ID 'postgres_default' for task execution.
[2025-10-17T03:17:36.686+0200] {base.py:84} INFO - Using connection ID 'postgres_default' for task execution.
[2025-10-17T03:17:37.727+0200] {base.py:84} INFO - Using connection ID 'postgres_default' for task execution.
[2025-10-17T03:17:38.465+0200] {base.py:84} INFO - Using connection ID 'postgres_default' for task execution.
[2025-10-17T03:17:39.182+0200] {base.py:84} INFO - Using connection ID 'postgres_default' for task execution.
[2025-10-17T03:17:39.923+0200] {base.py:84} INFO - Using connection ID 'postgres_default' for task execution.
[2025-10-17T03:17:40.592+0200] {base.py:84} INFO - Using connection ID 'postgres_default' for task execution.
[2025-10-17T03:17:41.242+0200] {base.py:84} INFO - Using connection ID 'postgres_default' for task execution.
[2025-10-17T03:17:41.816+0200] {base.py:84} INFO - Using connection ID 'postgres_default' for task execution.
[2025-10-17T03:17:42.551+0200] {base.py:84} INFO - Using connection ID 'postgres_default' for task execution.
[2025-10-17T03:17:43.213+0200] {base.py:84} INFO - Using connection ID 'postgres_default' for task execution.
[2025-10-17T03:17:43.840+0200] {base.py:84} INFO - Using connection ID 'postgres_default' for task execution.
[2025-10-17T03:17:44.554+0200] {base.py:84} INFO - Using connection ID 'postgres_default' for task execution.
[2025-10-17T03:17:45.071+0200] {base.py:84} INFO - Using connection ID 'postgres_default' for task execution.
[2025-10-17T03:17:45.587+0200] {base.py:84} INFO - Using connection ID 'postgres_default' for task execution.
[2025-10-17T03:17:46.124+0200] {base.py:84} INFO - Using connection ID 'postgres_default' for task execution.
[2025-10-17T03:17:46.542+0200] {base.py:84} INFO - Using connection ID 'postgres_default' for task execution.
[2025-10-17T03:17:47.042+0200] {base.py:84} INFO - Using connection ID 'postgres_default' for task execution.
[2025-10-17T03:17:47.666+0200] {base.py:84} INFO - Using connection ID 'postgres_default' for task execution.
[2025-10-17T03:17:48.113+0200] {base.py:84} INFO - Using connection ID 'postgres_default' for task execution.
[2025-10-17T03:17:48.753+0200] {base.py:84} INFO - Using connection ID 'postgres_default' for task execution.
[2025-10-17T03:17:49.315+0200] {base.py:84} INFO - Using connection ID 'postgres_default' for task execution.
[2025-10-17T03:17:49.897+0200] {base.py:84} INFO - Using connection ID 'postgres_default' for task execution.
[2025-10-17T03:17:50.446+0200] {base.py:84} INFO - Using connection ID 'postgres_default' for task execution.
[2025-10-17T03:17:51.026+0200] {base.py:84} INFO - Using connection ID 'postgres_default' for task execution.
[2025-10-17T03:17:51.710+0200] {base.py:84} INFO - Using connection ID 'postgres_default' for task execution.
[2025-10-17T03:17:52.169+0200] {base.py:84} INFO - Using connection ID 'postgres_default' for task execution.
[2025-10-17T03:17:52.942+0200] {base.py:84} INFO - Using connection ID 'postgres_default' for task execution.
[2025-10-17T03:17:53.366+0200] {base.py:84} INFO - Using connection ID 'postgres_default' for task execution.
[2025-10-17T03:17:53.928+0200] {base.py:84} INFO - Using connection ID 'postgres_default' for task execution.
[2025-10-17T03:17:54.401+0200] {base.py:84} INFO - Using connection ID 'postgres_default' for task execution.
[2025-10-17T03:17:54.759+0200] {base.py:84} INFO - Using connection ID 'postgres_default' for task execution.
[2025-10-17T03:17:55.188+0200] {base.py:84} INFO - Using connection ID 'postgres_default' for task execution.
[2025-10-17T03:17:55.594+0200] {base.py:84} INFO - Using connection ID 'postgres_default' for task execution.
[2025-10-17T03:17:56.073+0200] {base.py:84} INFO - Using connection ID 'postgres_default' for task execution.
[2025-10-17T03:17:56.563+0200] {base.py:84} INFO - Using connection ID 'postgres_default' for task execution.
[2025-10-17T03:17:56.994+0200] {base.py:84} INFO - Using connection ID 'postgres_default' for task execution.
[2025-10-17T03:18:55.371+0200] {base.py:84} INFO - Using connection ID 'postgres_default' for task execution.
[2025-10-17T03:18:55.786+0200] {base.py:84} INFO - Using connection ID 'postgres_default' for task execution.
[2025-10-17T03:18:56.176+0200] {base.py:84} INFO - Using connection ID 'postgres_default' for task execution.
[2025-10-17T03:18:56.569+0200] {base.py:84} INFO - Using connection ID 'postgres_default' for task execution.
[2025-10-17T03:18:57.069+0200] {base.py:84} INFO - Using connection ID 'postgres_default' for task execution.
[2025-10-17T03:18:57.500+0200] {base.py:84} INFO - Using connection ID 'postgres_default' for task execution.
[2025-10-17T03:18:58.016+0200] {base.py:84} INFO - Using connection ID 'postgres_default' for task execution.
[2025-10-17T03:18:58.420+0200] {base.py:84} INFO - Using connection ID 'postgres_default' for task execution.
[2025-10-17T03:18:58.881+0200] {base.py:84} INFO - Using connection ID 'postgres_default' for task execution.
[2025-10-17T03:18:59.350+0200] {base.py:84} INFO - Using connection ID 'postgres_default' for task execution.
[2025-10-17T03:18:59.779+0200] {base.py:84} INFO - Using connection ID 'postgres_default' for task execution.
[2025-10-17T03:19:00.206+0200] {base.py:84} INFO - Using connection ID 'postgres_default' for task execution.
[2025-10-17T03:19:00.624+0200] {base.py:84} INFO - Using connection ID 'postgres_default' for task execution.
[2025-10-17T03:19:01.053+0200] {base.py:84} INFO - Using connection ID 'postgres_default' for task execution.
[2025-10-17T03:19:01.554+0200] {base.py:84} INFO - Using connection ID 'postgres_default' for task execution.
[2025-10-17T03:19:02.059+0200] {base.py:84} INFO - Using connection ID 'postgres_default' for task execution.
[2025-10-17T03:19:02.530+0200] {base.py:84} INFO - Using connection ID 'postgres_default' for task execution.
[2025-10-17T03:19:03.079+0200] {base.py:84} INFO - Using connection ID 'postgres_default' for task execution.
[2025-10-17T03:19:03.501+0200] {base.py:84} INFO - Using connection ID 'postgres_default' for task execution.
[2025-10-17T03:19:03.976+0200] {base.py:84} INFO - Using connection ID 'postgres_default' for task execution.
[2025-10-17T03:19:04.139+0200] {python.py:237} INFO - Done. Returned value was: 28302
[2025-10-17T03:19:04.140+0200] {taskinstance.py:441} INFO - ::group::Post task execution logs
[2025-10-17T03:19:04.182+0200] {taskinstance.py:1206} INFO - Marking task as SUCCESS. dag_id=etl_api_to_bi, task_id=extract_sessions, run_id=scheduled__2025-10-17T01:00:00+00:00, execution_date=20251017T010000, start_date=20251017T011732, end_date=20251017T011904
[2025-10-17T03:19:04.214+0200] {local_task_job_runner.py:243} INFO - Task exited with return code 0
[2025-10-17T03:19:04.251+0200] {taskinstance.py:3503} INFO - 1 downstream tasks scheduled from follow-on schedule check
[2025-10-17T03:19:04.253+0200] {local_task_job_runner.py:222} INFO - ::endgroup::
