[2025-10-17T22:45:38.896+0200] {local_task_job_runner.py:120} INFO - ::group::Pre task execution logs
[2025-10-17T22:45:38.939+0200] {taskinstance.py:2076} INFO - Dependencies all met for dep_context=non-requeueable deps ti=<TaskInstance: etl_api_to_bi.dbt_build scheduled__2025-10-17T20:30:00+00:00 [queued]>
[2025-10-17T22:45:38.951+0200] {taskinstance.py:2076} INFO - Dependencies all met for dep_context=requeueable deps ti=<TaskInstance: etl_api_to_bi.dbt_build scheduled__2025-10-17T20:30:00+00:00 [queued]>
[2025-10-17T22:45:38.952+0200] {taskinstance.py:2306} INFO - Starting attempt 1 of 3
[2025-10-17T22:45:38.972+0200] {taskinstance.py:2330} INFO - Executing <Task(BashOperator): dbt_build> on 2025-10-17 20:30:00+00:00
[2025-10-17T22:45:38.978+0200] {standard_task_runner.py:64} INFO - Started process 546 to run task
[2025-10-17T22:45:38.985+0200] {standard_task_runner.py:90} INFO - Running: ['airflow', 'tasks', 'run', 'etl_api_to_bi', 'dbt_build', 'scheduled__2025-10-17T20:30:00+00:00', '--job-id', '37', '--raw', '--subdir', 'DAGS_FOLDER/etl_api_to_bi.py', '--cfg-path', '/tmp/tmpxx55wj9d']
[2025-10-17T22:45:38.989+0200] {standard_task_runner.py:91} INFO - Job 37: Subtask dbt_build
[2025-10-17T22:45:39.087+0200] {task_command.py:426} INFO - Running <TaskInstance: etl_api_to_bi.dbt_build scheduled__2025-10-17T20:30:00+00:00 [running]> on host fe379a10f98a
[2025-10-17T22:45:39.650+0200] {taskinstance.py:2648} INFO - Exporting env vars: AIRFLOW_CTX_DAG_OWNER='data' AIRFLOW_CTX_DAG_ID='etl_api_to_bi' AIRFLOW_CTX_TASK_ID='dbt_build' AIRFLOW_CTX_EXECUTION_DATE='2025-10-17T20:30:00+00:00' AIRFLOW_CTX_TRY_NUMBER='1' AIRFLOW_CTX_DAG_RUN_ID='scheduled__2025-10-17T20:30:00+00:00'
[2025-10-17T22:45:39.651+0200] {taskinstance.py:430} INFO - ::endgroup::
[2025-10-17T22:45:39.673+0200] {subprocess.py:63} INFO - Tmp dir root location: /tmp
[2025-10-17T22:45:39.675+0200] {subprocess.py:75} INFO - Running command: ['/usr/bin/bash', '-c', "docker exec dbt bash -lc 'cd /usr/app && dbt build --fail-fast --profiles-dir /root/.dbt'"]
[2025-10-17T22:45:39.692+0200] {subprocess.py:86} INFO - Output:
[2025-10-17T22:45:41.947+0200] {subprocess.py:93} INFO - [0m20:45:41  Running with dbt=1.8.3
[2025-10-17T22:45:42.264+0200] {subprocess.py:93} INFO - [0m20:45:42  Registered adapter: postgres=1.8.2
[2025-10-17T22:45:44.412+0200] {subprocess.py:93} INFO - [0m20:45:44  Found 6 models, 11 data tests, 531 macros
[2025-10-17T22:45:44.418+0200] {subprocess.py:93} INFO - [0m20:45:44
[2025-10-17T22:45:44.800+0200] {subprocess.py:93} INFO - [0m20:45:44  Concurrency: 4 threads (target='dev')
[2025-10-17T22:45:44.802+0200] {subprocess.py:93} INFO - [0m20:45:44
[2025-10-17T22:45:44.816+0200] {subprocess.py:93} INFO - [0m20:45:44  1 of 17 START sql view model public_staging.stg_customers ...................... [RUN]
[2025-10-17T22:45:44.817+0200] {subprocess.py:93} INFO - [0m20:45:44  2 of 17 START sql view model public_staging.stg_payments ....................... [RUN]
[2025-10-17T22:45:44.820+0200] {subprocess.py:93} INFO - [0m20:45:44  3 of 17 START sql view model public_staging.stg_sessions ....................... [RUN]
[2025-10-17T22:45:45.122+0200] {subprocess.py:93} INFO - [0m20:45:45  2 of 17 OK created sql view model public_staging.stg_payments .................. [[32mCREATE VIEW[0m in 0.29s]
[2025-10-17T22:45:45.143+0200] {subprocess.py:93} INFO - [0m20:45:45  3 of 17 OK created sql view model public_staging.stg_sessions .................. [[32mCREATE VIEW[0m in 0.31s]
[2025-10-17T22:45:45.148+0200] {subprocess.py:93} INFO - [0m20:45:45  4 of 17 START test accepted_values_stg_payments_status__succeeded__failed__refunded  [RUN]
[2025-10-17T22:45:45.150+0200] {subprocess.py:93} INFO - [0m20:45:45  5 of 17 START test not_null_stg_payments_payment_id ............................ [RUN]
[2025-10-17T22:45:45.155+0200] {subprocess.py:93} INFO - [0m20:45:45  1 of 17 OK created sql view model public_staging.stg_customers ................. [[32mCREATE VIEW[0m in 0.32s]
[2025-10-17T22:45:45.171+0200] {subprocess.py:93} INFO - [0m20:45:45  6 of 17 START test unique_stg_payments_payment_id .............................. [RUN]
[2025-10-17T22:45:45.218+0200] {subprocess.py:93} INFO - [0m20:45:45  7 of 17 START test accepted_values_stg_sessions_source__google__direct__facebook__linkedin__newsletter__referral__bing  [RUN]
[2025-10-17T22:45:45.441+0200] {subprocess.py:93} INFO - [0m20:45:45  5 of 17 PASS not_null_stg_payments_payment_id .................................. [[32mPASS[0m in 0.28s]
[2025-10-17T22:45:45.448+0200] {subprocess.py:93} INFO - [0m20:45:45  4 of 17 PASS accepted_values_stg_payments_status__succeeded__failed__refunded .. [[32mPASS[0m in 0.29s]
[2025-10-17T22:45:45.463+0200] {subprocess.py:93} INFO - [0m20:45:45  8 of 17 START test not_null_stg_sessions_session_id ............................ [RUN]
[2025-10-17T22:45:45.474+0200] {subprocess.py:93} INFO - [0m20:45:45  6 of 17 PASS unique_stg_payments_payment_id .................................... [[32mPASS[0m in 0.26s]
[2025-10-17T22:45:45.481+0200] {subprocess.py:93} INFO - [0m20:45:45  9 of 17 START test unique_stg_sessions_session_id .............................. [RUN]
[2025-10-17T22:45:45.500+0200] {subprocess.py:93} INFO - [0m20:45:45  10 of 17 START test not_null_stg_customers_country ............................. [RUN]
[2025-10-17T22:45:45.541+0200] {subprocess.py:93} INFO - [0m20:45:45  7 of 17 PASS accepted_values_stg_sessions_source__google__direct__facebook__linkedin__newsletter__referral__bing  [[32mPASS[0m in 0.32s]
[2025-10-17T22:45:45.552+0200] {subprocess.py:93} INFO - [0m20:45:45  11 of 17 START test not_null_stg_customers_customer_id ......................... [RUN]
[2025-10-17T22:45:45.639+0200] {subprocess.py:93} INFO - [0m20:45:45  8 of 17 PASS not_null_stg_sessions_session_id .................................. [[32mPASS[0m in 0.17s]
[2025-10-17T22:45:45.656+0200] {subprocess.py:93} INFO - [0m20:45:45  12 of 17 START test unique_stg_customers_customer_id ........................... [RUN]
[2025-10-17T22:45:45.676+0200] {subprocess.py:93} INFO - [0m20:45:45  10 of 17 PASS not_null_stg_customers_country ................................... [[32mPASS[0m in 0.17s]
[2025-10-17T22:45:45.678+0200] {subprocess.py:93} INFO - [0m20:45:45  9 of 17 PASS unique_stg_sessions_session_id .................................... [[32mPASS[0m in 0.19s]
[2025-10-17T22:45:45.706+0200] {subprocess.py:93} INFO - [0m20:45:45  11 of 17 PASS not_null_stg_customers_customer_id ............................... [[32mPASS[0m in 0.15s]
[2025-10-17T22:45:45.708+0200] {subprocess.py:93} INFO - [0m20:45:45  13 of 17 START sql table model public_analytics.fct_revenue_daily .............. [RUN]
[2025-10-17T22:45:45.710+0200] {subprocess.py:93} INFO - [0m20:45:45  14 of 17 START sql table model public_analytics.fct_marketing_attribution ...... [RUN]
[2025-10-17T22:45:45.872+0200] {subprocess.py:93} INFO - [0m20:45:45  12 of 17 PASS unique_stg_customers_customer_id ................................. [[32mPASS[0m in 0.21s]
[2025-10-17T22:45:45.881+0200] {subprocess.py:93} INFO - [0m20:45:45  15 of 17 START sql table model public_analytics.dim_customer ................... [RUN]
[2025-10-17T22:45:46.075+0200] {subprocess.py:93} INFO - [0m20:45:46  13 of 17 OK created sql table model public_analytics.fct_revenue_daily ......... [[32mSELECT 4346[0m in 0.35s]
[2025-10-17T22:45:46.100+0200] {subprocess.py:93} INFO - [0m20:45:46  16 of 17 START test not_null_fct_revenue_daily_order_day ....................... [RUN]
[2025-10-17T22:45:46.131+0200] {subprocess.py:93} INFO - [0m20:45:46  15 of 17 OK created sql table model public_analytics.dim_customer .............. [[32mSELECT 1006[0m in 0.23s]
[2025-10-17T22:45:46.135+0200] {subprocess.py:93} INFO - [0m20:45:46  14 of 17 OK created sql table model public_analytics.fct_marketing_attribution . [[32mSELECT 5733[0m in 0.41s]
[2025-10-17T22:45:46.145+0200] {subprocess.py:93} INFO - [0m20:45:46  17 of 17 START test not_null_fct_marketing_attribution_session_day ............. [RUN]
[2025-10-17T22:45:46.213+0200] {subprocess.py:93} INFO - [0m20:45:46  16 of 17 PASS not_null_fct_revenue_daily_order_day ............................. [[32mPASS[0m in 0.11s]
[2025-10-17T22:45:46.234+0200] {subprocess.py:93} INFO - [0m20:45:46  17 of 17 PASS not_null_fct_marketing_attribution_session_day ................... [[32mPASS[0m in 0.08s]
[2025-10-17T22:45:46.289+0200] {subprocess.py:93} INFO - [0m20:45:46
[2025-10-17T22:45:46.291+0200] {subprocess.py:93} INFO - [0m20:45:46  Finished running 3 view models, 11 data tests, 3 table models in 0 hours 0 minutes and 1.87 seconds (1.87s).
[2025-10-17T22:45:46.432+0200] {subprocess.py:93} INFO - [0m20:45:46
[2025-10-17T22:45:46.444+0200] {subprocess.py:93} INFO - [0m20:45:46  [32mCompleted successfully[0m
[2025-10-17T22:45:46.452+0200] {subprocess.py:93} INFO - [0m20:45:46
[2025-10-17T22:45:46.455+0200] {subprocess.py:93} INFO - [0m20:45:46  Done. PASS=17 WARN=0 ERROR=0 SKIP=0 TOTAL=17
[2025-10-17T22:45:51.242+0200] {subprocess.py:97} INFO - Command exited with return code 0
[2025-10-17T22:45:51.244+0200] {taskinstance.py:441} INFO - ::group::Post task execution logs
[2025-10-17T22:45:51.286+0200] {taskinstance.py:1206} INFO - Marking task as SUCCESS. dag_id=etl_api_to_bi, task_id=dbt_build, run_id=scheduled__2025-10-17T20:30:00+00:00, execution_date=20251017T203000, start_date=20251017T204538, end_date=20251017T204551
[2025-10-17T22:45:51.325+0200] {local_task_job_runner.py:243} INFO - Task exited with return code 0
[2025-10-17T22:45:51.349+0200] {taskinstance.py:3503} INFO - 0 downstream tasks scheduled from follow-on schedule check
[2025-10-17T22:45:51.353+0200] {local_task_job_runner.py:222} INFO - ::endgroup::
