[2025-10-18T06:30:18.639+0200] {local_task_job_runner.py:120} INFO - ::group::Pre task execution logs
[2025-10-18T06:30:18.702+0200] {taskinstance.py:2076} INFO - Dependencies all met for dep_context=non-requeueable deps ti=<TaskInstance: etl_api_to_bi.dbt_build scheduled__2025-10-18T04:15:00+00:00 [queued]>
[2025-10-18T06:30:18.717+0200] {taskinstance.py:2076} INFO - Dependencies all met for dep_context=requeueable deps ti=<TaskInstance: etl_api_to_bi.dbt_build scheduled__2025-10-18T04:15:00+00:00 [queued]>
[2025-10-18T06:30:18.718+0200] {taskinstance.py:2306} INFO - Starting attempt 1 of 3
[2025-10-18T06:30:18.737+0200] {taskinstance.py:2330} INFO - Executing <Task(BashOperator): dbt_build> on 2025-10-18 04:15:00+00:00
[2025-10-18T06:30:18.747+0200] {standard_task_runner.py:64} INFO - Started process 371 to run task
[2025-10-18T06:30:18.752+0200] {standard_task_runner.py:90} INFO - Running: ['airflow', 'tasks', 'run', 'etl_api_to_bi', 'dbt_build', 'scheduled__2025-10-18T04:15:00+00:00', '--job-id', '58', '--raw', '--subdir', 'DAGS_FOLDER/etl_api_to_bi.py', '--cfg-path', '/tmp/tmpxpqev0hs']
[2025-10-18T06:30:18.757+0200] {standard_task_runner.py:91} INFO - Job 58: Subtask dbt_build
[2025-10-18T06:30:18.882+0200] {task_command.py:426} INFO - Running <TaskInstance: etl_api_to_bi.dbt_build scheduled__2025-10-18T04:15:00+00:00 [running]> on host 944426124c17
[2025-10-18T06:30:19.254+0200] {taskinstance.py:2648} INFO - Exporting env vars: AIRFLOW_CTX_DAG_OWNER='data' AIRFLOW_CTX_DAG_ID='etl_api_to_bi' AIRFLOW_CTX_TASK_ID='dbt_build' AIRFLOW_CTX_EXECUTION_DATE='2025-10-18T04:15:00+00:00' AIRFLOW_CTX_TRY_NUMBER='1' AIRFLOW_CTX_DAG_RUN_ID='scheduled__2025-10-18T04:15:00+00:00'
[2025-10-18T06:30:19.256+0200] {taskinstance.py:430} INFO - ::endgroup::
[2025-10-18T06:30:19.276+0200] {subprocess.py:63} INFO - Tmp dir root location: /tmp
[2025-10-18T06:30:19.279+0200] {subprocess.py:75} INFO - Running command: ['/usr/bin/bash', '-c', "docker exec dbt bash -lc 'cd /usr/app && dbt build --fail-fast --profiles-dir /root/.dbt'"]
[2025-10-18T06:30:19.298+0200] {subprocess.py:86} INFO - Output:
[2025-10-18T06:30:21.491+0200] {subprocess.py:93} INFO - [0m04:30:21  Running with dbt=1.8.3
[2025-10-18T06:30:21.895+0200] {subprocess.py:93} INFO - [0m04:30:21  Registered adapter: postgres=1.8.2
[2025-10-18T06:30:23.703+0200] {subprocess.py:93} INFO - [0m04:30:23  Found 6 models, 11 data tests, 531 macros
[2025-10-18T06:30:23.714+0200] {subprocess.py:93} INFO - [0m04:30:23
[2025-10-18T06:30:24.018+0200] {subprocess.py:93} INFO - [0m04:30:24  Concurrency: 4 threads (target='dev')
[2025-10-18T06:30:24.020+0200] {subprocess.py:93} INFO - [0m04:30:24
[2025-10-18T06:30:24.032+0200] {subprocess.py:93} INFO - [0m04:30:24  1 of 17 START sql view model public_staging.stg_customers ...................... [RUN]
[2025-10-18T06:30:24.034+0200] {subprocess.py:93} INFO - [0m04:30:24  2 of 17 START sql view model public_staging.stg_payments ....................... [RUN]
[2025-10-18T06:30:24.037+0200] {subprocess.py:93} INFO - [0m04:30:24  3 of 17 START sql view model public_staging.stg_sessions ....................... [RUN]
[2025-10-18T06:30:24.540+0200] {subprocess.py:93} INFO - [0m04:30:24  1 of 17 OK created sql view model public_staging.stg_customers ................. [[32mCREATE VIEW[0m in 0.49s]
[2025-10-18T06:30:24.544+0200] {subprocess.py:93} INFO - [0m04:30:24  2 of 17 OK created sql view model public_staging.stg_payments .................. [[32mCREATE VIEW[0m in 0.49s]
[2025-10-18T06:30:24.547+0200] {subprocess.py:93} INFO - [0m04:30:24  3 of 17 OK created sql view model public_staging.stg_sessions .................. [[32mCREATE VIEW[0m in 0.49s]
[2025-10-18T06:30:24.569+0200] {subprocess.py:93} INFO - [0m04:30:24  4 of 17 START test not_null_stg_customers_country .............................. [RUN]
[2025-10-18T06:30:24.572+0200] {subprocess.py:93} INFO - [0m04:30:24  5 of 17 START test not_null_stg_customers_customer_id .......................... [RUN]
[2025-10-18T06:30:24.574+0200] {subprocess.py:93} INFO - [0m04:30:24  6 of 17 START test unique_stg_customers_customer_id ............................ [RUN]
[2025-10-18T06:30:24.577+0200] {subprocess.py:93} INFO - [0m04:30:24  7 of 17 START test accepted_values_stg_payments_status__succeeded__failed__refunded  [RUN]
[2025-10-18T06:30:24.860+0200] {subprocess.py:93} INFO - [0m04:30:24  5 of 17 PASS not_null_stg_customers_customer_id ................................ [[32mPASS[0m in 0.28s]
[2025-10-18T06:30:24.865+0200] {subprocess.py:93} INFO - [0m04:30:24  6 of 17 PASS unique_stg_customers_customer_id .................................. [[32mPASS[0m in 0.28s]
[2025-10-18T06:30:24.877+0200] {subprocess.py:93} INFO - [0m04:30:24  7 of 17 PASS accepted_values_stg_payments_status__succeeded__failed__refunded .. [[32mPASS[0m in 0.29s]
[2025-10-18T06:30:24.883+0200] {subprocess.py:93} INFO - [0m04:30:24  4 of 17 PASS not_null_stg_customers_country .................................... [[32mPASS[0m in 0.30s]
[2025-10-18T06:30:24.894+0200] {subprocess.py:93} INFO - [0m04:30:24  8 of 17 START test not_null_stg_payments_payment_id ............................ [RUN]
[2025-10-18T06:30:24.895+0200] {subprocess.py:93} INFO - [0m04:30:24  9 of 17 START test unique_stg_payments_payment_id .............................. [RUN]
[2025-10-18T06:30:24.906+0200] {subprocess.py:93} INFO - [0m04:30:24  10 of 17 START test accepted_values_stg_sessions_source__google__direct__facebook__linkedin__newsletter__referral__bing  [RUN]
[2025-10-18T06:30:24.908+0200] {subprocess.py:93} INFO - [0m04:30:24  11 of 17 START test not_null_stg_sessions_session_id ........................... [RUN]
[2025-10-18T06:30:25.057+0200] {subprocess.py:93} INFO - [0m04:30:25  8 of 17 PASS not_null_stg_payments_payment_id .................................. [[32mPASS[0m in 0.16s]
[2025-10-18T06:30:25.078+0200] {subprocess.py:93} INFO - [0m04:30:25  9 of 17 PASS unique_stg_payments_payment_id .................................... [[32mPASS[0m in 0.17s]
[2025-10-18T06:30:25.080+0200] {subprocess.py:93} INFO - [0m04:30:25  11 of 17 PASS not_null_stg_sessions_session_id ................................. [[32mPASS[0m in 0.16s]
[2025-10-18T06:30:25.085+0200] {subprocess.py:93} INFO - [0m04:30:25  12 of 17 START test unique_stg_sessions_session_id ............................. [RUN]
[2025-10-18T06:30:25.090+0200] {subprocess.py:93} INFO - [0m04:30:25  10 of 17 PASS accepted_values_stg_sessions_source__google__direct__facebook__linkedin__newsletter__referral__bing  [[32mPASS[0m in 0.17s]
[2025-10-18T06:30:25.099+0200] {subprocess.py:93} INFO - [0m04:30:25  13 of 17 START sql table model public_analytics.dim_customer ................... [RUN]
[2025-10-18T06:30:25.100+0200] {subprocess.py:93} INFO - [0m04:30:25  14 of 17 START sql table model public_analytics.fct_revenue_daily .............. [RUN]
[2025-10-18T06:30:25.249+0200] {subprocess.py:93} INFO - [0m04:30:25  12 of 17 PASS unique_stg_sessions_session_id ................................... [[32mPASS[0m in 0.16s]
[2025-10-18T06:30:25.255+0200] {subprocess.py:93} INFO - [0m04:30:25  15 of 17 START sql table model public_analytics.fct_marketing_attribution ...... [RUN]
[2025-10-18T06:30:25.444+0200] {subprocess.py:93} INFO - [0m04:30:25  13 of 17 OK created sql table model public_analytics.dim_customer .............. [[32mSELECT 1011[0m in 0.33s]
[2025-10-18T06:30:25.622+0200] {subprocess.py:93} INFO - [0m04:30:25  14 of 17 OK created sql table model public_analytics.fct_revenue_daily ......... [[32mSELECT 4355[0m in 0.51s]
[2025-10-18T06:30:25.637+0200] {subprocess.py:93} INFO - [0m04:30:25  16 of 17 START test not_null_fct_revenue_daily_order_day ....................... [RUN]
[2025-10-18T06:30:25.676+0200] {subprocess.py:93} INFO - [0m04:30:25  15 of 17 OK created sql table model public_analytics.fct_marketing_attribution . [[32mSELECT 5747[0m in 0.41s]
[2025-10-18T06:30:25.690+0200] {subprocess.py:93} INFO - [0m04:30:25  17 of 17 START test not_null_fct_marketing_attribution_session_day ............. [RUN]
[2025-10-18T06:30:25.741+0200] {subprocess.py:93} INFO - [0m04:30:25  16 of 17 PASS not_null_fct_revenue_daily_order_day ............................. [[32mPASS[0m in 0.10s]
[2025-10-18T06:30:25.772+0200] {subprocess.py:93} INFO - [0m04:30:25  17 of 17 PASS not_null_fct_marketing_attribution_session_day ................... [[32mPASS[0m in 0.08s]
[2025-10-18T06:30:25.811+0200] {subprocess.py:93} INFO - [0m04:30:25
[2025-10-18T06:30:25.812+0200] {subprocess.py:93} INFO - [0m04:30:25  Finished running 3 view models, 11 data tests, 3 table models in 0 hours 0 minutes and 2.09 seconds (2.09s).
[2025-10-18T06:30:25.913+0200] {subprocess.py:93} INFO - [0m04:30:25
[2025-10-18T06:30:25.915+0200] {subprocess.py:93} INFO - [0m04:30:25  [32mCompleted successfully[0m
[2025-10-18T06:30:25.916+0200] {subprocess.py:93} INFO - [0m04:30:25
[2025-10-18T06:30:25.918+0200] {subprocess.py:93} INFO - [0m04:30:25  Done. PASS=17 WARN=0 ERROR=0 SKIP=0 TOTAL=17
[2025-10-18T06:30:27.356+0200] {subprocess.py:97} INFO - Command exited with return code 0
[2025-10-18T06:30:27.358+0200] {taskinstance.py:441} INFO - ::group::Post task execution logs
[2025-10-18T06:30:27.417+0200] {taskinstance.py:1206} INFO - Marking task as SUCCESS. dag_id=etl_api_to_bi, task_id=dbt_build, run_id=scheduled__2025-10-18T04:15:00+00:00, execution_date=20251018T041500, start_date=20251018T043018, end_date=20251018T043027
[2025-10-18T06:30:27.501+0200] {local_task_job_runner.py:243} INFO - Task exited with return code 0
[2025-10-18T06:30:27.523+0200] {taskinstance.py:3503} INFO - 0 downstream tasks scheduled from follow-on schedule check
[2025-10-18T06:30:27.525+0200] {local_task_job_runner.py:222} INFO - ::endgroup::
