[2025-09-28T22:56:15.402+0200] {local_task_job_runner.py:120} INFO - ::group::Pre task execution logs
[2025-09-28T22:56:15.534+0200] {taskinstance.py:2076} INFO - Dependencies all met for dep_context=non-requeueable deps ti=<TaskInstance: etl_api_to_bi.extract_payments scheduled__2025-09-28T20:30:00+00:00 [queued]>
[2025-09-28T22:56:15.559+0200] {taskinstance.py:2076} INFO - Dependencies all met for dep_context=requeueable deps ti=<TaskInstance: etl_api_to_bi.extract_payments scheduled__2025-09-28T20:30:00+00:00 [queued]>
[2025-09-28T22:56:15.560+0200] {taskinstance.py:2306} INFO - Starting attempt 1 of 3
[2025-09-28T22:56:15.599+0200] {taskinstance.py:2330} INFO - Executing <Task(PythonOperator): extract_payments> on 2025-09-28 20:30:00+00:00
[2025-09-28T22:56:15.618+0200] {standard_task_runner.py:64} INFO - Started process 181 to run task
[2025-09-28T22:56:15.630+0200] {standard_task_runner.py:90} INFO - Running: ['airflow', 'tasks', 'run', 'etl_api_to_bi', 'extract_payments', 'scheduled__2025-09-28T20:30:00+00:00', '--job-id', '34', '--raw', '--subdir', 'DAGS_FOLDER/etl_api_to_bi.py', '--cfg-path', '/tmp/tmpzja2dliz']
[2025-09-28T22:56:15.638+0200] {standard_task_runner.py:91} INFO - Job 34: Subtask extract_payments
[2025-09-28T22:56:15.833+0200] {task_command.py:426} INFO - Running <TaskInstance: etl_api_to_bi.extract_payments scheduled__2025-09-28T20:30:00+00:00 [running]> on host 21aa88fc22f5
[2025-09-28T22:56:16.540+0200] {taskinstance.py:2648} INFO - Exporting env vars: AIRFLOW_CTX_DAG_OWNER='data' AIRFLOW_CTX_DAG_ID='etl_api_to_bi' AIRFLOW_CTX_TASK_ID='extract_payments' AIRFLOW_CTX_EXECUTION_DATE='2025-09-28T20:30:00+00:00' AIRFLOW_CTX_TRY_NUMBER='1' AIRFLOW_CTX_DAG_RUN_ID='scheduled__2025-09-28T20:30:00+00:00'
[2025-09-28T22:56:16.541+0200] {taskinstance.py:430} INFO - ::endgroup::
[2025-09-28T22:56:16.844+0200] {crypto.py:82} WARNING - empty cryptography key - values will not be stored encrypted.
[2025-09-28T22:56:16.845+0200] {base.py:84} INFO - Using connection ID 'postgres_default' for task execution.
[2025-09-28T22:56:17.255+0200] {base.py:84} INFO - Using connection ID 'postgres_default' for task execution.
[2025-09-28T22:56:17.342+0200] {python.py:237} INFO - Done. Returned value was: 560
[2025-09-28T22:56:17.343+0200] {taskinstance.py:441} INFO - ::group::Post task execution logs
[2025-09-28T22:56:17.415+0200] {taskinstance.py:1206} INFO - Marking task as SUCCESS. dag_id=etl_api_to_bi, task_id=extract_payments, run_id=scheduled__2025-09-28T20:30:00+00:00, execution_date=20250928T203000, start_date=20250928T205615, end_date=20250928T205617
[2025-09-28T22:56:17.493+0200] {local_task_job_runner.py:243} INFO - Task exited with return code 0
[2025-09-28T22:56:17.543+0200] {taskinstance.py:3503} INFO - 0 downstream tasks scheduled from follow-on schedule check
[2025-09-28T22:56:17.547+0200] {local_task_job_runner.py:222} INFO - ::endgroup::
