[2025-09-28T23:15:17.839+0200] {local_task_job_runner.py:120} INFO - ::group::Pre task execution logs
[2025-09-28T23:15:17.891+0200] {taskinstance.py:2076} INFO - Dependencies all met for dep_context=non-requeueable deps ti=<TaskInstance: etl_api_to_bi.dbt_build scheduled__2025-09-28T21:00:00+00:00 [queued]>
[2025-09-28T23:15:17.904+0200] {taskinstance.py:2076} INFO - Dependencies all met for dep_context=requeueable deps ti=<TaskInstance: etl_api_to_bi.dbt_build scheduled__2025-09-28T21:00:00+00:00 [queued]>
[2025-09-28T23:15:17.905+0200] {taskinstance.py:2306} INFO - Starting attempt 1 of 3
[2025-09-28T23:15:17.922+0200] {taskinstance.py:2330} INFO - Executing <Task(BashOperator): dbt_build> on 2025-09-28 21:00:00+00:00
[2025-09-28T23:15:17.929+0200] {standard_task_runner.py:64} INFO - Started process 460 to run task
[2025-09-28T23:15:17.935+0200] {standard_task_runner.py:90} INFO - Running: ['airflow', 'tasks', 'run', 'etl_api_to_bi', 'dbt_build', 'scheduled__2025-09-28T21:00:00+00:00', '--job-id', '48', '--raw', '--subdir', 'DAGS_FOLDER/etl_api_to_bi.py', '--cfg-path', '/tmp/tmp9l3j7x84']
[2025-09-28T23:15:17.950+0200] {standard_task_runner.py:91} INFO - Job 48: Subtask dbt_build
[2025-09-28T23:15:18.065+0200] {task_command.py:426} INFO - Running <TaskInstance: etl_api_to_bi.dbt_build scheduled__2025-09-28T21:00:00+00:00 [running]> on host 21aa88fc22f5
[2025-09-28T23:15:18.427+0200] {taskinstance.py:2648} INFO - Exporting env vars: AIRFLOW_CTX_DAG_OWNER='data' AIRFLOW_CTX_DAG_ID='etl_api_to_bi' AIRFLOW_CTX_TASK_ID='dbt_build' AIRFLOW_CTX_EXECUTION_DATE='2025-09-28T21:00:00+00:00' AIRFLOW_CTX_TRY_NUMBER='1' AIRFLOW_CTX_DAG_RUN_ID='scheduled__2025-09-28T21:00:00+00:00'
[2025-09-28T23:15:18.428+0200] {taskinstance.py:430} INFO - ::endgroup::
[2025-09-28T23:15:18.441+0200] {subprocess.py:63} INFO - Tmp dir root location: /tmp
[2025-09-28T23:15:18.442+0200] {subprocess.py:75} INFO - Running command: ['/usr/bin/bash', '-c', "docker exec dbt bash -lc 'cd /usr/app && dbt build --fail-fast --profiles-dir /root/.dbt'"]
[2025-09-28T23:15:18.458+0200] {subprocess.py:86} INFO - Output:
[2025-09-28T23:15:20.874+0200] {subprocess.py:93} INFO - [0m21:15:20  Running with dbt=1.8.3
[2025-09-28T23:15:21.208+0200] {subprocess.py:93} INFO - [0m21:15:21  Registered adapter: postgres=1.8.2
[2025-09-28T23:15:23.121+0200] {subprocess.py:93} INFO - [0m21:15:23  Found 6 models, 11 data tests, 531 macros
[2025-09-28T23:15:23.133+0200] {subprocess.py:93} INFO - [0m21:15:23
[2025-09-28T23:15:23.446+0200] {subprocess.py:93} INFO - [0m21:15:23  Concurrency: 4 threads (target='dev')
[2025-09-28T23:15:23.448+0200] {subprocess.py:93} INFO - [0m21:15:23
[2025-09-28T23:15:23.458+0200] {subprocess.py:93} INFO - [0m21:15:23  1 of 17 START sql view model public_staging.stg_customers ...................... [RUN]
[2025-09-28T23:15:23.460+0200] {subprocess.py:93} INFO - [0m21:15:23  2 of 17 START sql view model public_staging.stg_payments ....................... [RUN]
[2025-09-28T23:15:23.463+0200] {subprocess.py:93} INFO - [0m21:15:23  3 of 17 START sql view model public_staging.stg_sessions ....................... [RUN]
[2025-09-28T23:15:24.989+0200] {subprocess.py:93} INFO - [0m21:15:24  1 of 17 OK created sql view model public_staging.stg_customers ................. [[32mCREATE VIEW[0m in 1.52s]
[2025-09-28T23:15:24.992+0200] {subprocess.py:93} INFO - [0m21:15:24  3 of 17 OK created sql view model public_staging.stg_sessions .................. [[32mCREATE VIEW[0m in 1.52s]
[2025-09-28T23:15:24.994+0200] {subprocess.py:93} INFO - [0m21:15:24  2 of 17 OK created sql view model public_staging.stg_payments .................. [[32mCREATE VIEW[0m in 1.52s]
[2025-09-28T23:15:25.007+0200] {subprocess.py:93} INFO - [0m21:15:25  4 of 17 START test not_null_stg_customers_country .............................. [RUN]
[2025-09-28T23:15:25.008+0200] {subprocess.py:93} INFO - [0m21:15:25  5 of 17 START test not_null_stg_customers_customer_id .......................... [RUN]
[2025-09-28T23:15:25.010+0200] {subprocess.py:93} INFO - [0m21:15:25  6 of 17 START test unique_stg_customers_customer_id ............................ [RUN]
[2025-09-28T23:15:25.012+0200] {subprocess.py:93} INFO - [0m21:15:25  7 of 17 START test accepted_values_stg_sessions_source__google__direct__facebook__linkedin__newsletter__referral__bing  [RUN]
[2025-09-28T23:15:25.274+0200] {subprocess.py:93} INFO - [0m21:15:25  6 of 17 PASS unique_stg_customers_customer_id .................................. [[32mPASS[0m in 0.26s]
[2025-09-28T23:15:25.278+0200] {subprocess.py:93} INFO - [0m21:15:25  5 of 17 PASS not_null_stg_customers_customer_id ................................ [[32mPASS[0m in 0.26s]
[2025-09-28T23:15:25.288+0200] {subprocess.py:93} INFO - [0m21:15:25  4 of 17 PASS not_null_stg_customers_country .................................... [[32mPASS[0m in 0.27s]
[2025-09-28T23:15:25.297+0200] {subprocess.py:93} INFO - [0m21:15:25  8 of 17 START test not_null_stg_sessions_session_id ............................ [RUN]
[2025-09-28T23:15:25.299+0200] {subprocess.py:93} INFO - [0m21:15:25  9 of 17 START test unique_stg_sessions_session_id .............................. [RUN]
[2025-09-28T23:15:25.307+0200] {subprocess.py:93} INFO - [0m21:15:25  10 of 17 START test accepted_values_stg_payments_status__succeeded__failed__refunded  [RUN]
[2025-09-28T23:15:25.351+0200] {subprocess.py:93} INFO - [0m21:15:25  7 of 17 PASS accepted_values_stg_sessions_source__google__direct__facebook__linkedin__newsletter__referral__bing  [[32mPASS[0m in 0.33s]
[2025-09-28T23:15:25.393+0200] {subprocess.py:93} INFO - [0m21:15:25  11 of 17 START test not_null_stg_payments_payment_id ........................... [RUN]
[2025-09-28T23:15:25.534+0200] {subprocess.py:93} INFO - [0m21:15:25  8 of 17 PASS not_null_stg_sessions_session_id .................................. [[32mPASS[0m in 0.23s]
[2025-09-28T23:15:25.556+0200] {subprocess.py:93} INFO - [0m21:15:25  12 of 17 START test unique_stg_payments_payment_id ............................. [RUN]
[2025-09-28T23:15:25.567+0200] {subprocess.py:93} INFO - [0m21:15:25  10 of 17 PASS accepted_values_stg_payments_status__succeeded__failed__refunded . [[32mPASS[0m in 0.25s]
[2025-09-28T23:15:25.581+0200] {subprocess.py:93} INFO - [0m21:15:25  9 of 17 PASS unique_stg_sessions_session_id .................................... [[32mPASS[0m in 0.27s]
[2025-09-28T23:15:25.605+0200] {subprocess.py:93} INFO - [0m21:15:25  13 of 17 START sql table model public_analytics.dim_customer ................... [RUN]
[2025-09-28T23:15:25.619+0200] {subprocess.py:93} INFO - [0m21:15:25  14 of 17 START sql table model public_analytics.fct_marketing_attribution ...... [RUN]
[2025-09-28T23:15:25.647+0200] {subprocess.py:93} INFO - [0m21:15:25  11 of 17 PASS not_null_stg_payments_payment_id ................................. [[32mPASS[0m in 0.25s]
[2025-09-28T23:15:25.765+0200] {subprocess.py:93} INFO - [0m21:15:25  12 of 17 PASS unique_stg_payments_payment_id ................................... [[32mPASS[0m in 0.20s]
[2025-09-28T23:15:25.782+0200] {subprocess.py:93} INFO - [0m21:15:25  15 of 17 START sql table model public_analytics.fct_revenue_daily .............. [RUN]
[2025-09-28T23:15:25.886+0200] {subprocess.py:93} INFO - [0m21:15:25  13 of 17 OK created sql table model public_analytics.dim_customer .............. [[32mSELECT 1034[0m in 0.27s]
[2025-09-28T23:15:25.992+0200] {subprocess.py:93} INFO - [0m21:15:25  14 of 17 OK created sql table model public_analytics.fct_marketing_attribution . [[32mSELECT 6051[0m in 0.34s]
[2025-09-28T23:15:26.025+0200] {subprocess.py:93} INFO - [0m21:15:26  16 of 17 START test not_null_fct_marketing_attribution_session_day ............. [RUN]
[2025-09-28T23:15:26.081+0200] {subprocess.py:93} INFO - [0m21:15:26  15 of 17 OK created sql table model public_analytics.fct_revenue_daily ......... [[32mSELECT 4606[0m in 0.29s]
[2025-09-28T23:15:26.090+0200] {subprocess.py:93} INFO - [0m21:15:26  17 of 17 START test not_null_fct_revenue_daily_order_day ....................... [RUN]
[2025-09-28T23:15:26.120+0200] {subprocess.py:93} INFO - [0m21:15:26  16 of 17 PASS not_null_fct_marketing_attribution_session_day ................... [[32mPASS[0m in 0.09s]
[2025-09-28T23:15:26.169+0200] {subprocess.py:93} INFO - [0m21:15:26  17 of 17 PASS not_null_fct_revenue_daily_order_day ............................. [[32mPASS[0m in 0.08s]
[2025-09-28T23:15:26.206+0200] {subprocess.py:93} INFO - [0m21:15:26
[2025-09-28T23:15:26.206+0200] {subprocess.py:93} INFO - [0m21:15:26  Finished running 3 view models, 11 data tests, 3 table models in 0 hours 0 minutes and 3.07 seconds (3.07s).
[2025-09-28T23:15:26.284+0200] {subprocess.py:93} INFO - [0m21:15:26
[2025-09-28T23:15:26.285+0200] {subprocess.py:93} INFO - [0m21:15:26  [32mCompleted successfully[0m
[2025-09-28T23:15:26.287+0200] {subprocess.py:93} INFO - [0m21:15:26
[2025-09-28T23:15:26.288+0200] {subprocess.py:93} INFO - [0m21:15:26  Done. PASS=17 WARN=0 ERROR=0 SKIP=0 TOTAL=17
[2025-09-28T23:15:27.401+0200] {subprocess.py:97} INFO - Command exited with return code 0
[2025-09-28T23:15:27.403+0200] {taskinstance.py:441} INFO - ::group::Post task execution logs
[2025-09-28T23:15:27.454+0200] {taskinstance.py:1206} INFO - Marking task as SUCCESS. dag_id=etl_api_to_bi, task_id=dbt_build, run_id=scheduled__2025-09-28T21:00:00+00:00, execution_date=20250928T210000, start_date=20250928T211517, end_date=20250928T211527
[2025-09-28T23:15:27.508+0200] {local_task_job_runner.py:243} INFO - Task exited with return code 0
[2025-09-28T23:15:27.533+0200] {taskinstance.py:3503} INFO - 0 downstream tasks scheduled from follow-on schedule check
[2025-09-28T23:15:27.535+0200] {local_task_job_runner.py:222} INFO - ::endgroup::
