[2025-09-28T23:15:04.476+0200] {local_task_job_runner.py:120} INFO - ::group::Pre task execution logs
[2025-09-28T23:15:04.535+0200] {taskinstance.py:2076} INFO - Dependencies all met for dep_context=non-requeueable deps ti=<TaskInstance: etl_api_to_bi.dbt_deps scheduled__2025-09-28T21:00:00+00:00 [queued]>
[2025-09-28T23:15:04.549+0200] {taskinstance.py:2076} INFO - Dependencies all met for dep_context=requeueable deps ti=<TaskInstance: etl_api_to_bi.dbt_deps scheduled__2025-09-28T21:00:00+00:00 [queued]>
[2025-09-28T23:15:04.550+0200] {taskinstance.py:2306} INFO - Starting attempt 1 of 3
[2025-09-28T23:15:04.573+0200] {taskinstance.py:2330} INFO - Executing <Task(BashOperator): dbt_deps> on 2025-09-28 21:00:00+00:00
[2025-09-28T23:15:04.582+0200] {standard_task_runner.py:64} INFO - Started process 447 to run task
[2025-09-28T23:15:04.588+0200] {standard_task_runner.py:90} INFO - Running: ['airflow', 'tasks', 'run', 'etl_api_to_bi', 'dbt_deps', 'scheduled__2025-09-28T21:00:00+00:00', '--job-id', '47', '--raw', '--subdir', 'DAGS_FOLDER/etl_api_to_bi.py', '--cfg-path', '/tmp/tmpmm8d_w2g']
[2025-09-28T23:15:04.592+0200] {standard_task_runner.py:91} INFO - Job 47: Subtask dbt_deps
[2025-09-28T23:15:04.706+0200] {task_command.py:426} INFO - Running <TaskInstance: etl_api_to_bi.dbt_deps scheduled__2025-09-28T21:00:00+00:00 [running]> on host 21aa88fc22f5
[2025-09-28T23:15:05.112+0200] {taskinstance.py:2648} INFO - Exporting env vars: AIRFLOW_CTX_DAG_OWNER='data' AIRFLOW_CTX_DAG_ID='etl_api_to_bi' AIRFLOW_CTX_TASK_ID='dbt_deps' AIRFLOW_CTX_EXECUTION_DATE='2025-09-28T21:00:00+00:00' AIRFLOW_CTX_TRY_NUMBER='1' AIRFLOW_CTX_DAG_RUN_ID='scheduled__2025-09-28T21:00:00+00:00'
[2025-09-28T23:15:05.113+0200] {taskinstance.py:430} INFO - ::endgroup::
[2025-09-28T23:15:05.129+0200] {subprocess.py:63} INFO - Tmp dir root location: /tmp
[2025-09-28T23:15:05.130+0200] {subprocess.py:75} INFO - Running command: ['/usr/bin/bash', '-c', "docker exec dbt bash -lc 'cd /usr/app && dbt deps --profiles-dir /root/.dbt'"]
[2025-09-28T23:15:05.148+0200] {subprocess.py:86} INFO - Output:
[2025-09-28T23:15:08.838+0200] {subprocess.py:93} INFO - [0m21:15:08  Running with dbt=1.8.3
[2025-09-28T23:15:09.818+0200] {subprocess.py:93} INFO - [0m21:15:09  Installing dbt-labs/dbt_utils
[2025-09-28T23:15:15.621+0200] {subprocess.py:93} INFO - [0m21:15:15  Installed from version 1.3.1
[2025-09-28T23:15:15.622+0200] {subprocess.py:93} INFO - [0m21:15:15  Up to date!
[2025-09-28T23:15:16.706+0200] {subprocess.py:97} INFO - Command exited with return code 0
[2025-09-28T23:15:16.708+0200] {taskinstance.py:441} INFO - ::group::Post task execution logs
[2025-09-28T23:15:16.758+0200] {taskinstance.py:1206} INFO - Marking task as SUCCESS. dag_id=etl_api_to_bi, task_id=dbt_deps, run_id=scheduled__2025-09-28T21:00:00+00:00, execution_date=20250928T210000, start_date=20250928T211504, end_date=20250928T211516
[2025-09-28T23:15:16.801+0200] {local_task_job_runner.py:243} INFO - Task exited with return code 0
[2025-09-28T23:15:16.861+0200] {taskinstance.py:3503} INFO - 1 downstream tasks scheduled from follow-on schedule check
[2025-09-28T23:15:16.868+0200] {local_task_job_runner.py:222} INFO - ::endgroup::
